###############################################################################
#
# IAR ELF Linker V7.80.4.12462/W32 for ARM                22/Mar/2017  10:12:13
# Copyright 2007-2017 IAR Systems AB.
#
#    Output file  =  
#        C:\Users\wrende\Dropbox\School\Trimester 2\Ambient
#        Intelligence\Embedded\Project\Nucleo-project\nucleo\EWARM\nucleo\Exe\nucleo.out
#    Map file     =  
#        C:\Users\wrende\Dropbox\School\Trimester 2\Ambient
#        Intelligence\Embedded\Project\Nucleo-project\nucleo\EWARM\nucleo\List\nucleo.map
#    Command line =  
#        "C:\Users\wrende\Dropbox\School\Trimester 2\Ambient
#        Intelligence\Embedded\Project\Nucleo-project\nucleo\EWARM\nucleo\Obj\main.o"
#        "C:\Users\wrende\Dropbox\School\Trimester 2\Ambient
#        Intelligence\Embedded\Project\Nucleo-project\nucleo\EWARM\nucleo\Obj\startup_stm32l152xe.o"
#        "C:\Users\wrende\Dropbox\School\Trimester 2\Ambient
#        Intelligence\Embedded\Project\Nucleo-project\nucleo\EWARM\nucleo\Obj\stm32l1xx_hal.o"
#        "C:\Users\wrende\Dropbox\School\Trimester 2\Ambient
#        Intelligence\Embedded\Project\Nucleo-project\nucleo\EWARM\nucleo\Obj\stm32l1xx_hal_cortex.o"
#        "C:\Users\wrende\Dropbox\School\Trimester 2\Ambient
#        Intelligence\Embedded\Project\Nucleo-project\nucleo\EWARM\nucleo\Obj\stm32l1xx_hal_dma.o"
#        "C:\Users\wrende\Dropbox\School\Trimester 2\Ambient
#        Intelligence\Embedded\Project\Nucleo-project\nucleo\EWARM\nucleo\Obj\stm32l1xx_hal_flash.o"
#        "C:\Users\wrende\Dropbox\School\Trimester 2\Ambient
#        Intelligence\Embedded\Project\Nucleo-project\nucleo\EWARM\nucleo\Obj\stm32l1xx_hal_flash_ex.o"
#        "C:\Users\wrende\Dropbox\School\Trimester 2\Ambient
#        Intelligence\Embedded\Project\Nucleo-project\nucleo\EWARM\nucleo\Obj\stm32l1xx_hal_flash_ramfunc.o"
#        "C:\Users\wrende\Dropbox\School\Trimester 2\Ambient
#        Intelligence\Embedded\Project\Nucleo-project\nucleo\EWARM\nucleo\Obj\stm32l1xx_hal_gpio.o"
#        "C:\Users\wrende\Dropbox\School\Trimester 2\Ambient
#        Intelligence\Embedded\Project\Nucleo-project\nucleo\EWARM\nucleo\Obj\stm32l1xx_hal_i2c.o"
#        "C:\Users\wrende\Dropbox\School\Trimester 2\Ambient
#        Intelligence\Embedded\Project\Nucleo-project\nucleo\EWARM\nucleo\Obj\stm32l1xx_hal_msp.o"
#        "C:\Users\wrende\Dropbox\School\Trimester 2\Ambient
#        Intelligence\Embedded\Project\Nucleo-project\nucleo\EWARM\nucleo\Obj\stm32l1xx_hal_pcd.o"
#        "C:\Users\wrende\Dropbox\School\Trimester 2\Ambient
#        Intelligence\Embedded\Project\Nucleo-project\nucleo\EWARM\nucleo\Obj\stm32l1xx_hal_pcd_ex.o"
#        "C:\Users\wrende\Dropbox\School\Trimester 2\Ambient
#        Intelligence\Embedded\Project\Nucleo-project\nucleo\EWARM\nucleo\Obj\stm32l1xx_hal_pwr.o"
#        "C:\Users\wrende\Dropbox\School\Trimester 2\Ambient
#        Intelligence\Embedded\Project\Nucleo-project\nucleo\EWARM\nucleo\Obj\stm32l1xx_hal_pwr_ex.o"
#        "C:\Users\wrende\Dropbox\School\Trimester 2\Ambient
#        Intelligence\Embedded\Project\Nucleo-project\nucleo\EWARM\nucleo\Obj\stm32l1xx_hal_rcc.o"
#        "C:\Users\wrende\Dropbox\School\Trimester 2\Ambient
#        Intelligence\Embedded\Project\Nucleo-project\nucleo\EWARM\nucleo\Obj\stm32l1xx_hal_rcc_ex.o"
#        "C:\Users\wrende\Dropbox\School\Trimester 2\Ambient
#        Intelligence\Embedded\Project\Nucleo-project\nucleo\EWARM\nucleo\Obj\stm32l1xx_hal_tim.o"
#        "C:\Users\wrende\Dropbox\School\Trimester 2\Ambient
#        Intelligence\Embedded\Project\Nucleo-project\nucleo\EWARM\nucleo\Obj\stm32l1xx_hal_tim_ex.o"
#        "C:\Users\wrende\Dropbox\School\Trimester 2\Ambient
#        Intelligence\Embedded\Project\Nucleo-project\nucleo\EWARM\nucleo\Obj\stm32l1xx_hal_uart.o"
#        "C:\Users\wrende\Dropbox\School\Trimester 2\Ambient
#        Intelligence\Embedded\Project\Nucleo-project\nucleo\EWARM\nucleo\Obj\stm32l1xx_it.o"
#        "C:\Users\wrende\Dropbox\School\Trimester 2\Ambient
#        Intelligence\Embedded\Project\Nucleo-project\nucleo\EWARM\nucleo\Obj\system_stm32l1xx.o"
#        --redirect _Printf=_PrintfFull --redirect _Scanf=_ScanfFull -o
#        "C:\Users\wrende\Dropbox\School\Trimester 2\Ambient
#        Intelligence\Embedded\Project\Nucleo-project\nucleo\EWARM\nucleo\Exe\nucleo.out"
#        --map "C:\Users\wrende\Dropbox\School\Trimester 2\Ambient
#        Intelligence\Embedded\Project\Nucleo-project\nucleo\EWARM\nucleo\List\nucleo.map"
#        --config "C:\Users\wrende\Dropbox\School\Trimester 2\Ambient
#        Intelligence\Embedded\Project\Nucleo-project\nucleo\EWARM/stm32l152xe_flash.icf"
#        --semihosting --entry __iar_program_start --vfe
#
###############################################################################

*******************************************************************************
*** RUNTIME MODEL ATTRIBUTES
***

CppFlavor                     = *
__Heap_Handler                = Basic
__SystemLibrary               = DLib
__dlib_dynamic_initialization = normal


*******************************************************************************
*** PLACEMENT SUMMARY
***

"A0":  place at 0x08000000 { ro section .intvec };
"P1":  place in [from 0x08000000 to 0x0807ffff] { ro };
"P2":  place in [from 0x20000000 to 0x20013fff] { rw, block CSTACK, block HEAP };
initialize by copy { rw };

  Section             Kind        Address    Size  Object
  -------             ----        -------    ----  ------
"A0":                                       0x124
  .intvec             ro code  0x08000000   0x124  startup_stm32l152xe.o [1]
                             - 0x08000124   0x124

"P1":                                      0x35bd
  .text               ro code  0x08000124  0x119a  xprintffull.o [3]
  .text               ro code  0x080012be    0x20  xmbtowc.o [3]
  .text               ro code  0x080012e0    0x16  strchr.o [5]
  .text               ro code  0x080012f8    0x36  strlen.o [5]
  .text               ro code  0x08001330    0x58  memchr.o [5]
  .text               ro code  0x08001388     0xa  xmbcurmax.o [3]
  .text               ro code  0x08001394    0xb0  xxmemxmalloc.o [3]
  .text               ro code  0x08001444    0x1a  xwctomb.o [3]
  .text               ro code  0x08001460    0x76  ABImemcpy_unaligned.o [5]
  .text               ro code  0x080014d8    0x80  xxmemxfree.o [3]
  .text               ro code  0x08001558    0xee  I64DivMod.o [5]
  .text               ro code  0x08001646    0x44  xdnorm.o [4]
  .text               ro code  0x0800168c    0x2e  DblCmpLe.o [4]
  .text               ro code  0x080016bc    0x2e  DblCmpGe.o [4]
  .text               ro code  0x080016ec   0x10c  xdscale.o [4]
  .text               ro code  0x080017f8    0x58  DblToI32.o [4]
  .text               ro code  0x08001850    0x30  I32ToDbl.o [4]
  .text               ro code  0x08001880   0x180  DblSub.o [4]
  .text               ro code  0x08001a00   0x1a2  DblMul.o [4]
  .text               ro code  0x08001ba4   0x256  DblDiv.o [4]
  .text               ro code  0x08001dfc    0x6c  localeconv.o [3]
  .text               ro code  0x08001e68     0xe  div.o [3]
  .text               ro code  0x08001e78    0x14  setlocale.o [3]
  .text               ro code  0x08001e8c    0x60  xencoding_sb.o [3]
  .text               ro code  0x08001eec    0x2c  xgetmemchunk.o [3]
  .text               ro code  0x08001f18     0x2  I64DivZer.o [5]
  .text               ro code  0x08001f1c    0xd4  DblAdd.o [4]
  .text               ro code  0x08001ff0     0x2  xtls.o [3]
  .text               ro code  0x08001ff4   0x61c  stm32l1xx_hal_rcc.o [1]
  .text               ro code  0x08002610     0xc  stm32l1xx_hal.o [1]
  .text               ro code  0x0800261c    0x28  stm32l1xx_hal.o [1]
  .text               ro code  0x08002644    0x10  stm32l1xx_hal_pwr_ex.o [1]
  .text               ro code  0x08002654    0xde  stm32l1xx_hal_cortex.o [1]
  .text               ro code  0x08002734   0x3ec  main.o [1]
  .text               ro code  0x08002b20    0x16  stm32l1xx_hal.o [1]
  .text               ro code  0x08002b38   0x1dc  stm32l1xx_hal_gpio.o [1]
  .text               ro code  0x08002d14   0x126  stm32l1xx_hal_i2c.o [1]
  .text               ro code  0x08002e3c    0xa0  stm32l1xx_hal_pcd.o [1]
  .text               ro code  0x08002edc   0x33e  stm32l1xx_hal_uart.o [1]
  .text               ro code  0x0800321c    0x24  printf.o [3]
  .text               ro code  0x08003240   0x1a0  stm32l1xx_hal_msp.o [1]
  .text               ro code  0x080033e0    0x64  system_stm32l1xx.o [1]
  .text               ro code  0x08003444    0x40  zero_init3.o [5]
  .text               ro code  0x08003484    0x38  packbits_init_single.o [5]
  .text               ro code  0x080034bc    0x28  data_init.o [5]
  .iar.init_table     const    0x080034e4    0x20  - Linker created -
  .text               ro code  0x08003504    0x1a  cmain.o [5]
  .text               ro code  0x0800351e     0x4  low_level_init.o [3]
  .text               ro code  0x08003522     0x4  exit.o [3]
  .text               ro code  0x08003528     0xa  cexit.o [5]
  .text               ro code  0x08003534    0x14  exit.o [6]
  .text               ro code  0x08003548    0x16  stm32l1xx_it.o [1]
  .text               ro code  0x08003560    0x10  stm32l1xx_hal.o [1]
  .text               ro code  0x08003570    0x16  xprout.o [3]
  .text               ro code  0x08003588     0xc  putchar.o [3]
  .text               ro code  0x08003594    0x10  startup_stm32l152xe.o [1]
  .text               ro code  0x080035a4     0xc  cstartup_M.o [5]
  .rodata             const    0x080035b0     0x8  system_stm32l1xx.o [1]
  .text               ro code  0x080035b8     0x4  startup_stm32l152xe.o [1]
  .text               ro code  0x080035bc     0x4  startup_stm32l152xe.o [1]
  .text               ro code  0x080035c0     0x4  startup_stm32l152xe.o [1]
  .text               ro code  0x080035c4     0x4  startup_stm32l152xe.o [1]
  .text               ro code  0x080035c8     0x4  startup_stm32l152xe.o [1]
  .text               ro code  0x080035cc     0x4  startup_stm32l152xe.o [1]
  .text               ro code  0x080035d0     0x4  startup_stm32l152xe.o [1]
  .text               ro code  0x080035d4     0x4  startup_stm32l152xe.o [1]
  .text               ro code  0x080035d8     0x4  startup_stm32l152xe.o [1]
  .text               ro code  0x080035dc     0x4  startup_stm32l152xe.o [1]
  .text               ro code  0x080035e0     0x4  startup_stm32l152xe.o [1]
  .text               ro code  0x080035e4     0x4  startup_stm32l152xe.o [1]
  .text               ro code  0x080035e8     0x4  startup_stm32l152xe.o [1]
  .text               ro code  0x080035ec     0x4  startup_stm32l152xe.o [1]
  .text               ro code  0x080035f0     0x4  startup_stm32l152xe.o [1]
  .text               ro code  0x080035f4     0x4  startup_stm32l152xe.o [1]
  .text               ro code  0x080035f8     0x4  startup_stm32l152xe.o [1]
  .text               ro code  0x080035fc     0x4  startup_stm32l152xe.o [1]
  .text               ro code  0x08003600     0x4  startup_stm32l152xe.o [1]
  .text               ro code  0x08003604     0x4  startup_stm32l152xe.o [1]
  .text               ro code  0x08003608     0x4  startup_stm32l152xe.o [1]
  .text               ro code  0x0800360c     0x4  startup_stm32l152xe.o [1]
  .text               ro code  0x08003610     0x4  startup_stm32l152xe.o [1]
  .text               ro code  0x08003614     0x4  startup_stm32l152xe.o [1]
  .text               ro code  0x08003618     0x4  startup_stm32l152xe.o [1]
  .text               ro code  0x0800361c     0x4  startup_stm32l152xe.o [1]
  .text               ro code  0x08003620     0x4  startup_stm32l152xe.o [1]
  .text               ro code  0x08003624     0x4  startup_stm32l152xe.o [1]
  .text               ro code  0x08003628     0x4  startup_stm32l152xe.o [1]
  .text               ro code  0x0800362c     0x4  startup_stm32l152xe.o [1]
  .text               ro code  0x08003630     0x4  startup_stm32l152xe.o [1]
  .text               ro code  0x08003634     0x4  startup_stm32l152xe.o [1]
  .text               ro code  0x08003638     0x4  startup_stm32l152xe.o [1]
  .text               ro code  0x0800363c     0x4  startup_stm32l152xe.o [1]
  .text               ro code  0x08003640     0x4  startup_stm32l152xe.o [1]
  .text               ro code  0x08003644     0x4  startup_stm32l152xe.o [1]
  .text               ro code  0x08003648     0x4  startup_stm32l152xe.o [1]
  .text               ro code  0x0800364c     0x4  startup_stm32l152xe.o [1]
  .text               ro code  0x08003650     0x4  startup_stm32l152xe.o [1]
  .text               ro code  0x08003654     0x4  startup_stm32l152xe.o [1]
  .text               ro code  0x08003658     0x4  startup_stm32l152xe.o [1]
  .text               ro code  0x0800365c     0x4  startup_stm32l152xe.o [1]
  .text               ro code  0x08003660     0x4  startup_stm32l152xe.o [1]
  .text               ro code  0x08003664     0x4  startup_stm32l152xe.o [1]
  .text               ro code  0x08003668     0x4  startup_stm32l152xe.o [1]
  .text               ro code  0x0800366c     0x4  startup_stm32l152xe.o [1]
  .text               ro code  0x08003670     0x4  startup_stm32l152xe.o [1]
  .text               ro code  0x08003674     0x4  startup_stm32l152xe.o [1]
  .text               ro code  0x08003678     0x4  startup_stm32l152xe.o [1]
  .text               ro code  0x0800367c     0x4  startup_stm32l152xe.o [1]
  .text               ro code  0x08003680     0x4  startup_stm32l152xe.o [1]
  .text               ro code  0x08003684     0x4  startup_stm32l152xe.o [1]
  .text               ro code  0x08003688     0x4  startup_stm32l152xe.o [1]
  .text               ro code  0x0800368c     0x4  startup_stm32l152xe.o [1]
  .text               ro code  0x08003690     0x4  startup_stm32l152xe.o [1]
  .text               ro code  0x08003694     0x4  startup_stm32l152xe.o [1]
  .text               ro code  0x08003698     0x4  startup_stm32l152xe.o [1]
  .text               ro code  0x0800369c     0x4  startup_stm32l152xe.o [1]
  .text               ro code  0x080036a0     0x4  startup_stm32l152xe.o [1]
  .text               ro code  0x080036a4     0x4  startup_stm32l152xe.o [1]
  .text               ro code  0x080036a8     0x4  startup_stm32l152xe.o [1]
  .text               ro code  0x080036ac     0x4  startup_stm32l152xe.o [1]
  .rodata             const    0x080036b0     0x0  zero_init3.o [5]
  .rodata             const    0x080036b0     0x0  packbits_init_single.o [5]
  Initializer bytes   const    0x080036b0    0x31  <for P2-1>
                             - 0x080036e1  0x35bd

"P2", part 1 of 3:                          0x140
  P2-1                         0x20000000   0x140  <Init block>
    .data             inited   0x20000000     0x4  system_stm32l1xx.o [1]
    .data             inited   0x20000004    0x40  xfiles.o [3]
    __DLIB_PERTHREAD  inited   0x20000044    0x88  localeconv.o [3]
    __DLIB_PERTHREAD  inited   0x200000cc    0x74  setlocale.o [3]
                             - 0x20000140   0x140

"P2", part 2 of 3:                          0x600
  CSTACK                       0x20000140   0x400  <Block>
    CSTACK            uninit   0x20000140   0x400  <Block tail>
  HEAP                         0x20000540   0x200  <Block>
    HEAP              uninit   0x20000540   0x200  <Block tail>
                             - 0x20000740   0x600

"P2", part 3 of 3:                          0x3a8
  .bss                zero     0x20000740   0x2c8  main.o [1]
  .bss                zero     0x20000a08    0x50  xfiles.o [3]
  .bss                zero     0x20000a58    0x40  main.o [1]
  .bss                zero     0x20000a98    0x40  main.o [1]
  .bss                zero     0x20000ad8     0x8  xxmemxmalloc.o [3]
  .bss                zero     0x20000ae0     0x4  stm32l1xx_hal.o [1]
  .bss                zero     0x20000ae4     0x4  xgetmemchunk.o [3]
                             - 0x20000ae8   0x3a8


*******************************************************************************
*** INIT TABLE
***

          Address     Size
          -------     ----
Zero (__iar_zero_init3)
    1 destination range, total size 0x3a8:
          0x20000740  0x3a8

Copy/packbits (__iar_packbits_init_single3)
    1 source range, total size 0x31 (15% of destination):
          0x080036b0   0x31
    1 destination range, total size 0x140:
          0x20000000  0x140



*******************************************************************************
*** MODULE SUMMARY
***

    Module                  ro code  ro data  rw data
    ------                  -------  -------  -------
C:\Users\wrende\Dropbox\School\Trimester 2\Ambient Intelligence\Embedded\Project\Nucleo-project\nucleo\EWARM\nucleo\Obj: [1]
    main.o                    1 004               840
    startup_stm32l152xe.o       556
    stm32l1xx_hal.o              90                 4
    stm32l1xx_hal_cortex.o      222
    stm32l1xx_hal_gpio.o        476
    stm32l1xx_hal_i2c.o         294
    stm32l1xx_hal_msp.o         416
    stm32l1xx_hal_pcd.o         160
    stm32l1xx_hal_pwr_ex.o       16
    stm32l1xx_hal_rcc.o       1 564
    stm32l1xx_hal_uart.o        830
    stm32l1xx_it.o               22
    system_stm32l1xx.o          100        8        4
    -------------------------------------------------
    Total:                    5 750        8      848

command line: [2]
    -------------------------------------------------
    Total:

dl7M_tlf.a: [3]
    div.o                        14
    exit.o                        4
    localeconv.o                108       21      136
    low_level_init.o              4
    printf.o                     36
    putchar.o                    12
    setlocale.o                  20       18      116
    xencoding_sb.o               96
    xfiles.o                              10      144
    xgetmemchunk.o               44                 4
    xmbcurmax.o                  10
    xmbtowc.o                    32
    xprintffull.o             4 506
    xprout.o                     22
    xtls.o                        2
    xwctomb.o                    26
    xxmemxfree.o                128
    xxmemxmalloc.o              176                 8
    -------------------------------------------------
    Total:                    5 240       49      408

m7M_tl.a: [4]
    DblAdd.o                    212
    DblCmpGe.o                   46
    DblCmpLe.o                   46
    DblDiv.o                    598
    DblMul.o                    418
    DblSub.o                    384
    DblToI32.o                   88
    I32ToDbl.o                   48
    xdnorm.o                     68
    xdscale.o                   268
    -------------------------------------------------
    Total:                    2 176

rt7M_tl.a: [5]
    ABImemcpy_unaligned.o       118
    I64DivMod.o                 238
    I64DivZer.o                   2
    cexit.o                      10
    cmain.o                      26
    cstartup_M.o                 12
    data_init.o                  40
    memchr.o                     88
    packbits_init_single.o       56
    strchr.o                     22
    strlen.o                     54
    zero_init3.o                 64
    -------------------------------------------------
    Total:                      730

shb_l.a: [6]
    exit.o                       20
    -------------------------------------------------
    Total:                       20

    Gaps                         44
    Linker created                        32    1 536
-----------------------------------------------------
    Grand Total:             13 960       89    2 792


*******************************************************************************
*** ENTRY LIST
***

Entry                      Address   Size  Type      Object
-----                      -------   ----  ----      ------
.iar.init_table$$Base   0x080034e4          --   Gb  - Linker created -
.iar.init_table$$Limit  0x08003504          --   Gb  - Linker created -
?main                   0x08003505         Code  Gb  cmain.o [5]
AHBPrescTable           0x08003434   0x10  Data  Gb  system_stm32l1xx.o [1]
APBPrescTable           0x080035b0    0x8  Data  Gb  system_stm32l1xx.o [1]
CSTACK$$Base            0x20000140          --   Gb  - Linker created -
CSTACK$$Limit           0x20000540          --   Gb  - Linker created -
EXTI15_10_IRQHandler    0x08003557    0x8  Code  Gb  stm32l1xx_it.o [1]
Error_Handler           0x08002941   0x1a  Code  Gb  main.o [1]
HAL_GPIO_EXTI_Callback  0x0800295b   0x58  Code  Gb  main.o [1]
HAL_GPIO_EXTI_IRQHandler
                        0x08002cd5   0x10  Code  Gb  stm32l1xx_hal_gpio.o [1]
HAL_GPIO_Init           0x08002b39  0x182  Code  Gb  stm32l1xx_hal_gpio.o [1]
HAL_GPIO_TogglePin      0x08002ccd    0x8  Code  Gb  stm32l1xx_hal_gpio.o [1]
HAL_GPIO_WritePin       0x08002cc5    0x8  Code  Gb  stm32l1xx_hal_gpio.o [1]
HAL_GetTick             0x08002611    0xc  Code  Wk  stm32l1xx_hal.o [1]
HAL_I2C_Init            0x08002d15  0x106  Code  Gb  stm32l1xx_hal_i2c.o [1]
HAL_I2C_MspInit         0x080032d9   0x4a  Code  Gb  stm32l1xx_hal_msp.o [1]
HAL_IncTick             0x08003561   0x10  Code  Wk  stm32l1xx_hal.o [1]
HAL_Init                0x08002b21   0x16  Code  Gb  stm32l1xx_hal.o [1]
HAL_InitTick            0x0800261d   0x28  Code  Wk  stm32l1xx_hal.o [1]
HAL_MspInit             0x08003241   0x98  Code  Gb  stm32l1xx_hal_msp.o [1]
HAL_NVIC_EnableIRQ      0x080026c3    0xc  Code  Gb  stm32l1xx_hal_cortex.o [1]
HAL_NVIC_SetPriority    0x08002689   0x3a  Code  Gb  stm32l1xx_hal_cortex.o [1]
HAL_NVIC_SetPriorityGrouping
                        0x0800266f   0x1a  Code  Gb  stm32l1xx_hal_cortex.o [1]
HAL_PCD_Init            0x08002e3d   0x94  Code  Gb  stm32l1xx_hal_pcd.o [1]
HAL_PCD_MspInit         0x08003399   0x22  Code  Gb  stm32l1xx_hal_msp.o [1]
HAL_PWREx_GetVoltageRange
                        0x08002645    0xa  Code  Gb  stm32l1xx_hal_pwr_ex.o [1]
HAL_RCC_ClockConfig     0x0800238b  0x134  Code  Gb  stm32l1xx_hal_rcc.o [1]
HAL_RCC_GetHCLKFreq     0x08002541    0x6  Code  Gb  stm32l1xx_hal_rcc.o [1]
HAL_RCC_GetPCLK1Freq    0x08002547   0x10  Code  Gb  stm32l1xx_hal_rcc.o [1]
HAL_RCC_GetPCLK2Freq    0x08002557    0xe  Code  Gb  stm32l1xx_hal_rcc.o [1]
HAL_RCC_GetSysClockFreq
                        0x080024ed   0x54  Code  Gb  stm32l1xx_hal_rcc.o [1]
HAL_RCC_OscConfig       0x08001ff5  0x360  Code  Gb  stm32l1xx_hal_rcc.o [1]
HAL_SYSTICK_CLKSourceConfig
                        0x080026ff   0x14  Code  Gb  stm32l1xx_hal_cortex.o [1]
HAL_SYSTICK_Callback    0x08002731    0x2  Code  Wk  stm32l1xx_hal_cortex.o [1]
HAL_SYSTICK_Config      0x080026d7   0x28  Code  Gb  stm32l1xx_hal_cortex.o [1]
HAL_SYSTICK_IRQHandler  0x0800272d    0x4  Code  Gb  stm32l1xx_hal_cortex.o [1]
HAL_UART_GetState       0x0800300d    0x6  Code  Gb  stm32l1xx_hal_uart.o [1]
HAL_UART_Init           0x08002edd   0x22  Code  Gb  stm32l1xx_hal_uart.o [1]
HAL_UART_MspInit        0x0800333b   0x5e  Code  Gb  stm32l1xx_hal_msp.o [1]
HAL_UART_Transmit       0x08002f53   0x90  Code  Gb  stm32l1xx_hal_uart.o [1]
HEAP$$Base              0x20000540          --   Gb  - Linker created -
HEAP$$Limit             0x20000740          --   Gb  - Linker created -
LoadInt                 0x0800079b   0x6e  Code  Lc  xprintffull.o [3]
NVIC_SetPriority        0x08002655   0x1a  Code  Lc  stm32l1xx_hal_cortex.o [1]
PLLMulTable             0x08003428    0xc  Data  Gb  system_stm32l1xx.o [1]
RCC_SetFlashLatencyFromMSIRange
                        0x0800256b   0x6e  Code  Lc  stm32l1xx_hal_rcc.o [1]
Region$$Table$$Base     0x080034e4          --   Gb  - Linker created -
Region$$Table$$Limit    0x08003504          --   Gb  - Linker created -
SysTick_Handler         0x08003549    0xe  Code  Gb  stm32l1xx_it.o [1]
SystemClock_Config      0x080028a5   0x88  Code  Gb  main.o [1]
SystemCoreClock         0x20000000    0x4  Data  Gb  system_stm32l1xx.o [1]
SystemInit              0x080033e1   0x38  Code  Gb  system_stm32l1xx.o [1]
UART_SetConfig          0x080030ad  0x130  Code  Lc  stm32l1xx_hal_uart.o [1]
UART_WaitOnFlagUntilTimeout
                        0x08003013   0x8a  Code  Lc  stm32l1xx_hal_uart.o [1]
_EncodingSb_Mbtowc      0x08001ea7   0x30  Code  Gb  xencoding_sb.o [3]
_EncodingSb_Mbtowc::initial
                        0x08001ee4    0x8  Data  Lc  xencoding_sb.o [3]
_EncodingSb_Wctomb      0x08001e8d   0x1a  Code  Gb  xencoding_sb.o [3]
_EncodingSb_Wctomb::initial
                        0x08001edc    0x8  Data  Lc  xencoding_sb.o [3]
_GenldFull              0x08001021  0x254  Code  Lc  xprintffull.o [3]
_IsdstStr               0x200000d0    0x4  Data  Gb  setlocale.o [3]
_LdtobFull              0x08000c21  0x3fa  Code  Lc  xprintffull.o [3]
_LitobFull              0x08000b15  0x10a  Code  Lc  xprintffull.o [3]
_LocaleEncoding         0x08001e79    0xe  Code  Gb  setlocale.o [3]
_LocaleReturnString     0x200000f0   0x50  Data  Lc  setlocale.o [3]
_Locale_Profile         0x200000d4   0x1c  Data  Gb  setlocale.o [3]
_Locale_aeabi_lconv     0x20000094   0x38  Data  Gb  localeconv.o [3]
_Locale_lconv           0x20000044   0x50  Data  Gb  localeconv.o [3]
_Mbtowc                 0x080012bf   0x20  Code  Gb  xmbtowc.o [3]
_PrintfFull             0x08000125  0x660  Code  Gb  xprintffull.o [3]
_Prout                  0x08003571   0x16  Code  Gb  xprout.o [3]
_PutcharsFull           0x08001275   0x2e  Code  Lc  xprintffull.o [3]
_PutstrFull             0x08000809  0x306  Code  Lc  xprintffull.o [3]
_TzoneStr               0x200000cc    0x4  Data  Gb  setlocale.o [3]
_Wctomb                 0x08001445   0x1a  Code  Gb  xwctomb.o [3]
__aeabi_cdcmple         0x0800168d         Code  Gb  DblCmpLe.o [4]
__aeabi_cdrcmple        0x080016bd         Code  Gb  DblCmpGe.o [4]
__aeabi_d2iz            0x080017f9         Code  Gb  DblToI32.o [4]
__aeabi_d2uiz           0x08001825         Code  Gb  DblToI32.o [4]
__aeabi_ddiv            0x08001ba5         Code  Gb  DblDiv.o [4]
__aeabi_dmul            0x08001a01         Code  Gb  DblMul.o [4]
__aeabi_dsub            0x08001881         Code  Gb  DblSub.o [4]
__aeabi_i2d             0x08001851         Code  Gb  I32ToDbl.o [4]
__aeabi_ldiv0           0x08001f19         Code  Gb  I64DivZer.o [5]
__aeabi_ui2d            0x08001865         Code  Gb  I32ToDbl.o [4]
__aeabi_uldivmod        0x08001559         Code  Gb  I64DivMod.o [5]
__cmain                 0x08003505         Code  Gb  cmain.o [5]
__data_Aldata           0x20000ad8    0x8  Data  Gb  xxmemxmalloc.o [3]
__data_GetMemChunk      0x08001eed   0x2c  Code  Gb  xgetmemchunk.o [3]
__data_GetMemChunk::start
                        0x20000ae4    0x4  Data  Lc  xgetmemchunk.o [3]
__exit                  0x08003535   0x14  Code  Gb  exit.o [6]
__iar_Dnorm             0x08001647   0x44  Code  Gb  xdnorm.o [4]
__iar_Dscale            0x080016ed  0x10c  Code  Gb  xdscale.o [4]
__iar_Locale_lconv_init
                        0x08001dfd   0x3a  Code  Gb  localeconv.o [3]
__iar_Mbcurmax          0x08001389    0xa  Code  Gb  xmbcurmax.o [3]
__iar_Memchr            0x08001331         Code  Gb  memchr.o [5]
__iar_Stdout            0x20000004   0x40  Data  Gb  xfiles.o [3]
__iar_Strchr            0x080012e1         Code  Gb  strchr.o [5]
__iar_d2uiz             0x08001831         Code  Gb  DblToI32.o [4]
__iar_dadd              0x08001f1d         Code  Gb  DblAdd.o [4]
__iar_data_init3        0x080034bd   0x28  Code  Gb  data_init.o [5]
__iar_dlib_perthread_access
                        0x08001ff1    0x2  Code  Gb  xtls.o [3]
__iar_dsub              0x08001895         Code  Gb  DblSub.o [4]
__iar_dsubStart         0x080018a7         Code  Gb  DblSub.o [4]
__iar_packbits_init_single3
                        0x08003485   0x38  Code  Gb  packbits_init_single.o [5]
__iar_program_start     0x080035a5         Code  Gb  cstartup_M.o [5]
__iar_ui2d              0x08001869         Code  Gb  I32ToDbl.o [4]
__iar_unaligned___aeabi_memcpy
                        0x08001461         Code  Gb  ABImemcpy_unaligned.o [5]
__iar_unaligned___aeabi_memcpy4
                        0x08001481         Code  Gb  ABImemcpy_unaligned.o [5]
__iar_unaligned___aeabi_memcpy8
                        0x08001481         Code  Gb  ABImemcpy_unaligned.o [5]
__iar_zero_init3        0x08003445   0x40  Code  Gb  zero_init3.o [5]
__low_level_init        0x0800351f    0x4  Code  Gb  low_level_init.o [3]
__vector_table          0x08000000         Data  Gb  startup_stm32l152xe.o [1]
_call_main              0x08003511         Code  Gb  cmain.o [5]
_exit                   0x08003529         Code  Gb  cexit.o [5]
_main                   0x0800351b         Code  Gb  cmain.o [5]
div                     0x08001e69    0xe  Code  Gb  div.o [3]
exit                    0x08003523    0x4  Code  Gb  exit.o [3]
fputc                   0x0800292d   0x14  Code  Gb  main.o [1]
free                    0x080014d9   0x7a  Code  Gb  xxmemxfree.o [3]
hi2c1                   0x20000740   0x54  Data  Gb  main.o [1]
hi2c2                   0x20000794   0x54  Data  Gb  main.o [1]
hpcd_USB_FS             0x200007e8  0x220  Data  Gb  main.o [1]
huart1                  0x20000a58   0x40  Data  Gb  main.o [1]
huart2                  0x20000a98   0x40  Data  Gb  main.o [1]
localeconv              0x08001e37   0x16  Code  Gb  localeconv.o [3]
main                    0x08002735  0x162  Code  Gb  main.o [1]
malloc                  0x08001395   0xac  Code  Gb  xxmemxmalloc.o [3]
memchr                  0x08001331         Code  Gb  memchr.o [5]
obuf                    0x20000a08   0x50  Data  Lc  xfiles.o [3]
printf                  0x0800321d   0x24  Code  Gb  printf.o [3]
putchar                 0x08003589    0xc  Code  Gb  putchar.o [3]
strchr                  0x080012e1         Code  Gb  strchr.o [5]
strlen                  0x080012f9         Code  Gb  strlen.o [5]
uwTick                  0x20000ae0    0x4  Data  Gb  stm32l1xx_hal.o [1]


[1] = C:\Users\wrende\Dropbox\School\Trimester 2\Ambient Intelligence\Embedded\Project\Nucleo-project\nucleo\EWARM\nucleo\Obj
[2] = command line
[3] = dl7M_tlf.a
[4] = m7M_tl.a
[5] = rt7M_tl.a
[6] = shb_l.a

  13 960 bytes of readonly  code memory
      89 bytes of readonly  data memory
   2 792 bytes of readwrite data memory

Errors: none
Warnings: none
