Archive member included to satisfy reference by file (symbol)

/home/clnx/STM32Toolchain/gcc-arm/bin/../lib/gcc/arm-none-eabi/5.4.1/armv7-m/libgcc.a(unwind-arm.o)
                              ./system/src/newlib/_cxx.o (__aeabi_unwind_cpp_pr1)
/home/clnx/STM32Toolchain/gcc-arm/bin/../lib/gcc/arm-none-eabi/5.4.1/armv7-m/libgcc.a(libunwind.o)
                              /home/clnx/STM32Toolchain/gcc-arm/bin/../lib/gcc/arm-none-eabi/5.4.1/armv7-m/libgcc.a(unwind-arm.o) (restore_core_regs)
/home/clnx/STM32Toolchain/gcc-arm/bin/../lib/gcc/arm-none-eabi/5.4.1/armv7-m/libgcc.a(pr-support.o)
                              /home/clnx/STM32Toolchain/gcc-arm/bin/../lib/gcc/arm-none-eabi/5.4.1/armv7-m/libgcc.a(unwind-arm.o) (__gnu_unwind_execute)
/home/clnx/STM32Toolchain/gcc-arm/bin/../lib/gcc/arm-none-eabi/5.4.1/../../../../arm-none-eabi/lib/armv7-m/libg_nano.a(lib_a-errno.o)
                              ./system/src/newlib/_sbrk.o (__errno)
/home/clnx/STM32Toolchain/gcc-arm/bin/../lib/gcc/arm-none-eabi/5.4.1/../../../../arm-none-eabi/lib/armv7-m/libg_nano.a(lib_a-impure.o)
                              /home/clnx/STM32Toolchain/gcc-arm/bin/../lib/gcc/arm-none-eabi/5.4.1/../../../../arm-none-eabi/lib/armv7-m/libg_nano.a(lib_a-errno.o) (_impure_ptr)
/home/clnx/STM32Toolchain/gcc-arm/bin/../lib/gcc/arm-none-eabi/5.4.1/../../../../arm-none-eabi/lib/armv7-m/libg_nano.a(lib_a-init.o)
                              ./system/src/cmsis/startup_stm32l152xe.o (__libc_init_array)
/home/clnx/STM32Toolchain/gcc-arm/bin/../lib/gcc/arm-none-eabi/5.4.1/../../../../arm-none-eabi/lib/armv7-m/libg_nano.a(lib_a-malloc.o)
                              ./src/main.o (malloc)
/home/clnx/STM32Toolchain/gcc-arm/bin/../lib/gcc/arm-none-eabi/5.4.1/../../../../arm-none-eabi/lib/armv7-m/libg_nano.a(lib_a-memcpy-stub.o)
                              ./src/main.o (memcpy)
/home/clnx/STM32Toolchain/gcc-arm/bin/../lib/gcc/arm-none-eabi/5.4.1/../../../../arm-none-eabi/lib/armv7-m/libg_nano.a(lib_a-memset.o)
                              ./src/main.o (memset)
/home/clnx/STM32Toolchain/gcc-arm/bin/../lib/gcc/arm-none-eabi/5.4.1/../../../../arm-none-eabi/lib/armv7-m/libg_nano.a(lib_a-nano-freer.o)
                              /home/clnx/STM32Toolchain/gcc-arm/bin/../lib/gcc/arm-none-eabi/5.4.1/../../../../arm-none-eabi/lib/armv7-m/libg_nano.a(lib_a-malloc.o) (_free_r)
/home/clnx/STM32Toolchain/gcc-arm/bin/../lib/gcc/arm-none-eabi/5.4.1/../../../../arm-none-eabi/lib/armv7-m/libg_nano.a(lib_a-nano-mallocr.o)
                              /home/clnx/STM32Toolchain/gcc-arm/bin/../lib/gcc/arm-none-eabi/5.4.1/../../../../arm-none-eabi/lib/armv7-m/libg_nano.a(lib_a-malloc.o) (_malloc_r)
/home/clnx/STM32Toolchain/gcc-arm/bin/../lib/gcc/arm-none-eabi/5.4.1/../../../../arm-none-eabi/lib/armv7-m/libg_nano.a(lib_a-realloc.o)
                              ./src/main.o (realloc)
/home/clnx/STM32Toolchain/gcc-arm/bin/../lib/gcc/arm-none-eabi/5.4.1/../../../../arm-none-eabi/lib/armv7-m/libg_nano.a(lib_a-sbrkr.o)
                              /home/clnx/STM32Toolchain/gcc-arm/bin/../lib/gcc/arm-none-eabi/5.4.1/../../../../arm-none-eabi/lib/armv7-m/libg_nano.a(lib_a-nano-mallocr.o) (_sbrk_r)
/home/clnx/STM32Toolchain/gcc-arm/bin/../lib/gcc/arm-none-eabi/5.4.1/../../../../arm-none-eabi/lib/armv7-m/libg_nano.a(lib_a-sprintf.o)
                              ./src/main.o (sprintf)
/home/clnx/STM32Toolchain/gcc-arm/bin/../lib/gcc/arm-none-eabi/5.4.1/../../../../arm-none-eabi/lib/armv7-m/libg_nano.a(lib_a-strlen.o)
                              ./system/src/diag/Trace.o (strlen)
/home/clnx/STM32Toolchain/gcc-arm/bin/../lib/gcc/arm-none-eabi/5.4.1/../../../../arm-none-eabi/lib/armv7-m/libg_nano.a(lib_a-strtol.o)
                              ./src/main.o (strtol)
/home/clnx/STM32Toolchain/gcc-arm/bin/../lib/gcc/arm-none-eabi/5.4.1/../../../../arm-none-eabi/lib/armv7-m/libg_nano.a(lib_a-vsnprintf.o)
                              ./system/src/diag/Trace.o (vsnprintf)
/home/clnx/STM32Toolchain/gcc-arm/bin/../lib/gcc/arm-none-eabi/5.4.1/../../../../arm-none-eabi/lib/armv7-m/libg_nano.a(lib_a-locale.o)
                              /home/clnx/STM32Toolchain/gcc-arm/bin/../lib/gcc/arm-none-eabi/5.4.1/../../../../arm-none-eabi/lib/armv7-m/libg_nano.a(lib_a-strtol.o) (__locale_ctype_ptr_l)
/home/clnx/STM32Toolchain/gcc-arm/bin/../lib/gcc/arm-none-eabi/5.4.1/../../../../arm-none-eabi/lib/armv7-m/libg_nano.a(lib_a-mbtowc_r.o)
                              /home/clnx/STM32Toolchain/gcc-arm/bin/../lib/gcc/arm-none-eabi/5.4.1/../../../../arm-none-eabi/lib/armv7-m/libg_nano.a(lib_a-locale.o) (__ascii_mbtowc)
/home/clnx/STM32Toolchain/gcc-arm/bin/../lib/gcc/arm-none-eabi/5.4.1/../../../../arm-none-eabi/lib/armv7-m/libg_nano.a(lib_a-mlock.o)
                              /home/clnx/STM32Toolchain/gcc-arm/bin/../lib/gcc/arm-none-eabi/5.4.1/../../../../arm-none-eabi/lib/armv7-m/libg_nano.a(lib_a-nano-freer.o) (__malloc_lock)
[...]
Memory Configuration

Name             Origin             Length             Attributes
FLASH            0x08000000         0x00080000         xr
RAM              0x20000000         0x00014000         xrw
CCMRAM           0x10000000         0x00000000         xrw
FLASHB1          0x00000000         0x00000000         xr
EXTMEMB0         0x00000000         0x00000000         xr
EXTMEMB1         0x00000000         0x00000000         xr
EXTMEMB2         0x00000000         0x00000000         xr
EXTMEMB3         0x00000000         0x00000000         xr
*default*        0x00000000         0xffffffff

Linker script and memory map

LOAD ./system/src/stm32l1xx/stm32l1xx_hal.o
LOAD ./system/src/stm32l1xx/stm32l1xx_hal_cortex.o
LOAD ./system/src/stm32l1xx/stm32l1xx_hal_dma.o
LOAD ./system/src/stm32l1xx/stm32l1xx_hal_flash.o
LOAD ./system/src/stm32l1xx/stm32l1xx_hal_flash_ex.o
LOAD ./system/src/stm32l1xx/stm32l1xx_hal_flash_ramfunc.o
LOAD ./system/src/stm32l1xx/stm32l1xx_hal_gpio.o
LOAD ./system/src/stm32l1xx/stm32l1xx_hal_i2c.o
LOAD ./system/src/stm32l1xx/stm32l1xx_hal_pwr.o
LOAD ./system/src/stm32l1xx/stm32l1xx_hal_pwr_ex.o
LOAD ./system/src/stm32l1xx/stm32l1xx_hal_rcc.o
LOAD ./system/src/stm32l1xx/stm32l1xx_hal_rcc_ex.o
LOAD ./system/src/stm32l1xx/stm32l1xx_hal_tim.o
LOAD ./system/src/stm32l1xx/stm32l1xx_hal_tim_ex.o
LOAD ./system/src/stm32l1xx/stm32l1xx_hal_uart.o
LOAD ./system/src/newlib/_cxx.o
LOAD ./system/src/newlib/_exit.o
LOAD ./system/src/newlib/_sbrk.o
LOAD ./system/src/newlib/_startup.o
LOAD ./system/src/newlib/_syscalls.o
LOAD ./system/src/newlib/assert.o
LOAD ./system/src/diag/Trace.o
LOAD ./system/src/diag/trace_impl.o
LOAD ./system/src/cortexm/_initialize_hardware.o
LOAD ./system/src/cortexm/_reset_hardware.o
LOAD ./system/src/cortexm/exception_handlers.o
LOAD ./system/src/cmsis/startup_stm32l152xe.o
LOAD ./system/src/cmsis/system_stm32l1xx.o
LOAD ./src/main.o
LOAD ./src/stm32l1xx_hal_msp.o
LOAD ./src/stm32l1xx_it.o
LOAD /home/clnx/STM32Toolchain/gcc-arm/bin/../lib/gcc/arm-none-eabi/5.4.1/../../../../arm-none-eabi/lib/armv7-m/libstdc++_nano.a
LOAD /home/clnx/STM32Toolchain/gcc-arm/bin/../lib/gcc/arm-none-eabi/5.4.1/../../../../arm-none-eabi/lib/armv7-m/libm.a
START GROUP
LOAD /home/clnx/STM32Toolchain/gcc-arm/bin/../lib/gcc/arm-none-eabi/5.4.1/armv7-m/libgcc.a
LOAD /home/clnx/STM32Toolchain/gcc-arm/bin/../lib/gcc/arm-none-eabi/5.4.1/../../../../arm-none-eabi/lib/armv7-m/libg_nano.a
LOAD /home/clnx/STM32Toolchain/gcc-arm/bin/../lib/gcc/arm-none-eabi/5.4.1/../../../../arm-none-eabi/lib/armv7-m/libc_nano.a
END GROUP
START GROUP
LOAD /home/clnx/STM32Toolchain/gcc-arm/bin/../lib/gcc/arm-none-eabi/5.4.1/armv7-m/libgcc.a
LOAD /home/clnx/STM32Toolchain/gcc-arm/bin/../lib/gcc/arm-none-eabi/5.4.1/../../../../arm-none-eabi/lib/armv7-m/libc_nano.a
END GROUP
                0x20014000                __stack = (ORIGIN (RAM) + LENGTH (RAM))
                0x20014000                _estack = __stack
                0x00000400                __Main_Stack_Size = 0x400
                [!provide]                PROVIDE (_Main_Stack_Size, __Main_Stack_Size)
                0x20013c00                __Main_Stack_Limit = (__stack - __Main_Stack_Size)
                [!provide]                PROVIDE (_Main_Stack_Limit, __Main_Stack_Limit)
                0x00000100                _Minimum_Stack_Size = 0x100
                0x20000368                PROVIDE (_Heap_Begin, _end_noinit)
                0x20013c00                PROVIDE (_Heap_Limit, (__stack - __Main_Stack_Size))

.isr_vector     0x08000000      0x354
 FILL mask 0xff
                0x08000000                __vectors_start = ABSOLUTE (.)
                0x08000000                __vectors_start__ = ABSOLUTE (.)
 *(.isr_vector)
 .isr_vector    0x08000000      0x13c ./system/src/cmsis/startup_stm32l152xe.o
                0x08000000                g_pfnVectors
 *(.cfmconfig)
 *(.after_vectors .after_vectors.*)
 .after_vectors
                0x0800013c      0x114 ./system/src/newlib/_startup.o
                0x0800013c                _start
 .after_vectors
                0x08000250      0x104 ./system/src/cortexm/exception_handlers.o
                0x08000250                Reset_Handler
                0x08000270                HardFault_Handler_C
                0x080002bc                BusFault_Handler_C
                0x08000304                UsageFault_Handler_C

.inits          0x08000354       0x28
                0x08000354                __data_regions_array_start = .
                0x08000354        0x4 LONG 0x80039dc LOADADDR (.data)
                0x08000358        0x4 LONG 0x20000000 ADDR (.data)
                0x0800035c        0x4 LONG 0x200001e4 (ADDR (.data) + SIZEOF (.data))
                0x08000360        0x4 LONG 0x80039dc LOADADDR (.data_CCMRAM)
                0x08000364        0x4 LONG 0x10000000 ADDR (.data_CCMRAM)
                0x08000368        0x4 LONG 0x10000000 (ADDR (.data_CCMRAM) + SIZEOF (.data_CCMRAM))
                0x0800036c                __data_regions_array_end = .
                0x0800036c                __bss_regions_array_start = .
                0x0800036c        0x4 LONG 0x200001e4 ADDR (.bss)
                0x08000370        0x4 LONG 0x20000368 (ADDR (.bss) + SIZEOF (.bss))
                0x08000374        0x4 LONG 0x10000000 ADDR (.bss_CCMRAM)
                0x08000378        0x4 LONG 0x10000000 (ADDR (.bss_CCMRAM) + SIZEOF (.bss_CCMRAM))
                0x0800037c                __bss_regions_array_end = .
 *(.init)
 *(.fini)
                0x0800037c                . = ALIGN (0x4)
                0x0800037c                PROVIDE (__preinit_array_start, .)
 *(.preinit_array_sysinit .preinit_array_sysinit.*)
 *(.preinit_array_platform .preinit_array_platform.*)
 *(.preinit_array .preinit_array.*)
                0x0800037c                PROVIDE (__preinit_array_end, .)
                0x0800037c                . = ALIGN (0x4)
                0x0800037c                PROVIDE (__init_array_start, .)
 *(SORT(.init_array.*))
 *(.init_array)
                0x0800037c                PROVIDE (__init_array_end, .)
                0x0800037c                . = ALIGN (0x4)
                0x0800037c                PROVIDE (__fini_array_start, .)
 *(SORT(.fini_array.*))
 *(.fini_array)
                0x0800037c                PROVIDE (__fini_array_end, .)

.flashtext
 *(.flashtext .flashtext.*)

.text           0x0800037c     0x365e
 *(.text .text.*)
 .text.HAL_InitTick
                0x0800037c       0x2c ./system/src/stm32l1xx/stm32l1xx_hal.o
                0x0800037c                HAL_InitTick
 .text.HAL_Init
                0x080003a8       0x18 ./system/src/stm32l1xx/stm32l1xx_hal.o
                0x080003a8                HAL_Init
 .text.HAL_IncTick
                0x080003c0       0x10 ./system/src/stm32l1xx/stm32l1xx_hal.o
                0x080003c0                HAL_IncTick
 .text.HAL_GetTick
                0x080003d0        0xc ./system/src/stm32l1xx/stm32l1xx_hal.o
                0x080003d0                HAL_GetTick
 .text.HAL_Delay
                0x080003dc       0x1c ./system/src/stm32l1xx/stm32l1xx_hal.o
                0x080003dc                HAL_Delay
 .text.HAL_NVIC_SetPriorityGrouping
                0x080003f8       0x24 ./system/src/stm32l1xx/stm32l1xx_hal_cortex.o
                0x080003f8                HAL_NVIC_SetPriorityGrouping
 .text.HAL_NVIC_SetPriority
                0x0800041c       0x64 ./system/src/stm32l1xx/stm32l1xx_hal_cortex.o
                0x0800041c                HAL_NVIC_SetPriority
 .text.HAL_NVIC_EnableIRQ
                0x08000480       0x18 ./system/src/stm32l1xx/stm32l1xx_hal_cortex.o
                0x08000480                HAL_NVIC_EnableIRQ
 .text.HAL_SYSTICK_Config
                0x08000498       0x2c ./system/src/stm32l1xx/stm32l1xx_hal_cortex.o
                0x08000498                HAL_SYSTICK_Config
 .text.HAL_SYSTICK_CLKSourceConfig
                0x080004c4       0x20 ./system/src/stm32l1xx/stm32l1xx_hal_cortex.o
                0x080004c4                HAL_SYSTICK_CLKSourceConfig
 .text.HAL_SYSTICK_Callback
                0x080004e4        0x4 ./system/src/stm32l1xx/stm32l1xx_hal_cortex.o
                0x080004e4                HAL_SYSTICK_Callback
 .text.HAL_SYSTICK_IRQHandler
                0x080004e8        0x8 ./system/src/stm32l1xx/stm32l1xx_hal_cortex.o
                0x080004e8                HAL_SYSTICK_IRQHandler
 .text.HAL_GPIO_Init
                0x080004f0      0x1ac ./system/src/stm32l1xx/stm32l1xx_hal_gpio.o
                0x080004f0                HAL_GPIO_Init
 .text.HAL_GPIO_EXTI_IRQHandler
                0x0800069c       0x18 ./system/src/stm32l1xx/stm32l1xx_hal_gpio.o
                0x0800069c                HAL_GPIO_EXTI_IRQHandler
 .text.I2C_IsAcknowledgeFailed
                0x080006b4       0x2c ./system/src/stm32l1xx/stm32l1xx_hal_i2c.o
 .text.I2C_WaitOnFlagUntilTimeout
                0x080006e0       0x68 ./system/src/stm32l1xx/stm32l1xx_hal_i2c.o
 .text.I2C_WaitOnMasterAddressFlagUntilTimeout
                0x08000748       0x94 ./system/src/stm32l1xx/stm32l1xx_hal_i2c.o
 .text.I2C_MasterRequestWrite
                0x080007dc       0xc0 ./system/src/stm32l1xx/stm32l1xx_hal_i2c.o
 .text.I2C_WaitOnTXEFlagUntilTimeout
                0x0800089c       0x50 ./system/src/stm32l1xx/stm32l1xx_hal_i2c.o
 .text.I2C_RequestMemoryRead
                0x080008ec      0x148 ./system/src/stm32l1xx/stm32l1xx_hal_i2c.o
 .text.I2C_WaitOnBTFFlagUntilTimeout
                0x08000a34       0x50 ./system/src/stm32l1xx/stm32l1xx_hal_i2c.o
 .text.I2C_WaitOnRXNEFlagUntilTimeout
                0x08000a84       0x60 ./system/src/stm32l1xx/stm32l1xx_hal_i2c.o
 .text.HAL_I2C_Init
                0x08000ae4      0x164 ./system/src/stm32l1xx/stm32l1xx_hal_i2c.o
                0x08000ae4                HAL_I2C_Init
 .text.HAL_I2C_Master_Transmit
                0x08000c48      0x17c ./system/src/stm32l1xx/stm32l1xx_hal_i2c.o
                0x08000c48                HAL_I2C_Master_Transmit
 .text.HAL_I2C_Mem_Read
                0x08000dc4      0x2fc ./system/src/stm32l1xx/stm32l1xx_hal_i2c.o
                0x08000dc4                HAL_I2C_Mem_Read
 .text.HAL_PWREx_GetVoltageRange
                0x080010c0       0x10 ./system/src/stm32l1xx/stm32l1xx_hal_pwr_ex.o
                0x080010c0                HAL_PWREx_GetVoltageRange
 .text.RCC_SetFlashLatencyFromMSIRange
                0x080010d0       0x90 ./system/src/stm32l1xx/stm32l1xx_hal_rcc.o
 .text.HAL_RCC_OscConfig
                0x08001160      0x79c ./system/src/stm32l1xx/stm32l1xx_hal_rcc.o
                0x08001160                HAL_RCC_OscConfig
 .text.HAL_RCC_GetSysClockFreq
                0x080018fc       0xa0 ./system/src/stm32l1xx/stm32l1xx_hal_rcc.o
                0x080018fc                HAL_RCC_GetSysClockFreq
 .text.HAL_RCC_ClockConfig
                0x0800199c      0x25c ./system/src/stm32l1xx/stm32l1xx_hal_rcc.o
                0x0800199c                HAL_RCC_ClockConfig
 .text.HAL_RCC_GetHCLKFreq
                0x08001bf8        0xc ./system/src/stm32l1xx/stm32l1xx_hal_rcc.o
                0x08001bf8                HAL_RCC_GetHCLKFreq
 .text.HAL_RCC_GetPCLK1Freq
                0x08001c04       0x30 ./system/src/stm32l1xx/stm32l1xx_hal_rcc.o
                0x08001c04                HAL_RCC_GetPCLK1Freq
 .text.HAL_RCC_GetPCLK2Freq
                0x08001c34       0x30 ./system/src/stm32l1xx/stm32l1xx_hal_rcc.o
                0x08001c34                HAL_RCC_GetPCLK2Freq
 .text.UART_SetConfig
                0x08001c64      0x314 ./system/src/stm32l1xx/stm32l1xx_hal_uart.o
 .text.UART_WaitOnFlagUntilTimeout
                0x08001f78       0xd4 ./system/src/stm32l1xx/stm32l1xx_hal_uart.o
 .text.HAL_UART_Init
                0x0800204c       0x60 ./system/src/stm32l1xx/stm32l1xx_hal_uart.o
                0x0800204c                HAL_UART_Init
 .text.HAL_UART_Transmit
                0x080020ac       0xec ./system/src/stm32l1xx/stm32l1xx_hal_uart.o
                0x080020ac                HAL_UART_Transmit
 .text._exit    0x08002198        0x4 ./system/src/newlib/_exit.o
                0x08002198                _exit
 .text._sbrk    0x0800219c       0x44 ./system/src/newlib/_sbrk.o
                0x0800219c                _sbrk
 .text.__initialize_args
                0x080021e0       0x10 ./system/src/newlib/_syscalls.o
                0x080021e0                __initialize_args
 .text.trace_printf
                0x080021f0       0x30 ./system/src/diag/Trace.o
                0x080021f0                trace_printf
 .text.trace_write
                0x08002220        0x8 ./system/src/diag/trace_impl.o
                0x08002220                trace_write
 .text.__initialize_hardware_early
                0x08002228       0x18 ./system/src/cortexm/_initialize_hardware.o
                0x08002228                __initialize_hardware_early
 .text.__initialize_hardware
                0x08002240        0x8 ./system/src/cortexm/_initialize_hardware.o
                0x08002240                __initialize_hardware
 .text.dumpExceptionStack
                0x08002248       0xf0 ./system/src/cortexm/exception_handlers.o
                0x08002248                dumpExceptionStack
 .text.Default_Handler
                0x08002338        0x2 ./system/src/cmsis/startup_stm32l152xe.o
                0x08002338                RTC_Alarm_IRQHandler
                0x08002338                EXTI2_IRQHandler
                0x08002338                COMP_ACQ_IRQHandler
                0x08002338                TIM10_IRQHandler
                0x08002338                USB_HP_IRQHandler
                0x08002338                TIM6_IRQHandler
                0x08002338                PVD_IRQHandler
                0x08002338                EXTI3_IRQHandler
                0x08002338                EXTI0_IRQHandler
                0x08002338                I2C2_EV_IRQHandler
                0x08002338                SPI1_IRQHandler
                0x08002338                USB_FS_WKUP_IRQHandler
                0x08002338                DMA2_Channel2_IRQHandler
                0x08002338                DMA1_Channel4_IRQHandler
                0x08002338                ADC1_IRQHandler
                0x08002338                USART3_IRQHandler
                0x08002338                DMA1_Channel7_IRQHandler
                0x08002338                LCD_IRQHandler
                0x08002338                UART5_IRQHandler
                0x08002338                TIM4_IRQHandler
                0x08002338                DMA2_Channel1_IRQHandler
                0x08002338                I2C1_EV_IRQHandler
                0x08002338                DMA1_Channel6_IRQHandler
                0x08002338                UART4_IRQHandler
                0x08002338                DMA2_Channel4_IRQHandler
                0x08002338                TIM3_IRQHandler
                0x08002338                RCC_IRQHandler
                0x08002338                DMA1_Channel1_IRQHandler
                0x08002338                Default_Handler
                0x08002338                EXTI15_10_IRQHandler
                0x08002338                TIM7_IRQHandler
                0x08002338                TIM5_IRQHandler
                0x08002338                TIM9_IRQHandler
                0x08002338                TAMPER_STAMP_IRQHandler
                0x08002338                RTC_WKUP_IRQHandler
                0x08002338                SPI2_IRQHandler
                0x08002338                DMA2_Channel5_IRQHandler
                0x08002338                DMA1_Channel5_IRQHandler
                0x08002338                USB_LP_IRQHandler
                0x08002338                EXTI4_IRQHandler
                0x08002338                DMA1_Channel3_IRQHandler
                0x08002338                COMP_IRQHandler
                0x08002338                WWDG_IRQHandler
                0x08002338                TIM2_IRQHandler
                0x08002338                DAC_IRQHandler
                0x08002338                EXTI1_IRQHandler
                0x08002338                TIM11_IRQHandler
                0x08002338                USART2_IRQHandler
                0x08002338                I2C2_ER_IRQHandler
                0x08002338                DMA1_Channel2_IRQHandler
                0x08002338                FLASH_IRQHandler
                0x08002338                USART1_IRQHandler
                0x08002338                SPI3_IRQHandler
                0x08002338                I2C1_ER_IRQHandler
                0x08002338                DMA2_Channel3_IRQHandler
 *fill*         0x0800233a        0x2 
 .text.SystemInit
                0x0800233c       0x48 ./system/src/cmsis/system_stm32l1xx.o
                0x0800233c                SystemInit
 .text.SystemCoreClockUpdate
                0x08002384       0xc4 ./system/src/cmsis/system_stm32l1xx.o
                0x08002384                SystemCoreClockUpdate
 .text.MX_GPIO_Init
                0x08002448       0x74 ./src/main.o
 .text.I2C_WRITE_REGISTER
                0x080024bc       0x2c ./src/main.o
                0x080024bc                I2C_WRITE_REGISTER
 .text.I2C_READ_REGISTER
                0x080024e8       0x34 ./src/main.o
                0x080024e8                I2C_READ_REGISTER
 .text.MAG_Init
                0x0800251c       0x58 ./src/main.o
                0x0800251c                MAG_Init
 .text.configureMAG
                0x08002574       0x78 ./src/main.o
                0x08002574                configureMAG
 .text.getBin   0x080025ec       0x24 ./src/main.o
                0x080025ec                getBin
 .text.dataToHex
                0x08002610       0x74 ./src/main.o
 .text.D7SendData
                0x08002684      0x168 ./src/main.o
                0x08002684                D7SendData
 .text.HAL_GPIO_EXTI_Callback
                0x080027ec        0x4 ./src/main.o
                0x080027ec                HAL_GPIO_EXTI_Callback
 .text.Error_Handler
                0x080027f0        0x4 ./src/main.o
                0x080027f0                Error_Handler
 .text.MX_I2C1_Init
                0x080027f4       0x38 ./src/main.o
 .text.MX_USART2_UART_Init
                0x0800282c       0x38 ./src/main.o
 .text.MX_USART1_UART_Init
                0x08002864       0x38 ./src/main.o
 .text.SystemClock_Config
                0x0800289c       0x7c ./src/main.o
                0x0800289c                SystemClock_Config
 .text.main     0x08002918       0xf4 ./src/main.o
                0x08002918                main
 .text.HAL_MspInit
                0x08002a0c       0xa0 ./src/stm32l1xx_hal_msp.o
                0x08002a0c                HAL_MspInit
 .text.HAL_I2C_MspInit
                0x08002aac       0x54 ./src/stm32l1xx_hal_msp.o
                0x08002aac                HAL_I2C_MspInit
 .text.HAL_UART_MspInit
                0x08002b00       0xbc ./src/stm32l1xx_hal_msp.o
                0x08002b00                HAL_UART_MspInit
 .text.NMI_Handler
                0x08002bbc        0x4 ./src/stm32l1xx_it.o
                0x08002bbc                NMI_Handler
 .text.HardFault_Handler
                0x08002bc0        0x4 ./src/stm32l1xx_it.o
                0x08002bc0                HardFault_Handler
 .text.MemManage_Handler
                0x08002bc4        0x4 ./src/stm32l1xx_it.o
                0x08002bc4                MemManage_Handler
 .text.BusFault_Handler
                0x08002bc8        0x4 ./src/stm32l1xx_it.o
                0x08002bc8                BusFault_Handler
 .text.UsageFault_Handler
                0x08002bcc        0x4 ./src/stm32l1xx_it.o
                0x08002bcc                UsageFault_Handler
 .text.SVC_Handler
                0x08002bd0        0x4 ./src/stm32l1xx_it.o
                0x08002bd0                SVC_Handler
 .text.DebugMon_Handler
                0x08002bd4        0x4 ./src/stm32l1xx_it.o
                0x08002bd4                DebugMon_Handler
 .text.PendSV_Handler
                0x08002bd8        0x4 ./src/stm32l1xx_it.o
                0x08002bd8                PendSV_Handler
 .text.SysTick_Handler
                0x08002bdc        0xc ./src/stm32l1xx_it.o
                0x08002bdc                SysTick_Handler
 .text.EXTI9_5_IRQHandler
                0x08002be8        0xc ./src/stm32l1xx_it.o
                0x08002be8                EXTI9_5_IRQHandler
 .text.__errno  0x08002bf4        0xc /home/clnx/STM32Toolchain/gcc-arm/bin/../lib/gcc/arm-none-eabi/5.4.1/../../../../arm-none-eabi/lib/armv7-m/libg_nano.a(lib_a-errno.o)
                0x08002bf4                __errno
 .text.malloc   0x08002c00       0x10 /home/clnx/STM32Toolchain/gcc-arm/bin/../lib/gcc/arm-none-eabi/5.4.1/../../../../arm-none-eabi/lib/armv7-m/libg_nano.a(lib_a-malloc.o)
                0x08002c00                malloc
 .text.free     0x08002c10       0x10 /home/clnx/STM32Toolchain/gcc-arm/bin/../lib/gcc/arm-none-eabi/5.4.1/../../../../arm-none-eabi/lib/armv7-m/libg_nano.a(lib_a-malloc.o)
                0x08002c10                free
 .text.memcpy   0x08002c20       0x16 /home/clnx/STM32Toolchain/gcc-arm/bin/../lib/gcc/arm-none-eabi/5.4.1/../../../../arm-none-eabi/lib/armv7-m/libg_nano.a(lib_a-memcpy-stub.o)
                0x08002c20                memcpy
 .text.memset   0x08002c36       0x10 /home/clnx/STM32Toolchain/gcc-arm/bin/../lib/gcc/arm-none-eabi/5.4.1/../../../../arm-none-eabi/lib/armv7-m/libg_nano.a(lib_a-memset.o)
                0x08002c36                memset
 *fill*         0x08002c46        0x2 
 .text._free_r  0x08002c48       0x98 /home/clnx/STM32Toolchain/gcc-arm/bin/../lib/gcc/arm-none-eabi/5.4.1/../../../../arm-none-eabi/lib/armv7-m/libg_nano.a(lib_a-nano-freer.o)
                0x08002c48                _free_r
 .text._malloc_r
                0x08002ce0       0xbc /home/clnx/STM32Toolchain/gcc-arm/bin/../lib/gcc/arm-none-eabi/5.4.1/../../../../arm-none-eabi/lib/armv7-m/libg_nano.a(lib_a-nano-mallocr.o)
                0x08002ce0                _malloc_r
 .text.realloc  0x08002d9c       0x10 /home/clnx/STM32Toolchain/gcc-arm/bin/../lib/gcc/arm-none-eabi/5.4.1/../../../../arm-none-eabi/lib/armv7-m/libg_nano.a(lib_a-realloc.o)
                0x08002d9c                realloc
 .text._sbrk_r  0x08002dac       0x20 /home/clnx/STM32Toolchain/gcc-arm/bin/../lib/gcc/arm-none-eabi/5.4.1/../../../../arm-none-eabi/lib/armv7-m/libg_nano.a(lib_a-sbrkr.o)
                0x08002dac                _sbrk_r
 .text.sprintf  0x08002dcc       0x48 /home/clnx/STM32Toolchain/gcc-arm/bin/../lib/gcc/arm-none-eabi/5.4.1/../../../../arm-none-eabi/lib/armv7-m/libg_nano.a(lib_a-sprintf.o)
                0x08002dcc                sprintf
                0x08002dcc                siprintf
 .text          0x08002e14       0x10 /home/clnx/STM32Toolchain/gcc-arm/bin/../lib/gcc/arm-none-eabi/5.4.1/../../../../arm-none-eabi/lib/armv7-m/libg_nano.a(lib_a-strlen.o)
                0x08002e14                strlen
 .text._strtol_l.isra.0
                0x08002e24      0x110 /home/clnx/STM32Toolchain/gcc-arm/bin/../lib/gcc/arm-none-eabi/5.4.1/../../../../arm-none-eabi/lib/armv7-m/libg_nano.a(lib_a-strtol.o)
 .text.strtol   0x08002f34       0x2c /home/clnx/STM32Toolchain/gcc-arm/bin/../lib/gcc/arm-none-eabi/5.4.1/../../../../arm-none-eabi/lib/armv7-m/libg_nano.a(lib_a-strtol.o)
                0x08002f34                strtol
 .text._vsnprintf_r
                0x08002f60       0x56 /home/clnx/STM32Toolchain/gcc-arm/bin/../lib/gcc/arm-none-eabi/5.4.1/../../../../arm-none-eabi/lib/armv7-m/libg_nano.a(lib_a-vsnprintf.o)
                0x08002f60                _vsnprintf_r
                0x08002f60                _vsniprintf_r
 *fill*         0x08002fb6        0x2 
 .text.vsnprintf
                0x08002fb8       0x1c /home/clnx/STM32Toolchain/gcc-arm/bin/../lib/gcc/arm-none-eabi/5.4.1/../../../../arm-none-eabi/lib/armv7-m/libg_nano.a(lib_a-vsnprintf.o)
                0x08002fb8                vsnprintf
                0x08002fb8                vsniprintf
 .text.__locale_ctype_ptr_l
                0x08002fd4        0x6 /home/clnx/STM32Toolchain/gcc-arm/bin/../lib/gcc/arm-none-eabi/5.4.1/../../../../arm-none-eabi/lib/armv7-m/libg_nano.a(lib_a-locale.o)
                0x08002fd4                __locale_ctype_ptr_l
 .text.__ascii_mbtowc
                0x08002fda       0x24 /home/clnx/STM32Toolchain/gcc-arm/bin/../lib/gcc/arm-none-eabi/5.4.1/../../../../arm-none-eabi/lib/armv7-m/libg_nano.a(lib_a-mbtowc_r.o)
                0x08002fda                __ascii_mbtowc
 .text.__malloc_lock
                0x08002ffe        0x2 /home/clnx/STM32Toolchain/gcc-arm/bin/../lib/gcc/arm-none-eabi/5.4.1/../../../../arm-none-eabi/lib/armv7-m/libg_nano.a(lib_a-mlock.o)
                0x08002ffe                __malloc_lock
 .text.__malloc_unlock
                0x08003000        0x2 /home/clnx/STM32Toolchain/gcc-arm/bin/../lib/gcc/arm-none-eabi/5.4.1/../../../../arm-none-eabi/lib/armv7-m/libg_nano.a(lib_a-mlock.o)
                0x08003000                __malloc_unlock
 .text._realloc_r
                0x08003002       0x4c /home/clnx/STM32Toolchain/gcc-arm/bin/../lib/gcc/arm-none-eabi/5.4.1/../../../../arm-none-eabi/lib/armv7-m/libg_nano.a(lib_a-nano-reallocr.o)
                0x08003002                _realloc_r
 .text.__ssputs_r
                0x0800304e       0xb2 /home/clnx/STM32Toolchain/gcc-arm/bin/../lib/gcc/arm-none-eabi/5.4.1/../../../../arm-none-eabi/lib/armv7-m/libg_nano.a(lib_a-nano-svfprintf.o)
                0x0800304e                __ssputs_r
 .text._svfprintf_r
                0x08003100      0x1e8 /home/clnx/STM32Toolchain/gcc-arm/bin/../lib/gcc/arm-none-eabi/5.4.1/../../../../arm-none-eabi/lib/armv7-m/libg_nano.a(lib_a-nano-svfprintf.o)
                0x08003100                _svfprintf_r
                0x08003100                _svfiprintf_r
 .text._printf_common
                0x080032e8       0xec /home/clnx/STM32Toolchain/gcc-arm/bin/../lib/gcc/arm-none-eabi/5.4.1/../../../../arm-none-eabi/lib/armv7-m/libg_nano.a(lib_a-nano-vfprintf_i.o)
                0x080032e8                _printf_common
 .text._printf_i
                0x080033d4      0x24c /home/clnx/STM32Toolchain/gcc-arm/bin/../lib/gcc/arm-none-eabi/5.4.1/../../../../arm-none-eabi/lib/armv7-m/libg_nano.a(lib_a-nano-vfprintf_i.o)
                0x080033d4                _printf_i
 .text.__ascii_wctomb
                0x08003620       0x1a /home/clnx/STM32Toolchain/gcc-arm/bin/../lib/gcc/arm-none-eabi/5.4.1/../../../../arm-none-eabi/lib/armv7-m/libg_nano.a(lib_a-wctomb_r.o)
                0x08003620                __ascii_wctomb
 .text.memchr   0x0800363a       0x1c /home/clnx/STM32Toolchain/gcc-arm/bin/../lib/gcc/arm-none-eabi/5.4.1/../../../../arm-none-eabi/lib/armv7-m/libg_nano.a(lib_a-memchr-stub.o)
                0x0800363a                memchr
 .text.memmove  0x08003656       0x36 /home/clnx/STM32Toolchain/gcc-arm/bin/../lib/gcc/arm-none-eabi/5.4.1/../../../../arm-none-eabi/lib/armv7-m/libg_nano.a(lib_a-memmove.o)
                0x08003656                memmove
 .text._malloc_usable_size_r
                0x0800368c       0x14 /home/clnx/STM32Toolchain/gcc-arm/bin/../lib/gcc/arm-none-eabi/5.4.1/../../../../arm-none-eabi/lib/armv7-m/libg_nano.a(lib_a-nano-msizer.o)
                0x0800368c                _malloc_usable_size_r
 *(.rodata .rodata.* .constdata .constdata.*)
 .rodata.str1.4
                0x080036a0      0x146 ./system/src/cortexm/exception_handlers.o
 *fill*         0x080037e6        0x2 
 .rodata.AHBPrescTable
                0x080037e8       0x10 ./system/src/cmsis/system_stm32l1xx.o
                0x080037e8                AHBPrescTable
 .rodata.APBPrescTable
                0x080037f8        0x8 ./system/src/cmsis/system_stm32l1xx.o
                0x080037f8                APBPrescTable
 .rodata.PLLMulTable
                0x08003800        0x9 ./system/src/cmsis/system_stm32l1xx.o
                0x08003800                PLLMulTable
 *fill*         0x08003809        0x3 
 .rodata.str1.4
                0x0800380c       0x90 ./src/main.o
                                 0x8e (size before relaxing)
 .rodata.str1.1
                0x0800389c        0xa /home/clnx/STM32Toolchain/gcc-arm/bin/../lib/gcc/arm-none-eabi/5.4.1/../../../../arm-none-eabi/lib/armv7-m/libg_nano.a(lib_a-locale.o)
                                  0xb (size before relaxing)
 .rodata.str1.1
                0x080038a6       0x11 /home/clnx/STM32Toolchain/gcc-arm/bin/../lib/gcc/arm-none-eabi/5.4.1/../../../../arm-none-eabi/lib/armv7-m/libg_nano.a(lib_a-nano-svfprintf.o)
 .rodata.str1.1
                0x080038b7       0x22 /home/clnx/STM32Toolchain/gcc-arm/bin/../lib/gcc/arm-none-eabi/5.4.1/../../../../arm-none-eabi/lib/armv7-m/libg_nano.a(lib_a-nano-vfprintf_i.o)
 .rodata._ctype_
                0x080038d9      0x101 /home/clnx/STM32Toolchain/gcc-arm/bin/../lib/gcc/arm-none-eabi/5.4.1/../../../../arm-none-eabi/lib/armv7-m/libg_nano.a(lib_a-ctype_.o)
                0x080038d9                _ctype_
 *(vtable)
 *(.eh_frame*)
 *(.glue_7)
 .glue_7        0x080039da        0x0 linker stubs
 *(.glue_7t)
 .glue_7t       0x080039da        0x0 linker stubs

.vfp11_veneer   0x080039dc        0x0
 .vfp11_veneer  0x080039dc        0x0 linker stubs

.v4_bx          0x080039dc        0x0
 .v4_bx         0x080039dc        0x0 linker stubs

.iplt           0x080039dc        0x0
 .iplt          0x080039dc        0x0 ./system/src/stm32l1xx/stm32l1xx_hal.o

.rel.dyn        0x080039dc        0x0
 .rel.iplt      0x080039dc        0x0 ./system/src/stm32l1xx/stm32l1xx_hal.o

.ARM.extab
 *(.ARM.extab* .gnu.linkonce.armextab.*)
                0x080039dc                . = ALIGN (0x4)
                0x080039dc                __exidx_start = .

.ARM.exidx
 *(.ARM.exidx* .gnu.linkonce.armexidx.*)
                0x080039dc                __exidx_end = .
                0x080039dc                . = ALIGN (0x4)
                0x080039dc                _etext = .
                0x080039dc                __etext = .

.data_CCMRAM    0x10000000        0x0 load address 0x080039dc
 FILL mask 0xff
 *(.data.CCMRAM .data.CCMRAM.*)
                0x10000000                . = ALIGN (0x4)
                0x080039dc                _sidata = LOADADDR (.data)

.data           0x20000000      0x1e4 load address 0x080039dc
 FILL mask 0xff
                0x20000000                _sdata = .
                0x20000000                __data_start__ = .
 *(.data_begin .data_begin.*)
 .data_begin    0x20000000        0x4 ./system/src/newlib/_startup.o
 *(.data .data.*)
 .data.argv.4290
                0x20000004        0x8 ./system/src/newlib/_syscalls.o
 .data.SystemCoreClock
                0x2000000c        0x4 ./system/src/cmsis/system_stm32l1xx.o
                0x2000000c                SystemCoreClock
 .data.impure_data
                0x20000010       0x60 /home/clnx/STM32Toolchain/gcc-arm/bin/../lib/gcc/arm-none-eabi/5.4.1/../../../../arm-none-eabi/lib/armv7-m/libg_nano.a(lib_a-impure.o)
 .data._impure_ptr
                0x20000070        0x4 /home/clnx/STM32Toolchain/gcc-arm/bin/../lib/gcc/arm-none-eabi/5.4.1/../../../../arm-none-eabi/lib/armv7-m/libg_nano.a(lib_a-impure.o)
                0x20000070                _impure_ptr
 .data.__global_locale
                0x20000074      0x16c /home/clnx/STM32Toolchain/gcc-arm/bin/../lib/gcc/arm-none-eabi/5.4.1/../../../../arm-none-eabi/lib/armv7-m/libg_nano.a(lib_a-locale.o)
                0x20000074                __global_locale
 *(.data_end .data_end.*)
 .data_end      0x200001e0        0x4 ./system/src/newlib/_startup.o
                0x200001e4                . = ALIGN (0x4)
                0x200001e4                _edata = .
                0x200001e4                __data_end__ = .

.igot.plt       0x200001e4        0x0 load address 0x08003bc0
 .igot.plt      0x200001e4        0x0 ./system/src/stm32l1xx/stm32l1xx_hal.o

.bss_CCMRAM     0x10000000        0x0
 *(.bss.CCMRAM .bss.CCMRAM.*)

.bss            0x200001e4      0x184
                0x200001e4                __bss_start__ = .
                0x200001e4                _sbss = .
 *(.bss_begin .bss_begin.*)
 .bss_begin     0x200001e4        0x4 ./system/src/newlib/_startup.o
 *(.bss .bss.*)
 .bss.current_heap_end.3974
                0x200001e8        0x4 ./system/src/newlib/_sbrk.o
 .bss.name.4289
                0x200001ec        0x1 ./system/src/newlib/_syscalls.o
 *fill*         0x200001ed        0x3 
 .bss.buf.5179  0x200001f0       0x80 ./system/src/diag/Trace.o
 .bss.x         0x20000270        0x2 ./src/main.o
                0x20000270                x
 .bss.y         0x20000272        0x2 ./src/main.o
                0x20000272                y
 .bss.MAG_Initialized
                0x20000274        0x1 ./src/main.o
                0x20000274                MAG_Initialized
 *fill*         0x20000275        0x1 
 .bss.z         0x20000276        0x2 ./src/main.o
                0x20000276                z
 .bss.__malloc_sbrk_start
                0x20000278        0x4 /home/clnx/STM32Toolchain/gcc-arm/bin/../lib/gcc/arm-none-eabi/5.4.1/../../../../arm-none-eabi/lib/armv7-m/libg_nano.a(lib_a-nano-mallocr.o)
                0x20000278                __malloc_sbrk_start
 .bss.__malloc_free_list
                0x2000027c        0x4 /home/clnx/STM32Toolchain/gcc-arm/bin/../lib/gcc/arm-none-eabi/5.4.1/../../../../arm-none-eabi/lib/armv7-m/libg_nano.a(lib_a-nano-mallocr.o)
                0x2000027c                __malloc_free_list
 *(COMMON)
 COMMON         0x20000280        0x4 ./system/src/stm32l1xx/stm32l1xx_hal.o
                0x20000280                uwTick
 COMMON         0x20000284        0x4 ./system/src/newlib/_syscalls.o
                0x20000284                errno
 COMMON         0x20000288       0xdc ./src/main.o
                0x20000288                hi2c1
                0x200002dc                huart1
                0x2000031c                aRxBuffer
                0x20000324                huart2
 *(.bss_end .bss_end.*)
 .bss_end       0x20000364        0x4 ./system/src/newlib/_startup.o
                0x20000368                . = ALIGN (0x4)
                0x20000368                __bss_end__ = .
                0x20000368                _ebss = .

.noinit_CCMRAM
 *(.noinit.CCMRAM .noinit.CCMRAM.*)

.noinit         0x20000368        0x0
                0x20000368                _noinit = .
 *(.noinit .noinit.*)
                0x20000368                . = ALIGN (0x4)
                0x20000368                _end_noinit = .
                [!provide]                PROVIDE (end, _end_noinit)
                [!provide]                PROVIDE (_end, _end_noinit)
                [!provide]                PROVIDE (__end, _end_noinit)
                [!provide]                PROVIDE (__end__, _end_noinit)

._check_stack   0x20000368      0x100
                0x20000468                . = (. + _Minimum_Stack_Size)
 *fill*         0x20000368      0x100 

.b1text
 *(.b1text)
 *(.b1rodata)
 *(.b1rodata.*)

.eb0text
 *(.eb0text)
 *(.eb0rodata)
 *(.eb0rodata.*)

.eb1text
 *(.eb1text)
 *(.eb1rodata)
 *(.eb1rodata.*)

.eb2text
 *(.eb2text)
 *(.eb2rodata)
 *(.eb2rodata.*)

.eb3text
 *(.eb3text)
 *(.eb3rodata)
 *(.eb3rodata.*)

.stab
 *(.stab)

.stabstr
 *(.stabstr)

.stab.excl
 *(.stab.excl)

.stab.exclstr
 *(.stab.exclstr)

.stab.index
 *(.stab.index)

.stab.indexstr
 *(.stab.indexstr)

.comment        0x00000000       0x6e
 *(.comment)
 .comment       0x00000000       0x6e ./system/src/stm32l1xx/stm32l1xx_hal.o
                                 0x6f (size before relaxing)
 .comment       0x0000006e       0x6f ./system/src/stm32l1xx/stm32l1xx_hal_cortex.o
 .comment       0x0000006e       0x6f ./system/src/stm32l1xx/stm32l1xx_hal_gpio.o
 .comment       0x0000006e       0x6f ./system/src/stm32l1xx/stm32l1xx_hal_i2c.o
 .comment       0x0000006e       0x6f ./system/src/stm32l1xx/stm32l1xx_hal_pwr_ex.o
 .comment       0x0000006e       0x6f ./system/src/stm32l1xx/stm32l1xx_hal_rcc.o
 .comment       0x0000006e       0x6f ./system/src/stm32l1xx/stm32l1xx_hal_uart.o
 .comment       0x0000006e       0x6f ./system/src/newlib/_exit.o
 .comment       0x0000006e       0x6f ./system/src/newlib/_sbrk.o
 .comment       0x0000006e       0x6f ./system/src/newlib/_startup.o
 .comment       0x0000006e       0x6f ./system/src/newlib/_syscalls.o
 .comment       0x0000006e       0x6f ./system/src/diag/Trace.o
 .comment       0x0000006e       0x6f ./system/src/diag/trace_impl.o
 .comment       0x0000006e       0x6f ./system/src/cortexm/_initialize_hardware.o
 .comment       0x0000006e       0x6f ./system/src/cortexm/exception_handlers.o
 .comment       0x0000006e       0x6f ./system/src/cmsis/system_stm32l1xx.o
 .comment       0x0000006e       0x6f ./src/main.o
 .comment       0x0000006e       0x6f ./src/stm32l1xx_hal_msp.o
 .comment       0x0000006e       0x6f ./src/stm32l1xx_it.o

.ARM.attributes
                0x00000000       0x31
 .ARM.attributes
                0x00000000       0x33 ./system/src/stm32l1xx/stm32l1xx_hal.o
 .ARM.attributes
                0x00000033       0x33 ./system/src/stm32l1xx/stm32l1xx_hal_cortex.o
 .ARM.attributes
                0x00000066       0x33 ./system/src/stm32l1xx/stm32l1xx_hal_gpio.o
 .ARM.attributes
                0x00000099       0x33 ./system/src/stm32l1xx/stm32l1xx_hal_i2c.o
 .ARM.attributes
                0x000000cc       0x33 ./system/src/stm32l1xx/stm32l1xx_hal_pwr_ex.o
 .ARM.attributes
                0x000000ff       0x33 ./system/src/stm32l1xx/stm32l1xx_hal_rcc.o
 .ARM.attributes
                0x00000132       0x33 ./system/src/stm32l1xx/stm32l1xx_hal_uart.o
 .ARM.attributes
                0x00000165       0x33 ./system/src/newlib/_exit.o
 .ARM.attributes
                0x00000198       0x33 ./system/src/newlib/_sbrk.o
 .ARM.attributes
                0x000001cb       0x33 ./system/src/newlib/_startup.o
 .ARM.attributes
                0x000001fe       0x33 ./system/src/newlib/_syscalls.o
 .ARM.attributes
                0x00000231       0x33 ./system/src/diag/Trace.o
 .ARM.attributes
                0x00000264       0x33 ./system/src/diag/trace_impl.o
 .ARM.attributes
                0x00000297       0x33 ./system/src/cortexm/_initialize_hardware.o
 .ARM.attributes
                0x000002ca       0x33 ./system/src/cortexm/exception_handlers.o
 .ARM.attributes
                0x000002fd       0x21 ./system/src/cmsis/startup_stm32l152xe.o
 .ARM.attributes
                0x0000031e       0x33 ./system/src/cmsis/system_stm32l1xx.o
 .ARM.attributes
                0x00000351       0x33 ./src/main.o
 .ARM.attributes
                0x00000384       0x33 ./src/stm32l1xx_hal_msp.o
 .ARM.attributes
                0x000003b7       0x33 ./src/stm32l1xx_it.o
 .ARM.attributes
                0x000003ea       0x2d /home/clnx/STM32Toolchain/gcc-arm/bin/../lib/gcc/arm-none-eabi/5.4.1/../../../../arm-none-eabi/lib/armv7-m/libg_nano.a(lib_a-errno.o)
 .ARM.attributes
                0x00000417       0x2d /home/clnx/STM32Toolchain/gcc-arm/bin/../lib/gcc/arm-none-eabi/5.4.1/../../../../arm-none-eabi/lib/armv7-m/libg_nano.a(lib_a-impure.o)
 .ARM.attributes
                0x00000444       0x2d /home/clnx/STM32Toolchain/gcc-arm/bin/../lib/gcc/arm-none-eabi/5.4.1/../../../../arm-none-eabi/lib/armv7-m/libg_nano.a(lib_a-malloc.o)
 .ARM.attributes
                0x00000471       0x2d /home/clnx/STM32Toolchain/gcc-arm/bin/../lib/gcc/arm-none-eabi/5.4.1/../../../../arm-none-eabi/lib/armv7-m/libg_nano.a(lib_a-memcpy-stub.o)
 .ARM.attributes
                0x0000049e       0x2d /home/clnx/STM32Toolchain/gcc-arm/bin/../lib/gcc/arm-none-eabi/5.4.1/../../../../arm-none-eabi/lib/armv7-m/libg_nano.a(lib_a-memset.o)
 .ARM.attributes
                0x000004cb       0x2d /home/clnx/STM32Toolchain/gcc-arm/bin/../lib/gcc/arm-none-eabi/5.4.1/../../../../arm-none-eabi/lib/armv7-m/libg_nano.a(lib_a-nano-freer.o)
 .ARM.attributes
                0x000004f8       0x2d /home/clnx/STM32Toolchain/gcc-arm/bin/../lib/gcc/arm-none-eabi/5.4.1/../../../../arm-none-eabi/lib/armv7-m/libg_nano.a(lib_a-nano-mallocr.o)
 .ARM.attributes
                0x00000525       0x2d /home/clnx/STM32Toolchain/gcc-arm/bin/../lib/gcc/arm-none-eabi/5.4.1/../../../../arm-none-eabi/lib/armv7-m/libg_nano.a(lib_a-realloc.o)
 .ARM.attributes
                0x00000552       0x2d /home/clnx/STM32Toolchain/gcc-arm/bin/../lib/gcc/arm-none-eabi/5.4.1/../../../../arm-none-eabi/lib/armv7-m/libg_nano.a(lib_a-sbrkr.o)
 .ARM.attributes
                0x0000057f       0x2d /home/clnx/STM32Toolchain/gcc-arm/bin/../lib/gcc/arm-none-eabi/5.4.1/../../../../arm-none-eabi/lib/armv7-m/libg_nano.a(lib_a-sprintf.o)
 .ARM.attributes
                0x000005ac       0x17 /home/clnx/STM32Toolchain/gcc-arm/bin/../lib/gcc/arm-none-eabi/5.4.1/../../../../arm-none-eabi/lib/armv7-m/libg_nano.a(lib_a-strlen.o)
 .ARM.attributes
                0x000005c3       0x2d /home/clnx/STM32Toolchain/gcc-arm/bin/../lib/gcc/arm-none-eabi/5.4.1/../../../../arm-none-eabi/lib/armv7-m/libg_nano.a(lib_a-strtol.o)
 .ARM.attributes
                0x000005f0       0x2d /home/clnx/STM32Toolchain/gcc-arm/bin/../lib/gcc/arm-none-eabi/5.4.1/../../../../arm-none-eabi/lib/armv7-m/libg_nano.a(lib_a-vsnprintf.o)
 .ARM.attributes
                0x0000061d       0x2d /home/clnx/STM32Toolchain/gcc-arm/bin/../lib/gcc/arm-none-eabi/5.4.1/../../../../arm-none-eabi/lib/armv7-m/libg_nano.a(lib_a-locale.o)
 .ARM.attributes
                0x0000064a       0x2d /home/clnx/STM32Toolchain/gcc-arm/bin/../lib/gcc/arm-none-eabi/5.4.1/../../../../arm-none-eabi/lib/armv7-m/libg_nano.a(lib_a-mbtowc_r.o)
 .ARM.attributes
                0x00000677       0x2d /home/clnx/STM32Toolchain/gcc-arm/bin/../lib/gcc/arm-none-eabi/5.4.1/../../../../arm-none-eabi/lib/armv7-m/libg_nano.a(lib_a-mlock.o)
 .ARM.attributes
                0x000006a4       0x2d /home/clnx/STM32Toolchain/gcc-arm/bin/../lib/gcc/arm-none-eabi/5.4.1/../../../../arm-none-eabi/lib/armv7-m/libg_nano.a(lib_a-nano-reallocr.o)
 .ARM.attributes
                0x000006d1       0x2d /home/clnx/STM32Toolchain/gcc-arm/bin/../lib/gcc/arm-none-eabi/5.4.1/../../../../arm-none-eabi/lib/armv7-m/libg_nano.a(lib_a-nano-svfprintf.o)
 .ARM.attributes
                0x000006fe       0x2d /home/clnx/STM32Toolchain/gcc-arm/bin/../lib/gcc/arm-none-eabi/5.4.1/../../../../arm-none-eabi/lib/armv7-m/libg_nano.a(lib_a-nano-vfprintf_i.o)
 .ARM.attributes
                0x0000072b       0x2d /home/clnx/STM32Toolchain/gcc-arm/bin/../lib/gcc/arm-none-eabi/5.4.1/../../../../arm-none-eabi/lib/armv7-m/libg_nano.a(lib_a-wctomb_r.o)
 .ARM.attributes
                0x00000758       0x2d /home/clnx/STM32Toolchain/gcc-arm/bin/../lib/gcc/arm-none-eabi/5.4.1/../../../../arm-none-eabi/lib/armv7-m/libg_nano.a(lib_a-ctype_.o)
 .ARM.attributes
                0x00000785       0x2d /home/clnx/STM32Toolchain/gcc-arm/bin/../lib/gcc/arm-none-eabi/5.4.1/../../../../arm-none-eabi/lib/armv7-m/libg_nano.a(lib_a-memchr-stub.o)
 .ARM.attributes
                0x000007b2       0x2d /home/clnx/STM32Toolchain/gcc-arm/bin/../lib/gcc/arm-none-eabi/5.4.1/../../../../arm-none-eabi/lib/armv7-m/libg_nano.a(lib_a-memmove.o)
 .ARM.attributes
                0x000007df       0x2d /home/clnx/STM32Toolchain/gcc-arm/bin/../lib/gcc/arm-none-eabi/5.4.1/../../../../arm-none-eabi/lib/armv7-m/libg_nano.a(lib_a-nano-msizer.o)

.debug
 *(.debug)

.line
 *(.line)

.debug_srcinfo
 *(.debug_srcinfo)

.debug_sfnames
 *(.debug_sfnames)

.debug_aranges  0x00000000      0x998
 *(.debug_aranges)
 .debug_aranges
                0x00000000       0xb0 ./system/src/stm32l1xx/stm32l1xx_hal.o
 .debug_aranges
                0x000000b0       0x98 ./system/src/stm32l1xx/stm32l1xx_hal_cortex.o
 .debug_aranges
                0x00000148       0x58 ./system/src/stm32l1xx/stm32l1xx_hal_gpio.o
 .debug_aranges
                0x000001a0      0x268 ./system/src/stm32l1xx/stm32l1xx_hal_i2c.o
 .debug_aranges
                0x00000408       0x50 ./system/src/stm32l1xx/stm32l1xx_hal_pwr_ex.o
 .debug_aranges
                0x00000458       0x90 ./system/src/stm32l1xx/stm32l1xx_hal_rcc.o
 .debug_aranges
                0x000004e8      0x150 ./system/src/stm32l1xx/stm32l1xx_hal_uart.o
 .debug_aranges
                0x00000638       0x28 ./system/src/newlib/_exit.o
 .debug_aranges
                0x00000660       0x20 ./system/src/newlib/_sbrk.o
 .debug_aranges
                0x00000680       0x40 ./system/src/newlib/_startup.o
 .debug_aranges
                0x000006c0       0x30 ./system/src/newlib/_syscalls.o
 .debug_aranges
                0x000006f0       0x38 ./system/src/diag/Trace.o
 .debug_aranges
                0x00000728       0x28 ./system/src/diag/trace_impl.o
 .debug_aranges
                0x00000750       0x28 ./system/src/cortexm/_initialize_hardware.o
 .debug_aranges
                0x00000778       0x88 ./system/src/cortexm/exception_handlers.o
 .debug_aranges
                0x00000800       0x28 ./system/src/cmsis/startup_stm32l152xe.o
 .debug_aranges
                0x00000828       0x28 ./system/src/cmsis/system_stm32l1xx.o
 .debug_aranges
                0x00000850       0xa0 ./src/main.o
 .debug_aranges
                0x000008f0       0x40 ./src/stm32l1xx_hal_msp.o
 .debug_aranges
                0x00000930       0x68 ./src/stm32l1xx_it.o

.debug_pubnames
 *(.debug_pubnames)

.debug_info     0x00000000     0xb623
 *(.debug_info .gnu.linkonce.wi.*)
 .debug_info    0x00000000      0x62f ./system/src/stm32l1xx/stm32l1xx_hal.o
 .debug_info    0x0000062f      0xddb ./system/src/stm32l1xx/stm32l1xx_hal_cortex.o
 .debug_info    0x0000140a      0x5e7 ./system/src/stm32l1xx/stm32l1xx_hal_gpio.o
 .debug_info    0x000019f1     0x2d01 ./system/src/stm32l1xx/stm32l1xx_hal_i2c.o
 .debug_info    0x000046f2      0x338 ./system/src/stm32l1xx/stm32l1xx_hal_pwr_ex.o
 .debug_info    0x00004a2a     0x16bc ./system/src/stm32l1xx/stm32l1xx_hal_rcc.o
 .debug_info    0x000060e6     0x1176 ./system/src/stm32l1xx/stm32l1xx_hal_uart.o
 .debug_info    0x0000725c       0xef ./system/src/newlib/_exit.o
 .debug_info    0x0000734b      0x11f ./system/src/newlib/_sbrk.o
 .debug_info    0x0000746a      0x454 ./system/src/newlib/_startup.o
 .debug_info    0x000078be      0x1c7 ./system/src/newlib/_syscalls.o
 .debug_info    0x00007a85      0x2e7 ./system/src/diag/Trace.o
 .debug_info    0x00007d6c      0x114 ./system/src/diag/trace_impl.o
 .debug_info    0x00007e80      0x2b1 ./system/src/cortexm/_initialize_hardware.o
 .debug_info    0x00008131      0x79d ./system/src/cortexm/exception_handlers.o
 .debug_info    0x000088ce       0x87 ./system/src/cmsis/startup_stm32l152xe.o
 .debug_info    0x00008955      0x417 ./system/src/cmsis/system_stm32l1xx.o
 .debug_info    0x00008d6c     0x1932 ./src/main.o
 .debug_info    0x0000a69e      0xdde ./src/stm32l1xx_hal_msp.o
 .debug_info    0x0000b47c      0x1a7 ./src/stm32l1xx_it.o

.debug_abbrev   0x00000000     0x1ddf
 *(.debug_abbrev)
 .debug_abbrev  0x00000000      0x1c1 ./system/src/stm32l1xx/stm32l1xx_hal.o
 .debug_abbrev  0x000001c1      0x2e2 ./system/src/stm32l1xx/stm32l1xx_hal_cortex.o
 .debug_abbrev  0x000004a3      0x1cd ./system/src/stm32l1xx/stm32l1xx_hal_gpio.o
 .debug_abbrev  0x00000670      0x226 ./system/src/stm32l1xx/stm32l1xx_hal_i2c.o
 .debug_abbrev  0x00000896      0x149 ./system/src/stm32l1xx/stm32l1xx_hal_pwr_ex.o
 .debug_abbrev  0x000009df      0x2a1 ./system/src/stm32l1xx/stm32l1xx_hal_rcc.o
 .debug_abbrev  0x00000c80      0x228 ./system/src/stm32l1xx/stm32l1xx_hal_uart.o
 .debug_abbrev  0x00000ea8       0x8e ./system/src/newlib/_exit.o
 .debug_abbrev  0x00000f36       0xb9 ./system/src/newlib/_sbrk.o
 .debug_abbrev  0x00000fef      0x1ac ./system/src/newlib/_startup.o
 .debug_abbrev  0x0000119b       0xec ./system/src/newlib/_syscalls.o
 .debug_abbrev  0x00001287      0x156 ./system/src/diag/Trace.o
 .debug_abbrev  0x000013dd       0xb4 ./system/src/diag/trace_impl.o
 .debug_abbrev  0x00001491       0xea ./system/src/cortexm/_initialize_hardware.o
 .debug_abbrev  0x0000157b      0x1d4 ./system/src/cortexm/exception_handlers.o
 .debug_abbrev  0x0000174f       0x12 ./system/src/cmsis/startup_stm32l152xe.o
 .debug_abbrev  0x00001761      0x104 ./system/src/cmsis/system_stm32l1xx.o
 .debug_abbrev  0x00001865      0x319 ./src/main.o
 .debug_abbrev  0x00001b7e      0x18f ./src/stm32l1xx_hal_msp.o
 .debug_abbrev  0x00001d0d       0xd2 ./src/stm32l1xx_it.o

.debug_line     0x00000000     0x73fc
 *(.debug_line)
 .debug_line    0x00000000      0x686 ./system/src/stm32l1xx/stm32l1xx_hal.o
 .debug_line    0x00000686      0x6fc ./system/src/stm32l1xx/stm32l1xx_hal_cortex.o
 .debug_line    0x00000d82      0x68e ./system/src/stm32l1xx/stm32l1xx_hal_gpio.o
 .debug_line    0x00001410     0x1568 ./system/src/stm32l1xx/stm32l1xx_hal_i2c.o
 .debug_line    0x00002978      0x609 ./system/src/stm32l1xx/stm32l1xx_hal_pwr_ex.o
 .debug_line    0x00002f81      0xb38 ./system/src/stm32l1xx/stm32l1xx_hal_rcc.o
 .debug_line    0x00003ab9      0xb92 ./system/src/stm32l1xx/stm32l1xx_hal_uart.o
 .debug_line    0x0000464b      0x2e0 ./system/src/newlib/_exit.o
 .debug_line    0x0000492b      0x292 ./system/src/newlib/_sbrk.o
 .debug_line    0x00004bbd      0x348 ./system/src/newlib/_startup.o
 .debug_line    0x00004f05      0x396 ./system/src/newlib/_syscalls.o
 .debug_line    0x0000529b      0x34c ./system/src/diag/Trace.o
 .debug_line    0x000055e7      0x371 ./system/src/diag/trace_impl.o
 .debug_line    0x00005958      0x171 ./system/src/cortexm/_initialize_hardware.o
 .debug_line    0x00005ac9      0x45d ./system/src/cortexm/exception_handlers.o
 .debug_line    0x00005f26       0x86 ./system/src/cmsis/startup_stm32l152xe.o
 .debug_line    0x00005fac      0x175 ./system/src/cmsis/system_stm32l1xx.o
 .debug_line    0x00006121      0x75a ./src/main.o
 .debug_line    0x0000687b      0x5af ./src/stm32l1xx_hal_msp.o
 .debug_line    0x00006e2a      0x5d2 ./src/stm32l1xx_it.o

.debug_frame    0x00000000     0x1d1c
 *(.debug_frame)
 .debug_frame   0x00000000      0x168 ./system/src/stm32l1xx/stm32l1xx_hal.o
 .debug_frame   0x00000168      0x134 ./system/src/stm32l1xx/stm32l1xx_hal_cortex.o
 .debug_frame   0x0000029c       0xc4 ./system/src/stm32l1xx/stm32l1xx_hal_gpio.o
 .debug_frame   0x00000360      0x808 ./system/src/stm32l1xx/stm32l1xx_hal_i2c.o
 .debug_frame   0x00000b68       0x80 ./system/src/stm32l1xx/stm32l1xx_hal_pwr_ex.o
 .debug_frame   0x00000be8      0x168 ./system/src/stm32l1xx/stm32l1xx_hal_rcc.o
 .debug_frame   0x00000d50      0x378 ./system/src/stm32l1xx/stm32l1xx_hal_uart.o
 .debug_frame   0x000010c8       0x38 ./system/src/newlib/_exit.o
 .debug_frame   0x00001100       0x28 ./system/src/newlib/_sbrk.o
 .debug_frame   0x00001128       0x7c ./system/src/newlib/_startup.o
 .debug_frame   0x000011a4       0x50 ./system/src/newlib/_syscalls.o
 .debug_frame   0x000011f4       0x94 ./system/src/diag/Trace.o
 .debug_frame   0x00001288       0x30 ./system/src/diag/trace_impl.o
 .debug_frame   0x000012b8       0x40 ./system/src/cortexm/_initialize_hardware.o
 .debug_frame   0x000012f8      0x144 ./system/src/cortexm/exception_handlers.o
 .debug_frame   0x0000143c       0x30 ./system/src/cmsis/system_stm32l1xx.o
 .debug_frame   0x0000146c      0x1f8 ./src/main.o
 .debug_frame   0x00001664       0xa0 ./src/stm32l1xx_hal_msp.o
 .debug_frame   0x00001704       0xc0 ./src/stm32l1xx_it.o
 .debug_frame   0x000017c4       0x20 /home/clnx/STM32Toolchain/gcc-arm/bin/../lib/gcc/arm-none-eabi/5.4.1/../../../../arm-none-eabi/lib/armv7-m/libg_nano.a(lib_a-errno.o)
 .debug_frame   0x000017e4       0x30 /home/clnx/STM32Toolchain/gcc-arm/bin/../lib/gcc/arm-none-eabi/5.4.1/../../../../arm-none-eabi/lib/armv7-m/libg_nano.a(lib_a-malloc.o)
 .debug_frame   0x00001814       0x28 /home/clnx/STM32Toolchain/gcc-arm/bin/../lib/gcc/arm-none-eabi/5.4.1/../../../../arm-none-eabi/lib/armv7-m/libg_nano.a(lib_a-memcpy-stub.o)
 .debug_frame   0x0000183c       0x20 /home/clnx/STM32Toolchain/gcc-arm/bin/../lib/gcc/arm-none-eabi/5.4.1/../../../../arm-none-eabi/lib/armv7-m/libg_nano.a(lib_a-memset.o)
 .debug_frame   0x0000185c       0x38 /home/clnx/STM32Toolchain/gcc-arm/bin/../lib/gcc/arm-none-eabi/5.4.1/../../../../arm-none-eabi/lib/armv7-m/libg_nano.a(lib_a-nano-freer.o)
 .debug_frame   0x00001894       0x2c /home/clnx/STM32Toolchain/gcc-arm/bin/../lib/gcc/arm-none-eabi/5.4.1/../../../../arm-none-eabi/lib/armv7-m/libg_nano.a(lib_a-nano-mallocr.o)
 .debug_frame   0x000018c0       0x20 /home/clnx/STM32Toolchain/gcc-arm/bin/../lib/gcc/arm-none-eabi/5.4.1/../../../../arm-none-eabi/lib/armv7-m/libg_nano.a(lib_a-realloc.o)
 .debug_frame   0x000018e0       0x2c /home/clnx/STM32Toolchain/gcc-arm/bin/../lib/gcc/arm-none-eabi/5.4.1/../../../../arm-none-eabi/lib/armv7-m/libg_nano.a(lib_a-sbrkr.o)
 .debug_frame   0x0000190c       0x70 /home/clnx/STM32Toolchain/gcc-arm/bin/../lib/gcc/arm-none-eabi/5.4.1/../../../../arm-none-eabi/lib/armv7-m/libg_nano.a(lib_a-sprintf.o)
 .debug_frame   0x0000197c       0x84 /home/clnx/STM32Toolchain/gcc-arm/bin/../lib/gcc/arm-none-eabi/5.4.1/../../../../arm-none-eabi/lib/armv7-m/libg_nano.a(lib_a-strtol.o)
 .debug_frame   0x00001a00       0x48 /home/clnx/STM32Toolchain/gcc-arm/bin/../lib/gcc/arm-none-eabi/5.4.1/../../../../arm-none-eabi/lib/armv7-m/libg_nano.a(lib_a-vsnprintf.o)
 .debug_frame   0x00001a48       0x88 /home/clnx/STM32Toolchain/gcc-arm/bin/../lib/gcc/arm-none-eabi/5.4.1/../../../../arm-none-eabi/lib/armv7-m/libg_nano.a(lib_a-locale.o)
 .debug_frame   0x00001ad0       0x44 /home/clnx/STM32Toolchain/gcc-arm/bin/../lib/gcc/arm-none-eabi/5.4.1/../../../../arm-none-eabi/lib/armv7-m/libg_nano.a(lib_a-mbtowc_r.o)
 .debug_frame   0x00001b14       0x30 /home/clnx/STM32Toolchain/gcc-arm/bin/../lib/gcc/arm-none-eabi/5.4.1/../../../../arm-none-eabi/lib/armv7-m/libg_nano.a(lib_a-mlock.o)
 .debug_frame   0x00001b44       0x3c /home/clnx/STM32Toolchain/gcc-arm/bin/../lib/gcc/arm-none-eabi/5.4.1/../../../../arm-none-eabi/lib/armv7-m/libg_nano.a(lib_a-nano-reallocr.o)
 .debug_frame   0x00001b80       0x90 /home/clnx/STM32Toolchain/gcc-arm/bin/../lib/gcc/arm-none-eabi/5.4.1/../../../../arm-none-eabi/lib/armv7-m/libg_nano.a(lib_a-nano-svfprintf.o)
 .debug_frame   0x00001c10       0x60 /home/clnx/STM32Toolchain/gcc-arm/bin/../lib/gcc/arm-none-eabi/5.4.1/../../../../arm-none-eabi/lib/armv7-m/libg_nano.a(lib_a-nano-vfprintf_i.o)
 .debug_frame   0x00001c70       0x3c /home/clnx/STM32Toolchain/gcc-arm/bin/../lib/gcc/arm-none-eabi/5.4.1/../../../../arm-none-eabi/lib/armv7-m/libg_nano.a(lib_a-wctomb_r.o)
 .debug_frame   0x00001cac       0x28 /home/clnx/STM32Toolchain/gcc-arm/bin/../lib/gcc/arm-none-eabi/5.4.1/../../../../arm-none-eabi/lib/armv7-m/libg_nano.a(lib_a-memchr-stub.o)
 .debug_frame   0x00001cd4       0x28 /home/clnx/STM32Toolchain/gcc-arm/bin/../lib/gcc/arm-none-eabi/5.4.1/../../../../arm-none-eabi/lib/armv7-m/libg_nano.a(lib_a-memmove.o)
 .debug_frame   0x00001cfc       0x20 /home/clnx/STM32Toolchain/gcc-arm/bin/../lib/gcc/arm-none-eabi/5.4.1/../../../../arm-none-eabi/lib/armv7-m/libg_nano.a(lib_a-nano-msizer.o)

.debug_str      0x00000000    0x88fe7
 *(.debug_str)
 .debug_str     0x00000000    0x841f3 ./system/src/stm32l1xx/stm32l1xx_hal.o
                              0x84595 (size before relaxing)
 .debug_str     0x000841f3      0x3ac ./system/src/stm32l1xx/stm32l1xx_hal_cortex.o
                              0x84698 (size before relaxing)
 .debug_str     0x0008459f      0x2ce ./system/src/stm32l1xx/stm32l1xx_hal_gpio.o
                              0x84187 (size before relaxing)
 .debug_str     0x0008486d      0xea7 ./system/src/stm32l1xx/stm32l1xx_hal_i2c.o
                              0x84daf (size before relaxing)
 .debug_str     0x00085714      0x118 ./system/src/stm32l1xx/stm32l1xx_hal_pwr_ex.o
                              0x83f5d (size before relaxing)
 .debug_str     0x0008582c      0x53c ./system/src/stm32l1xx/stm32l1xx_hal_rcc.o
                              0x8451c (size before relaxing)
 .debug_str     0x00085d68      0x50c ./system/src/stm32l1xx/stm32l1xx_hal_uart.o
                              0x845e8 (size before relaxing)
 .debug_str     0x00086274     0x10b6 ./system/src/newlib/_exit.o
                               0x6e4b (size before relaxing)
 .debug_str     0x0008732a      0x4de ./system/src/newlib/_sbrk.o
                               0x6236 (size before relaxing)
 .debug_str     0x00087808      0x260 ./system/src/newlib/_startup.o
                               0x5deb (size before relaxing)
 .debug_str     0x00087a68      0xe18 ./system/src/newlib/_syscalls.o
                               0x7096 (size before relaxing)
 .debug_str     0x00088880      0x176 ./system/src/diag/Trace.o
                               0x763b (size before relaxing)
 .debug_str     0x000889f6       0x4b ./system/src/diag/trace_impl.o
                              0x4f243 (size before relaxing)
 .debug_str     0x00088a41       0x5e ./system/src/cortexm/_initialize_hardware.o
                              0x4b725 (size before relaxing)
 .debug_str     0x00088a9f      0x1e5 ./system/src/cortexm/exception_handlers.o
                              0x500a4 (size before relaxing)
 .debug_str     0x00088c84       0x98 ./system/src/cmsis/system_stm32l1xx.o
                              0x4b7e0 (size before relaxing)
 .debug_str     0x00088d1c      0x275 ./src/main.o
                              0x84e28 (size before relaxing)
 .debug_str     0x00088f91       0x1b ./src/stm32l1xx_hal_msp.o
                              0x848d6 (size before relaxing)
 .debug_str     0x00088fac       0x3b ./src/stm32l1xx_it.o
                              0x83eff (size before relaxing)

.debug_loc      0x00000000     0x5b6d
 *(.debug_loc)
 .debug_loc     0x00000000       0x6a ./system/src/stm32l1xx/stm32l1xx_hal.o
 .debug_loc     0x0000006a      0x527 ./system/src/stm32l1xx/stm32l1xx_hal_cortex.o
 .debug_loc     0x00000591      0x315 ./system/src/stm32l1xx/stm32l1xx_hal_gpio.o
 .debug_loc     0x000008a6     0x2917 ./system/src/stm32l1xx/stm32l1xx_hal_i2c.o
 .debug_loc     0x000031bd       0xac ./system/src/stm32l1xx/stm32l1xx_hal_pwr_ex.o
 .debug_loc     0x00003269      0xc24 ./system/src/stm32l1xx/stm32l1xx_hal_rcc.o
 .debug_loc     0x00003e8d     0x1009 ./system/src/stm32l1xx/stm32l1xx_hal_uart.o
 .debug_loc     0x00004e96       0x82 ./system/src/newlib/_sbrk.o
 .debug_loc     0x00004f18      0x265 ./system/src/newlib/_startup.o
 .debug_loc     0x0000517d       0x63 ./system/src/newlib/_syscalls.o
 .debug_loc     0x000051e0      0x102 ./system/src/diag/Trace.o
 .debug_loc     0x000052e2       0x21 ./system/src/diag/trace_impl.o
 .debug_loc     0x00005303      0x184 ./system/src/cortexm/exception_handlers.o
 .debug_loc     0x00005487      0x16b ./system/src/cmsis/system_stm32l1xx.o
 .debug_loc     0x000055f2      0x4ba ./src/main.o
 .debug_loc     0x00005aac       0xc1 ./src/stm32l1xx_hal_msp.o

.debug_macinfo
 *(.debug_macinfo)

.debug_weaknames
 *(.debug_weaknames)

.debug_funcnames
 *(.debug_funcnames)

.debug_typenames
 *(.debug_typenames)

.debug_varnames
 *(.debug_varnames)
OUTPUT(MEMS_MAG3110_D7.elf elf32-littlearm)

.debug_ranges   0x00000000      0x890
 .debug_ranges  0x00000000       0xa0 ./system/src/stm32l1xx/stm32l1xx_hal.o
 .debug_ranges  0x000000a0       0x88 ./system/src/stm32l1xx/stm32l1xx_hal_cortex.o
 .debug_ranges  0x00000128       0x48 ./system/src/stm32l1xx/stm32l1xx_hal_gpio.o
 .debug_ranges  0x00000170      0x258 ./system/src/stm32l1xx/stm32l1xx_hal_i2c.o
 .debug_ranges  0x000003c8       0x40 ./system/src/stm32l1xx/stm32l1xx_hal_pwr_ex.o
 .debug_ranges  0x00000408       0x98 ./system/src/stm32l1xx/stm32l1xx_hal_rcc.o
 .debug_ranges  0x000004a0      0x140 ./system/src/stm32l1xx/stm32l1xx_hal_uart.o
 .debug_ranges  0x000005e0       0x18 ./system/src/newlib/_exit.o
 .debug_ranges  0x000005f8       0x10 ./system/src/newlib/_sbrk.o
 .debug_ranges  0x00000608       0x48 ./system/src/newlib/_startup.o
 .debug_ranges  0x00000650       0x20 ./system/src/newlib/_syscalls.o
 .debug_ranges  0x00000670       0x28 ./system/src/diag/Trace.o
 .debug_ranges  0x00000698       0x18 ./system/src/diag/trace_impl.o
 .debug_ranges  0x000006b0       0x18 ./system/src/cortexm/_initialize_hardware.o
 .debug_ranges  0x000006c8       0x78 ./system/src/cortexm/exception_handlers.o
 .debug_ranges  0x00000740       0x20 ./system/src/cmsis/startup_stm32l152xe.o
 .debug_ranges  0x00000760       0x18 ./system/src/cmsis/system_stm32l1xx.o
 .debug_ranges  0x00000778       0x90 ./src/main.o
 .debug_ranges  0x00000808       0x30 ./src/stm32l1xx_hal_msp.o
 .debug_ranges  0x00000838       0x58 ./src/stm32l1xx_it.o

.debug_macro    0x00000000    0x17a98
 .debug_macro   0x00000000      0x2e0 ./system/src/stm32l1xx/stm32l1xx_hal.o
 .debug_macro   0x000002e0      0x874 ./system/src/stm32l1xx/stm32l1xx_hal.o
 .debug_macro   0x00000b54       0x22 ./system/src/stm32l1xx/stm32l1xx_hal.o
 .debug_macro   0x00000b76       0x88 ./system/src/stm32l1xx/stm32l1xx_hal.o
 .debug_macro   0x00000bfe       0x2e ./system/src/stm32l1xx/stm32l1xx_hal.o
 .debug_macro   0x00000c2c       0x22 ./system/src/stm32l1xx/stm32l1xx_hal.o
 .debug_macro   0x00000c4e      0x34e ./system/src/stm32l1xx/stm32l1xx_hal.o
 .debug_macro   0x00000f9c       0x34 ./system/src/stm32l1xx/stm32l1xx_hal.o
 .debug_macro   0x00000fd0       0x34 ./system/src/stm32l1xx/stm32l1xx_hal.o
 .debug_macro   0x00001004      0xcb4 ./system/src/stm32l1xx/stm32l1xx_hal.o
 .debug_macro   0x00001cb8     0xbea1 ./system/src/stm32l1xx/stm32l1xx_hal.o
 .debug_macro   0x0000db59       0x43 ./system/src/stm32l1xx/stm32l1xx_hal.o
 .debug_macro   0x0000db9c     0x339f ./system/src/stm32l1xx/stm32l1xx_hal.o
 .debug_macro   0x00010f3b       0x22 ./system/src/stm32l1xx/stm32l1xx_hal.o
 .debug_macro   0x00010f5d       0x4c ./system/src/stm32l1xx/stm32l1xx_hal.o
 .debug_macro   0x00010fa9       0x8d ./system/src/stm32l1xx/stm32l1xx_hal.o
 .debug_macro   0x00011036       0x35 ./system/src/stm32l1xx/stm32l1xx_hal.o
 .debug_macro   0x0001106b       0x9c ./system/src/stm32l1xx/stm32l1xx_hal.o
 .debug_macro   0x00011107       0x16 ./system/src/stm32l1xx/stm32l1xx_hal.o
 .debug_macro   0x0001111d       0x4a ./system/src/stm32l1xx/stm32l1xx_hal.o
 .debug_macro   0x00011167       0x97 ./system/src/stm32l1xx/stm32l1xx_hal.o
 .debug_macro   0x000111fe      0x30d ./system/src/stm32l1xx/stm32l1xx_hal.o
 .debug_macro   0x0001150b       0xfd ./system/src/stm32l1xx/stm32l1xx_hal.o
 .debug_macro   0x00011608       0x10 ./system/src/stm32l1xx/stm32l1xx_hal.o
 .debug_macro   0x00011618       0x52 ./system/src/stm32l1xx/stm32l1xx_hal.o
 .debug_macro   0x0001166a       0x1f ./system/src/stm32l1xx/stm32l1xx_hal.o
 .debug_macro   0x00011689       0x43 ./system/src/stm32l1xx/stm32l1xx_hal.o
 .debug_macro   0x000116cc       0x20 ./system/src/stm32l1xx/stm32l1xx_hal.o
 .debug_macro   0x000116ec      0x187 ./system/src/stm32l1xx/stm32l1xx_hal.o
 .debug_macro   0x00011873       0x10 ./system/src/stm32l1xx/stm32l1xx_hal.o
 .debug_macro   0x00011883       0x5e ./system/src/stm32l1xx/stm32l1xx_hal.o
 .debug_macro   0x000118e1       0x1c ./system/src/stm32l1xx/stm32l1xx_hal.o
 .debug_macro   0x000118fd       0x52 ./system/src/stm32l1xx/stm32l1xx_hal.o
 .debug_macro   0x0001194f       0x40 ./system/src/stm32l1xx/stm32l1xx_hal.o
 .debug_macro   0x0001198f       0x10 ./system/src/stm32l1xx/stm32l1xx_hal.o
 .debug_macro   0x0001199f       0x40 ./system/src/stm32l1xx/stm32l1xx_hal.o
 .debug_macro   0x000119df       0xd7 ./system/src/stm32l1xx/stm32l1xx_hal.o
 .debug_macro   0x00011ab6       0x16 ./system/src/stm32l1xx/stm32l1xx_hal.o
 .debug_macro   0x00011acc      0x18b ./system/src/stm32l1xx/stm32l1xx_hal.o
 .debug_macro   0x00011c57       0x57 ./system/src/stm32l1xx/stm32l1xx_hal.o
 .debug_macro   0x00011cae      0xe3f ./system/src/stm32l1xx/stm32l1xx_hal.o
 .debug_macro   0x00012aed      0x363 ./system/src/stm32l1xx/stm32l1xx_hal.o
 .debug_macro   0x00012e50      0x141 ./system/src/stm32l1xx/stm32l1xx_hal.o
 .debug_macro   0x00012f91       0xc6 ./system/src/stm32l1xx/stm32l1xx_hal.o
 .debug_macro   0x00013057      0x25d ./system/src/stm32l1xx/stm32l1xx_hal.o
 .debug_macro   0x000132b4      0x23c ./system/src/stm32l1xx/stm32l1xx_hal.o
 .debug_macro   0x000134f0      0x115 ./system/src/stm32l1xx/stm32l1xx_hal.o
 .debug_macro   0x00013605      0x56d ./system/src/stm32l1xx/stm32l1xx_hal.o
 .debug_macro   0x00013b72      0x225 ./system/src/stm32l1xx/stm32l1xx_hal.o
 .debug_macro   0x00013d97      0x1ef ./system/src/stm32l1xx/stm32l1xx_hal.o
 .debug_macro   0x00013f86       0x22 ./system/src/stm32l1xx/stm32l1xx_hal.o
 .debug_macro   0x00013fa8      0x287 ./system/src/stm32l1xx/stm32l1xx_hal.o
 .debug_macro   0x0001422f      0x472 ./system/src/stm32l1xx/stm32l1xx_hal.o
 .debug_macro   0x000146a1      0x2bc ./system/src/stm32l1xx/stm32l1xx_hal_cortex.o
 .debug_macro   0x0001495d      0x2f5 ./system/src/stm32l1xx/stm32l1xx_hal_gpio.o
 .debug_macro   0x00014c52      0x30a ./system/src/stm32l1xx/stm32l1xx_hal_i2c.o
 .debug_macro   0x00014f5c      0x2bc ./system/src/stm32l1xx/stm32l1xx_hal_pwr_ex.o
 .debug_macro   0x00015218      0x2f8 ./system/src/stm32l1xx/stm32l1xx_hal_rcc.o
 .debug_macro   0x00015510      0x2bd ./system/src/stm32l1xx/stm32l1xx_hal_uart.o
 .debug_macro   0x000157cd      0x19c ./system/src/newlib/_exit.o
 .debug_macro   0x00015969      0x10e ./system/src/newlib/_exit.o
 .debug_macro   0x00015a77       0x8d ./system/src/newlib/_exit.o
 .debug_macro   0x00015b04       0x35 ./system/src/newlib/_exit.o
 .debug_macro   0x00015b39      0x151 ./system/src/newlib/_sbrk.o
 .debug_macro   0x00015c8a      0x174 ./system/src/newlib/_sbrk.o
 .debug_macro   0x00015dfe       0x10 ./system/src/newlib/_sbrk.o
 .debug_macro   0x00015e0e      0x23b ./system/src/newlib/_sbrk.o
 .debug_macro   0x00016049      0x15b ./system/src/newlib/_startup.o
 .debug_macro   0x000161a4      0x1ff ./system/src/newlib/_syscalls.o
 .debug_macro   0x000163a3       0x1c ./system/src/newlib/_syscalls.o
 .debug_macro   0x000163bf       0x10 ./system/src/newlib/_syscalls.o
 .debug_macro   0x000163cf       0x10 ./system/src/newlib/_syscalls.o
 .debug_macro   0x000163df       0x10 ./system/src/newlib/_syscalls.o
 .debug_macro   0x000163ef       0x35 ./system/src/newlib/_syscalls.o
 .debug_macro   0x00016424      0x122 ./system/src/newlib/_syscalls.o
 .debug_macro   0x00016546       0x88 ./system/src/newlib/_syscalls.o
 .debug_macro   0x000165ce       0x2b ./system/src/newlib/_syscalls.o
 .debug_macro   0x000165f9      0x118 ./system/src/newlib/_syscalls.o
 .debug_macro   0x00016711      0x159 ./system/src/newlib/_syscalls.o
 .debug_macro   0x0001686a       0x16 ./system/src/newlib/_syscalls.o
 .debug_macro   0x00016880      0x1d9 ./system/src/diag/Trace.o
 .debug_macro   0x00016a59       0x4c ./system/src/diag/Trace.o
 .debug_macro   0x00016aa5       0x16 ./system/src/diag/Trace.o
 .debug_macro   0x00016abb      0x1d0 ./system/src/diag/trace_impl.o
 .debug_macro   0x00016c8b       0x10 ./system/src/diag/trace_impl.o
 .debug_macro   0x00016c9b       0xcf ./system/src/diag/trace_impl.o
 .debug_macro   0x00016d6a       0xbe ./system/src/diag/trace_impl.o
 .debug_macro   0x00016e28       0x8a ./system/src/cortexm/_initialize_hardware.o
 .debug_macro   0x00016eb2      0x221 ./system/src/cortexm/exception_handlers.o
 .debug_macro   0x000170d3       0x3a ./system/src/cortexm/exception_handlers.o
 .debug_macro   0x0001710d       0x22 ./system/src/cortexm/exception_handlers.o
 .debug_macro   0x0001712f       0x10 ./system/src/cortexm/exception_handlers.o
 .debug_macro   0x0001713f       0x92 ./system/src/cmsis/system_stm32l1xx.o
 .debug_macro   0x000171d1      0x345 ./src/main.o
 .debug_macro   0x00017516      0x2bc ./src/stm32l1xx_hal_msp.o
 .debug_macro   0x000177d2      0x2c6 ./src/stm32l1xx_it.o
