Archive member included to satisfy reference by file (symbol)

/home/clnx/STM32Toolchain/gcc-arm/bin/../lib/gcc/arm-none-eabi/5.4.1/armv7-m/libgcc.a(unwind-arm.o)
                              ./system/src/newlib/_cxx.o (__aeabi_unwind_cpp_pr1)
/home/clnx/STM32Toolchain/gcc-arm/bin/../lib/gcc/arm-none-eabi/5.4.1/armv7-m/libgcc.a(libunwind.o)
                              /home/clnx/STM32Toolchain/gcc-arm/bin/../lib/gcc/arm-none-eabi/5.4.1/armv7-m/libgcc.a(unwind-arm.o) (restore_core_regs)
/home/clnx/STM32Toolchain/gcc-arm/bin/../lib/gcc/arm-none-eabi/5.4.1/armv7-m/libgcc.a(pr-support.o)
                              /home/clnx/STM32Toolchain/gcc-arm/bin/../lib/gcc/arm-none-eabi/5.4.1/armv7-m/libgcc.a(unwind-arm.o) (__gnu_unwind_execute)
/home/clnx/STM32Toolchain/gcc-arm/bin/../lib/gcc/arm-none-eabi/5.4.1/../../../../arm-none-eabi/lib/armv7-m/libg_nano.a(lib_a-errno.o)
                              ./system/src/newlib/_sbrk.o (__errno)
/home/clnx/STM32Toolchain/gcc-arm/bin/../lib/gcc/arm-none-eabi/5.4.1/../../../../arm-none-eabi/lib/armv7-m/libg_nano.a(lib_a-impure.o)
                              /home/clnx/STM32Toolchain/gcc-arm/bin/../lib/gcc/arm-none-eabi/5.4.1/../../../../arm-none-eabi/lib/armv7-m/libg_nano.a(lib_a-errno.o) (_impure_ptr)
/home/clnx/STM32Toolchain/gcc-arm/bin/../lib/gcc/arm-none-eabi/5.4.1/../../../../arm-none-eabi/lib/armv7-m/libg_nano.a(lib_a-init.o)
                              ./system/src/cmsis/startup_stm32l162xd.o (__libc_init_array)
/home/clnx/STM32Toolchain/gcc-arm/bin/../lib/gcc/arm-none-eabi/5.4.1/../../../../arm-none-eabi/lib/armv7-m/libg_nano.a(lib_a-memcpy-stub.o)
                              /home/clnx/STM32Toolchain/gcc-arm/bin/../lib/gcc/arm-none-eabi/5.4.1/armv7-m/libgcc.a(unwind-arm.o) (memcpy)
/home/clnx/STM32Toolchain/gcc-arm/bin/../lib/gcc/arm-none-eabi/5.4.1/../../../../arm-none-eabi/lib/armv7-m/libg_nano.a(lib_a-strlen.o)
                              ./system/src/diag/Trace.o (strlen)
/home/clnx/STM32Toolchain/gcc-arm/bin/../lib/gcc/arm-none-eabi/5.4.1/../../../../arm-none-eabi/lib/armv7-m/libg_nano.a(lib_a-vsnprintf.o)
                              ./system/src/diag/Trace.o (vsnprintf)
/home/clnx/STM32Toolchain/gcc-arm/bin/../lib/gcc/arm-none-eabi/5.4.1/../../../../arm-none-eabi/lib/armv7-m/libg_nano.a(lib_a-nano-svfprintf.o)
                              /home/clnx/STM32Toolchain/gcc-arm/bin/../lib/gcc/arm-none-eabi/5.4.1/../../../../arm-none-eabi/lib/armv7-m/libg_nano.a(lib_a-vsnprintf.o) (_svfprintf_r)
/home/clnx/STM32Toolchain/gcc-arm/bin/../lib/gcc/arm-none-eabi/5.4.1/../../../../arm-none-eabi/lib/armv7-m/libg_nano.a(lib_a-nano-vfprintf_i.o)
                              /home/clnx/STM32Toolchain/gcc-arm/bin/../lib/gcc/arm-none-eabi/5.4.1/../../../../arm-none-eabi/lib/armv7-m/libg_nano.a(lib_a-nano-svfprintf.o) (_printf_i)
/home/clnx/STM32Toolchain/gcc-arm/bin/../lib/gcc/arm-none-eabi/5.4.1/../../../../arm-none-eabi/lib/armv7-m/libg_nano.a(lib_a-memchr-stub.o)
                              /home/clnx/STM32Toolchain/gcc-arm/bin/../lib/gcc/arm-none-eabi/5.4.1/../../../../arm-none-eabi/lib/armv7-m/libg_nano.a(lib_a-nano-svfprintf.o) (memchr)
/home/clnx/STM32Toolchain/gcc-arm/bin/../lib/gcc/arm-none-eabi/5.4.1/../../../../arm-none-eabi/lib/armv7-m/libg_nano.a(lib_a-memmove.o)
                              /home/clnx/STM32Toolchain/gcc-arm/bin/../lib/gcc/arm-none-eabi/5.4.1/../../../../arm-none-eabi/lib/armv7-m/libg_nano.a(lib_a-nano-svfprintf.o) (memmove)
/home/clnx/STM32Toolchain/gcc-arm/bin/../lib/gcc/arm-none-eabi/5.4.1/../../../../arm-none-eabi/lib/armv7-m/libg_nano.a(lib_a-nano-freer.o)
                              /home/clnx/STM32Toolchain/gcc-arm/bin/../lib/gcc/arm-none-eabi/5.4.1/../../../../arm-none-eabi/lib/armv7-m/libg_nano.a(lib_a-nano-svfprintf.o) (_free_r)
/home/clnx/STM32Toolchain/gcc-arm/bin/../lib/gcc/arm-none-eabi/5.4.1/../../../../arm-none-eabi/lib/armv7-m/libg_nano.a(lib_a-nano-mallocr.o)
                              /home/clnx/STM32Toolchain/gcc-arm/bin/../lib/gcc/arm-none-eabi/5.4.1/../../../../arm-none-eabi/lib/armv7-m/libg_nano.a(lib_a-nano-svfprintf.o) (_malloc_r)
/home/clnx/STM32Toolchain/gcc-arm/bin/../lib/gcc/arm-none-eabi/5.4.1/../../../../arm-none-eabi/lib/armv7-m/libg_nano.a(lib_a-nano-reallocr.o)
                              /home/clnx/STM32Toolchain/gcc-arm/bin/../lib/gcc/arm-none-eabi/5.4.1/../../../../arm-none-eabi/lib/armv7-m/libg_nano.a(lib_a-nano-svfprintf.o) (_realloc_r)
/home/clnx/STM32Toolchain/gcc-arm/bin/../lib/gcc/arm-none-eabi/5.4.1/../../../../arm-none-eabi/lib/armv7-m/libg_nano.a(lib_a-sbrkr.o)
                              /home/clnx/STM32Toolchain/gcc-arm/bin/../lib/gcc/arm-none-eabi/5.4.1/../../../../arm-none-eabi/lib/armv7-m/libg_nano.a(lib_a-nano-mallocr.o) (_sbrk_r)
/home/clnx/STM32Toolchain/gcc-arm/bin/../lib/gcc/arm-none-eabi/5.4.1/../../../../arm-none-eabi/lib/armv7-m/libg_nano.a(lib_a-mlock.o)
[...]
Memory Configuration

Name             Origin             Length             Attributes
FLASH            0x08000000         0x00060000         xr
RAM              0x20000000         0x0000c000         xrw
CCMRAM           0x10000000         0x00000000         xrw
FLASHB1          0x00000000         0x00000000         xr
EXTMEMB0         0x00000000         0x00000000         xr
EXTMEMB1         0x00000000         0x00000000         xr
EXTMEMB2         0x00000000         0x00000000         xr
EXTMEMB3         0x00000000         0x00000000         xr
*default*        0x00000000         0xffffffff

Linker script and memory map

LOAD ./system/src/stm32l1xx/stm32l1xx_hal.o
LOAD ./system/src/stm32l1xx/stm32l1xx_hal_cortex.o
LOAD ./system/src/stm32l1xx/stm32l1xx_hal_dma.o
LOAD ./system/src/stm32l1xx/stm32l1xx_hal_flash.o
LOAD ./system/src/stm32l1xx/stm32l1xx_hal_flash_ex.o
LOAD ./system/src/stm32l1xx/stm32l1xx_hal_flash_ramfunc.o
LOAD ./system/src/stm32l1xx/stm32l1xx_hal_gpio.o
LOAD ./system/src/stm32l1xx/stm32l1xx_hal_pwr.o
LOAD ./system/src/stm32l1xx/stm32l1xx_hal_pwr_ex.o
LOAD ./system/src/stm32l1xx/stm32l1xx_hal_rcc.o
LOAD ./system/src/stm32l1xx/stm32l1xx_hal_rcc_ex.o
LOAD ./system/src/stm32l1xx/stm32l1xx_hal_tim.o
LOAD ./system/src/stm32l1xx/stm32l1xx_hal_tim_ex.o
LOAD ./system/src/newlib/_cxx.o
LOAD ./system/src/newlib/_exit.o
LOAD ./system/src/newlib/_sbrk.o
LOAD ./system/src/newlib/_startup.o
LOAD ./system/src/newlib/_syscalls.o
LOAD ./system/src/newlib/assert.o
LOAD ./system/src/diag/Trace.o
LOAD ./system/src/diag/trace_impl.o
LOAD ./system/src/cortexm/_initialize_hardware.o
LOAD ./system/src/cortexm/_reset_hardware.o
LOAD ./system/src/cortexm/exception_handlers.o
LOAD ./system/src/cmsis/startup_stm32l162xd.o
LOAD ./system/src/cmsis/system_stm32l1xx.o
LOAD ./src/main.o
LOAD ./src/stm32l1xx_hal_msp.o
LOAD ./src/stm32l1xx_it.o
LOAD /home/clnx/STM32Toolchain/gcc-arm/bin/../lib/gcc/arm-none-eabi/5.4.1/../../../../arm-none-eabi/lib/armv7-m/libstdc++_nano.a
LOAD /home/clnx/STM32Toolchain/gcc-arm/bin/../lib/gcc/arm-none-eabi/5.4.1/../../../../arm-none-eabi/lib/armv7-m/libm.a
START GROUP
LOAD /home/clnx/STM32Toolchain/gcc-arm/bin/../lib/gcc/arm-none-eabi/5.4.1/armv7-m/libgcc.a
LOAD /home/clnx/STM32Toolchain/gcc-arm/bin/../lib/gcc/arm-none-eabi/5.4.1/../../../../arm-none-eabi/lib/armv7-m/libg_nano.a
LOAD /home/clnx/STM32Toolchain/gcc-arm/bin/../lib/gcc/arm-none-eabi/5.4.1/../../../../arm-none-eabi/lib/armv7-m/libc_nano.a
END GROUP
START GROUP
LOAD /home/clnx/STM32Toolchain/gcc-arm/bin/../lib/gcc/arm-none-eabi/5.4.1/armv7-m/libgcc.a
LOAD /home/clnx/STM32Toolchain/gcc-arm/bin/../lib/gcc/arm-none-eabi/5.4.1/../../../../arm-none-eabi/lib/armv7-m/libc_nano.a
END GROUP
                0x2000c000                __stack = (ORIGIN (RAM) + LENGTH (RAM))
                0x2000c000                _estack = __stack
                0x00000400                __Main_Stack_Size = 0x400
                [!provide]                PROVIDE (_Main_Stack_Size, __Main_Stack_Size)
                0x2000bc00                __Main_Stack_Limit = (__stack - __Main_Stack_Size)
                [!provide]                PROVIDE (_Main_Stack_Limit, __Main_Stack_Limit)
                0x00000100                _Minimum_Stack_Size = 0x100
                0x20000118                PROVIDE (_Heap_Begin, _end_noinit)
                0x2000bc00                PROVIDE (_Heap_Limit, (__stack - __Main_Stack_Size))

.isr_vector     0x08000000      0x354
 FILL mask 0xff
                0x08000000                __vectors_start = ABSOLUTE (.)
                0x08000000                __vectors_start__ = ABSOLUTE (.)
 *(.isr_vector)
 .isr_vector    0x08000000      0x13c ./system/src/cmsis/startup_stm32l162xd.o
                0x08000000                g_pfnVectors
 *(.cfmconfig)
 *(.after_vectors .after_vectors.*)
 .after_vectors
                0x0800013c      0x114 ./system/src/newlib/_startup.o
                0x0800013c                _start
 .after_vectors
                0x08000250      0x104 ./system/src/cortexm/exception_handlers.o
                0x08000250                Reset_Handler
                0x08000270                HardFault_Handler_C
                0x080002bc                BusFault_Handler_C
                0x08000304                UsageFault_Handler_C

.inits          0x08000354       0x28
                0x08000354                __data_regions_array_start = .
                0x08000354        0x4 LONG 0x8002124 LOADADDR (.data)
                0x08000358        0x4 LONG 0x20000000 ADDR (.data)
                0x0800035c        0x4 LONG 0x20000078 (ADDR (.data) + SIZEOF (.data))
                0x08000360        0x4 LONG 0x8002124 LOADADDR (.data_CCMRAM)
                0x08000364        0x4 LONG 0x10000000 ADDR (.data_CCMRAM)
                0x08000368        0x4 LONG 0x10000000 (ADDR (.data_CCMRAM) + SIZEOF (.data_CCMRAM))
                0x0800036c                __data_regions_array_end = .
                0x0800036c                __bss_regions_array_start = .
                0x0800036c        0x4 LONG 0x20000078 ADDR (.bss)
                0x08000370        0x4 LONG 0x20000118 (ADDR (.bss) + SIZEOF (.bss))
                0x08000374        0x4 LONG 0x10000000 ADDR (.bss_CCMRAM)
                0x08000378        0x4 LONG 0x10000000 (ADDR (.bss_CCMRAM) + SIZEOF (.bss_CCMRAM))
                0x0800037c                __bss_regions_array_end = .
 *(.init)
 *(.fini)
                0x0800037c                . = ALIGN (0x4)
                0x0800037c                PROVIDE (__preinit_array_start, .)
 *(.preinit_array_sysinit .preinit_array_sysinit.*)
 *(.preinit_array_platform .preinit_array_platform.*)
 *(.preinit_array .preinit_array.*)
                0x0800037c                PROVIDE (__preinit_array_end, .)
                0x0800037c                . = ALIGN (0x4)
                0x0800037c                PROVIDE (__init_array_start, .)
 *(SORT(.init_array.*))
 *(.init_array)
                0x0800037c                PROVIDE (__init_array_end, .)
                0x0800037c                . = ALIGN (0x4)
                0x0800037c                PROVIDE (__fini_array_start, .)
 *(SORT(.fini_array.*))
 *(.fini_array)
                0x0800037c                PROVIDE (__fini_array_end, .)

.flashtext
 *(.flashtext .flashtext.*)

.text           0x0800037c     0x1da8
 *(.text .text.*)
 .text.HAL_InitTick
                0x0800037c       0x2c ./system/src/stm32l1xx/stm32l1xx_hal.o
                0x0800037c                HAL_InitTick
 .text.HAL_Init
                0x080003a8       0x18 ./system/src/stm32l1xx/stm32l1xx_hal.o
                0x080003a8                HAL_Init
 .text.HAL_IncTick
                0x080003c0       0x10 ./system/src/stm32l1xx/stm32l1xx_hal.o
                0x080003c0                HAL_IncTick
 .text.HAL_GetTick
                0x080003d0        0xc ./system/src/stm32l1xx/stm32l1xx_hal.o
                0x080003d0                HAL_GetTick
 .text.HAL_Delay
                0x080003dc       0x1c ./system/src/stm32l1xx/stm32l1xx_hal.o
                0x080003dc                HAL_Delay
 .text.HAL_NVIC_SetPriorityGrouping
                0x080003f8       0x24 ./system/src/stm32l1xx/stm32l1xx_hal_cortex.o
                0x080003f8                HAL_NVIC_SetPriorityGrouping
 .text.HAL_NVIC_SetPriority
                0x0800041c       0x64 ./system/src/stm32l1xx/stm32l1xx_hal_cortex.o
                0x0800041c                HAL_NVIC_SetPriority
 .text.HAL_SYSTICK_Config
                0x08000480       0x2c ./system/src/stm32l1xx/stm32l1xx_hal_cortex.o
                0x08000480                HAL_SYSTICK_Config
 .text.HAL_SYSTICK_CLKSourceConfig
                0x080004ac       0x20 ./system/src/stm32l1xx/stm32l1xx_hal_cortex.o
                0x080004ac                HAL_SYSTICK_CLKSourceConfig
 .text.HAL_SYSTICK_Callback
                0x080004cc        0x4 ./system/src/stm32l1xx/stm32l1xx_hal_cortex.o
                0x080004cc                HAL_SYSTICK_Callback
 .text.HAL_SYSTICK_IRQHandler
                0x080004d0        0x8 ./system/src/stm32l1xx/stm32l1xx_hal_cortex.o
                0x080004d0                HAL_SYSTICK_IRQHandler
 .text.HAL_GPIO_Init
                0x080004d8      0x1ac ./system/src/stm32l1xx/stm32l1xx_hal_gpio.o
                0x080004d8                HAL_GPIO_Init
 .text.HAL_GPIO_WritePin
                0x08000684        0xc ./system/src/stm32l1xx/stm32l1xx_hal_gpio.o
                0x08000684                HAL_GPIO_WritePin
 .text.HAL_GPIO_TogglePin
                0x08000690        0x8 ./system/src/stm32l1xx/stm32l1xx_hal_gpio.o
                0x08000690                HAL_GPIO_TogglePin
 .text.HAL_PWREx_GetVoltageRange
                0x08000698       0x10 ./system/src/stm32l1xx/stm32l1xx_hal_pwr_ex.o
                0x08000698                HAL_PWREx_GetVoltageRange
 .text.RCC_SetFlashLatencyFromMSIRange
                0x080006a8       0x90 ./system/src/stm32l1xx/stm32l1xx_hal_rcc.o
 .text.HAL_RCC_OscConfig
                0x08000738      0x79c ./system/src/stm32l1xx/stm32l1xx_hal_rcc.o
                0x08000738                HAL_RCC_OscConfig
 .text.HAL_RCC_GetSysClockFreq
                0x08000ed4       0xa0 ./system/src/stm32l1xx/stm32l1xx_hal_rcc.o
                0x08000ed4                HAL_RCC_GetSysClockFreq
 .text.HAL_RCC_ClockConfig
                0x08000f74      0x25c ./system/src/stm32l1xx/stm32l1xx_hal_rcc.o
                0x08000f74                HAL_RCC_ClockConfig
 .text.HAL_RCC_GetHCLKFreq
                0x080011d0        0xc ./system/src/stm32l1xx/stm32l1xx_hal_rcc.o
                0x080011d0                HAL_RCC_GetHCLKFreq
 .text._exit    0x080011dc        0x4 ./system/src/newlib/_exit.o
                0x080011dc                _exit
 .text._sbrk    0x080011e0       0x44 ./system/src/newlib/_sbrk.o
                0x080011e0                _sbrk
 .text.__initialize_args
                0x08001224       0x10 ./system/src/newlib/_syscalls.o
                0x08001224                __initialize_args
 .text.trace_printf
                0x08001234       0x30 ./system/src/diag/Trace.o
                0x08001234                trace_printf
 .text.trace_write
                0x08001264        0x8 ./system/src/diag/trace_impl.o
                0x08001264                trace_write
 .text.__initialize_hardware_early
                0x0800126c       0x18 ./system/src/cortexm/_initialize_hardware.o
                0x0800126c                __initialize_hardware_early
 .text.__initialize_hardware
                0x08001284        0x8 ./system/src/cortexm/_initialize_hardware.o
                0x08001284                __initialize_hardware
 .text.dumpExceptionStack
                0x0800128c       0xf0 ./system/src/cortexm/exception_handlers.o
                0x0800128c                dumpExceptionStack
 .text.Default_Handler
                0x0800137c        0x2 ./system/src/cmsis/startup_stm32l162xd.o
                0x0800137c                RTC_Alarm_IRQHandler
                0x0800137c                EXTI2_IRQHandler
                0x0800137c                COMP_ACQ_IRQHandler
                0x0800137c                TIM10_IRQHandler
                0x0800137c                USB_HP_IRQHandler
                0x0800137c                TIM6_IRQHandler
                0x0800137c                PVD_IRQHandler
                0x0800137c                SDIO_IRQHandler
                0x0800137c                EXTI3_IRQHandler
                0x0800137c                EXTI0_IRQHandler
                0x0800137c                I2C2_EV_IRQHandler
                0x0800137c                SPI1_IRQHandler
                0x0800137c                USB_FS_WKUP_IRQHandler
                0x0800137c                DMA2_Channel2_IRQHandler
                0x0800137c                DMA1_Channel4_IRQHandler
                0x0800137c                ADC1_IRQHandler
                0x0800137c                USART3_IRQHandler
                0x0800137c                DMA1_Channel7_IRQHandler
                0x0800137c                LCD_IRQHandler
                0x0800137c                UART5_IRQHandler
                0x0800137c                TIM4_IRQHandler
                0x0800137c                DMA2_Channel1_IRQHandler
                0x0800137c                I2C1_EV_IRQHandler
                0x0800137c                DMA1_Channel6_IRQHandler
                0x0800137c                UART4_IRQHandler
                0x0800137c                DMA2_Channel4_IRQHandler
                0x0800137c                TIM3_IRQHandler
                0x0800137c                RCC_IRQHandler
                0x0800137c                DMA1_Channel1_IRQHandler
                0x0800137c                Default_Handler
                0x0800137c                EXTI15_10_IRQHandler
                0x0800137c                TIM7_IRQHandler
                0x0800137c                TIM5_IRQHandler
                0x0800137c                EXTI9_5_IRQHandler
                0x0800137c                TIM9_IRQHandler
                0x0800137c                TAMPER_STAMP_IRQHandler
                0x0800137c                RTC_WKUP_IRQHandler
                0x0800137c                SPI2_IRQHandler
                0x0800137c                DMA2_Channel5_IRQHandler
                0x0800137c                DMA1_Channel5_IRQHandler
                0x0800137c                USB_LP_IRQHandler
                0x0800137c                EXTI4_IRQHandler
                0x0800137c                DMA1_Channel3_IRQHandler
                0x0800137c                COMP_IRQHandler
                0x0800137c                WWDG_IRQHandler
                0x0800137c                TIM2_IRQHandler
                0x0800137c                DAC_IRQHandler
                0x0800137c                EXTI1_IRQHandler
                0x0800137c                AES_IRQHandler
                0x0800137c                TIM11_IRQHandler
                0x0800137c                USART2_IRQHandler
                0x0800137c                I2C2_ER_IRQHandler
                0x0800137c                DMA1_Channel2_IRQHandler
                0x0800137c                FLASH_IRQHandler
                0x0800137c                USART1_IRQHandler
                0x0800137c                SPI3_IRQHandler
                0x0800137c                I2C1_ER_IRQHandler
                0x0800137c                DMA2_Channel3_IRQHandler
 *fill*         0x0800137e        0x2 
 .text.SystemInit
                0x08001380       0x48 ./system/src/cmsis/system_stm32l1xx.o
                0x08001380                SystemInit
 .text.SystemCoreClockUpdate
                0x080013c8       0xc4 ./system/src/cmsis/system_stm32l1xx.o
                0x080013c8                SystemCoreClockUpdate
 .text.MX_GPIO_Init
                0x0800148c       0x48 ./src/main.o
 .text.Error_Handler
                0x080014d4        0x4 ./src/main.o
                0x080014d4                Error_Handler
 .text.SystemClock_Config
                0x080014d8       0x7c ./src/main.o
                0x080014d8                SystemClock_Config
 .text.main     0x08001554       0xdc ./src/main.o
                0x08001554                main
 .text.HAL_MspInit
                0x08001630       0xa0 ./src/stm32l1xx_hal_msp.o
                0x08001630                HAL_MspInit
 .text.NMI_Handler
                0x080016d0        0x4 ./src/stm32l1xx_it.o
                0x080016d0                NMI_Handler
 .text.HardFault_Handler
                0x080016d4        0x4 ./src/stm32l1xx_it.o
                0x080016d4                HardFault_Handler
 .text.MemManage_Handler
                0x080016d8        0x4 ./src/stm32l1xx_it.o
                0x080016d8                MemManage_Handler
 .text.BusFault_Handler
                0x080016dc        0x4 ./src/stm32l1xx_it.o
                0x080016dc                BusFault_Handler
 .text.UsageFault_Handler
                0x080016e0        0x4 ./src/stm32l1xx_it.o
                0x080016e0                UsageFault_Handler
 .text.SVC_Handler
                0x080016e4        0x4 ./src/stm32l1xx_it.o
                0x080016e4                SVC_Handler
 .text.DebugMon_Handler
                0x080016e8        0x4 ./src/stm32l1xx_it.o
                0x080016e8                DebugMon_Handler
 .text.PendSV_Handler
                0x080016ec        0x4 ./src/stm32l1xx_it.o
                0x080016ec                PendSV_Handler
 .text.SysTick_Handler
                0x080016f0        0xc ./src/stm32l1xx_it.o
                0x080016f0                SysTick_Handler
 .text.__errno  0x080016fc        0xc /home/clnx/STM32Toolchain/gcc-arm/bin/../lib/gcc/arm-none-eabi/5.4.1/../../../../arm-none-eabi/lib/armv7-m/libg_nano.a(lib_a-errno.o)
                0x080016fc                __errno
 .text.memcpy   0x08001708       0x16 /home/clnx/STM32Toolchain/gcc-arm/bin/../lib/gcc/arm-none-eabi/5.4.1/../../../../arm-none-eabi/lib/armv7-m/libg_nano.a(lib_a-memcpy-stub.o)
                0x08001708                memcpy
 .text._vsnprintf_r
                0x0800171e       0x56 /home/clnx/STM32Toolchain/gcc-arm/bin/../lib/gcc/arm-none-eabi/5.4.1/../../../../arm-none-eabi/lib/armv7-m/libg_nano.a(lib_a-vsnprintf.o)
                0x0800171e                _vsnprintf_r
                0x0800171e                _vsniprintf_r
 .text.vsnprintf
                0x08001774       0x1c /home/clnx/STM32Toolchain/gcc-arm/bin/../lib/gcc/arm-none-eabi/5.4.1/../../../../arm-none-eabi/lib/armv7-m/libg_nano.a(lib_a-vsnprintf.o)
                0x08001774                vsnprintf
                0x08001774                vsniprintf
 .text.__ssputs_r
                0x08001790       0xb2 /home/clnx/STM32Toolchain/gcc-arm/bin/../lib/gcc/arm-none-eabi/5.4.1/../../../../arm-none-eabi/lib/armv7-m/libg_nano.a(lib_a-nano-svfprintf.o)
                0x08001790                __ssputs_r
 *fill*         0x08001842        0x2 
 .text._svfprintf_r
                0x08001844      0x1e8 /home/clnx/STM32Toolchain/gcc-arm/bin/../lib/gcc/arm-none-eabi/5.4.1/../../../../arm-none-eabi/lib/armv7-m/libg_nano.a(lib_a-nano-svfprintf.o)
                0x08001844                _svfprintf_r
                0x08001844                _svfiprintf_r
 .text._printf_common
                0x08001a2c       0xec /home/clnx/STM32Toolchain/gcc-arm/bin/../lib/gcc/arm-none-eabi/5.4.1/../../../../arm-none-eabi/lib/armv7-m/libg_nano.a(lib_a-nano-vfprintf_i.o)
                0x08001a2c                _printf_common
 .text._printf_i
                0x08001b18      0x24c /home/clnx/STM32Toolchain/gcc-arm/bin/../lib/gcc/arm-none-eabi/5.4.1/../../../../arm-none-eabi/lib/armv7-m/libg_nano.a(lib_a-nano-vfprintf_i.o)
                0x08001b18                _printf_i
 .text.memchr   0x08001d64       0x1c /home/clnx/STM32Toolchain/gcc-arm/bin/../lib/gcc/arm-none-eabi/5.4.1/../../../../arm-none-eabi/lib/armv7-m/libg_nano.a(lib_a-memchr-stub.o)
                0x08001d64                memchr
 .text.memmove  0x08001d80       0x36 /home/clnx/STM32Toolchain/gcc-arm/bin/../lib/gcc/arm-none-eabi/5.4.1/../../../../arm-none-eabi/lib/armv7-m/libg_nano.a(lib_a-memmove.o)
                0x08001d80                memmove
 *fill*         0x08001db6        0x2 
 .text._free_r  0x08001db8       0x98 /home/clnx/STM32Toolchain/gcc-arm/bin/../lib/gcc/arm-none-eabi/5.4.1/../../../../arm-none-eabi/lib/armv7-m/libg_nano.a(lib_a-nano-freer.o)
                0x08001db8                _free_r
 .text._malloc_r
                0x08001e50       0xbc /home/clnx/STM32Toolchain/gcc-arm/bin/../lib/gcc/arm-none-eabi/5.4.1/../../../../arm-none-eabi/lib/armv7-m/libg_nano.a(lib_a-nano-mallocr.o)
                0x08001e50                _malloc_r
 .text._realloc_r
                0x08001f0c       0x4c /home/clnx/STM32Toolchain/gcc-arm/bin/../lib/gcc/arm-none-eabi/5.4.1/../../../../arm-none-eabi/lib/armv7-m/libg_nano.a(lib_a-nano-reallocr.o)
                0x08001f0c                _realloc_r
 .text._sbrk_r  0x08001f58       0x20 /home/clnx/STM32Toolchain/gcc-arm/bin/../lib/gcc/arm-none-eabi/5.4.1/../../../../arm-none-eabi/lib/armv7-m/libg_nano.a(lib_a-sbrkr.o)
                0x08001f58                _sbrk_r
 .text.__malloc_lock
                0x08001f78        0x2 /home/clnx/STM32Toolchain/gcc-arm/bin/../lib/gcc/arm-none-eabi/5.4.1/../../../../arm-none-eabi/lib/armv7-m/libg_nano.a(lib_a-mlock.o)
                0x08001f78                __malloc_lock
 .text.__malloc_unlock
                0x08001f7a        0x2 /home/clnx/STM32Toolchain/gcc-arm/bin/../lib/gcc/arm-none-eabi/5.4.1/../../../../arm-none-eabi/lib/armv7-m/libg_nano.a(lib_a-mlock.o)
                0x08001f7a                __malloc_unlock
 .text._malloc_usable_size_r
                0x08001f7c       0x14 /home/clnx/STM32Toolchain/gcc-arm/bin/../lib/gcc/arm-none-eabi/5.4.1/../../../../arm-none-eabi/lib/armv7-m/libg_nano.a(lib_a-nano-msizer.o)
                0x08001f7c                _malloc_usable_size_r
 *(.rodata .rodata.* .constdata .constdata.*)
 .rodata.str1.4
                0x08001f90      0x148 ./system/src/cortexm/exception_handlers.o
                                0x146 (size before relaxing)
 .rodata.AHBPrescTable
                0x080020d8       0x10 ./system/src/cmsis/system_stm32l1xx.o
                0x080020d8                AHBPrescTable
 .rodata.PLLMulTable
                0x080020e8        0x9 ./system/src/cmsis/system_stm32l1xx.o
                0x080020e8                PLLMulTable
 .rodata.str1.1
                0x080020f1       0x11 /home/clnx/STM32Toolchain/gcc-arm/bin/../lib/gcc/arm-none-eabi/5.4.1/../../../../arm-none-eabi/lib/armv7-m/libg_nano.a(lib_a-nano-svfprintf.o)
 .rodata.str1.1
                0x08002102       0x22 /home/clnx/STM32Toolchain/gcc-arm/bin/../lib/gcc/arm-none-eabi/5.4.1/../../../../arm-none-eabi/lib/armv7-m/libg_nano.a(lib_a-nano-vfprintf_i.o)
 *(vtable)
 *(.eh_frame*)
 *(.glue_7)
 .glue_7        0x08002124        0x0 linker stubs
 *(.glue_7t)
 .glue_7t       0x08002124        0x0 linker stubs

.vfp11_veneer   0x08002124        0x0
 .vfp11_veneer  0x08002124        0x0 linker stubs

.v4_bx          0x08002124        0x0
 .v4_bx         0x08002124        0x0 linker stubs

.iplt           0x08002124        0x0
 .iplt          0x08002124        0x0 ./system/src/stm32l1xx/stm32l1xx_hal.o

.rel.dyn        0x08002124        0x0
 .rel.iplt      0x08002124        0x0 ./system/src/stm32l1xx/stm32l1xx_hal.o

.ARM.extab
 *(.ARM.extab* .gnu.linkonce.armextab.*)
                0x08002124                . = ALIGN (0x4)
                0x08002124                __exidx_start = .

.ARM.exidx
 *(.ARM.exidx* .gnu.linkonce.armexidx.*)
                0x08002124                __exidx_end = .
                0x08002124                . = ALIGN (0x4)
                0x08002124                _etext = .
                0x08002124                __etext = .

.data_CCMRAM    0x10000000        0x0 load address 0x08002124
 FILL mask 0xff
 *(.data.CCMRAM .data.CCMRAM.*)
                0x10000000                . = ALIGN (0x4)
                0x08002124                _sidata = LOADADDR (.data)

.data           0x20000000       0x78 load address 0x08002124
 FILL mask 0xff
                0x20000000                _sdata = .
                0x20000000                __data_start__ = .
 *(.data_begin .data_begin.*)
 .data_begin    0x20000000        0x4 ./system/src/newlib/_startup.o
 *(.data .data.*)
 .data.argv.4290
                0x20000004        0x8 ./system/src/newlib/_syscalls.o
 .data.SystemCoreClock
                0x2000000c        0x4 ./system/src/cmsis/system_stm32l1xx.o
                0x2000000c                SystemCoreClock
 .data.impure_data
                0x20000010       0x60 /home/clnx/STM32Toolchain/gcc-arm/bin/../lib/gcc/arm-none-eabi/5.4.1/../../../../arm-none-eabi/lib/armv7-m/libg_nano.a(lib_a-impure.o)
 .data._impure_ptr
                0x20000070        0x4 /home/clnx/STM32Toolchain/gcc-arm/bin/../lib/gcc/arm-none-eabi/5.4.1/../../../../arm-none-eabi/lib/armv7-m/libg_nano.a(lib_a-impure.o)
                0x20000070                _impure_ptr
 *(.data_end .data_end.*)
 .data_end      0x20000074        0x4 ./system/src/newlib/_startup.o
                0x20000078                . = ALIGN (0x4)
                0x20000078                _edata = .
                0x20000078                __data_end__ = .

.igot.plt       0x20000078        0x0 load address 0x0800219c
 .igot.plt      0x20000078        0x0 ./system/src/stm32l1xx/stm32l1xx_hal.o

.bss_CCMRAM     0x10000000        0x0
 *(.bss.CCMRAM .bss.CCMRAM.*)

.bss            0x20000078       0xa0
                0x20000078                __bss_start__ = .
                0x20000078                _sbss = .
 *(.bss_begin .bss_begin.*)
 .bss_begin     0x20000078        0x4 ./system/src/newlib/_startup.o
 *(.bss .bss.*)
 .bss.current_heap_end.3974
                0x2000007c        0x4 ./system/src/newlib/_sbrk.o
 .bss.name.4289
                0x20000080        0x1 ./system/src/newlib/_syscalls.o
 *fill*         0x20000081        0x3 
 .bss.buf.5179  0x20000084       0x80 ./system/src/diag/Trace.o
 .bss.__malloc_sbrk_start
                0x20000104        0x4 /home/clnx/STM32Toolchain/gcc-arm/bin/../lib/gcc/arm-none-eabi/5.4.1/../../../../arm-none-eabi/lib/armv7-m/libg_nano.a(lib_a-nano-mallocr.o)
                0x20000104                __malloc_sbrk_start
 .bss.__malloc_free_list
                0x20000108        0x4 /home/clnx/STM32Toolchain/gcc-arm/bin/../lib/gcc/arm-none-eabi/5.4.1/../../../../arm-none-eabi/lib/armv7-m/libg_nano.a(lib_a-nano-mallocr.o)
                0x20000108                __malloc_free_list
 *(COMMON)
 COMMON         0x2000010c        0x4 ./system/src/stm32l1xx/stm32l1xx_hal.o
                0x2000010c                uwTick
 COMMON         0x20000110        0x4 ./system/src/newlib/_syscalls.o
                0x20000110                errno
 *(.bss_end .bss_end.*)
 .bss_end       0x20000114        0x4 ./system/src/newlib/_startup.o
                0x20000118                . = ALIGN (0x4)
                0x20000118                __bss_end__ = .
                0x20000118                _ebss = .

.noinit_CCMRAM
 *(.noinit.CCMRAM .noinit.CCMRAM.*)

.noinit         0x20000118        0x0
                0x20000118                _noinit = .
 *(.noinit .noinit.*)
                0x20000118                . = ALIGN (0x4)
                0x20000118                _end_noinit = .
                [!provide]                PROVIDE (end, _end_noinit)
                [!provide]                PROVIDE (_end, _end_noinit)
                [!provide]                PROVIDE (__end, _end_noinit)
                [!provide]                PROVIDE (__end__, _end_noinit)

._check_stack   0x20000118      0x100
                0x20000218                . = (. + _Minimum_Stack_Size)
 *fill*         0x20000118      0x100 

.b1text
 *(.b1text)
 *(.b1rodata)
 *(.b1rodata.*)

.eb0text
 *(.eb0text)
 *(.eb0rodata)
 *(.eb0rodata.*)

.eb1text
 *(.eb1text)
 *(.eb1rodata)
 *(.eb1rodata.*)

.eb2text
 *(.eb2text)
 *(.eb2rodata)
 *(.eb2rodata.*)

.eb3text
 *(.eb3text)
 *(.eb3rodata)
 *(.eb3rodata.*)

.stab
 *(.stab)

.stabstr
 *(.stabstr)

.stab.excl
 *(.stab.excl)

.stab.exclstr
 *(.stab.exclstr)

.stab.index
 *(.stab.index)

.stab.indexstr
 *(.stab.indexstr)

.comment        0x00000000       0x6e
 *(.comment)
 .comment       0x00000000       0x6e ./system/src/stm32l1xx/stm32l1xx_hal.o
                                 0x6f (size before relaxing)
 .comment       0x0000006e       0x6f ./system/src/stm32l1xx/stm32l1xx_hal_cortex.o
 .comment       0x0000006e       0x6f ./system/src/stm32l1xx/stm32l1xx_hal_gpio.o
 .comment       0x0000006e       0x6f ./system/src/stm32l1xx/stm32l1xx_hal_pwr_ex.o
 .comment       0x0000006e       0x6f ./system/src/stm32l1xx/stm32l1xx_hal_rcc.o
 .comment       0x0000006e       0x6f ./system/src/newlib/_exit.o
 .comment       0x0000006e       0x6f ./system/src/newlib/_sbrk.o
 .comment       0x0000006e       0x6f ./system/src/newlib/_startup.o
 .comment       0x0000006e       0x6f ./system/src/newlib/_syscalls.o
 .comment       0x0000006e       0x6f ./system/src/diag/Trace.o
 .comment       0x0000006e       0x6f ./system/src/diag/trace_impl.o
 .comment       0x0000006e       0x6f ./system/src/cortexm/_initialize_hardware.o
 .comment       0x0000006e       0x6f ./system/src/cortexm/exception_handlers.o
 .comment       0x0000006e       0x6f ./system/src/cmsis/system_stm32l1xx.o
 .comment       0x0000006e       0x6f ./src/main.o
 .comment       0x0000006e       0x6f ./src/stm32l1xx_hal_msp.o
 .comment       0x0000006e       0x6f ./src/stm32l1xx_it.o

.ARM.attributes
                0x00000000       0x31
 .ARM.attributes
                0x00000000       0x33 ./system/src/stm32l1xx/stm32l1xx_hal.o
 .ARM.attributes
                0x00000033       0x33 ./system/src/stm32l1xx/stm32l1xx_hal_cortex.o
 .ARM.attributes
                0x00000066       0x33 ./system/src/stm32l1xx/stm32l1xx_hal_gpio.o
 .ARM.attributes
                0x00000099       0x33 ./system/src/stm32l1xx/stm32l1xx_hal_pwr_ex.o
 .ARM.attributes
                0x000000cc       0x33 ./system/src/stm32l1xx/stm32l1xx_hal_rcc.o
 .ARM.attributes
                0x000000ff       0x33 ./system/src/newlib/_exit.o
 .ARM.attributes
                0x00000132       0x33 ./system/src/newlib/_sbrk.o
 .ARM.attributes
                0x00000165       0x33 ./system/src/newlib/_startup.o
 .ARM.attributes
                0x00000198       0x33 ./system/src/newlib/_syscalls.o
 .ARM.attributes
                0x000001cb       0x33 ./system/src/diag/Trace.o
 .ARM.attributes
                0x000001fe       0x33 ./system/src/diag/trace_impl.o
 .ARM.attributes
                0x00000231       0x33 ./system/src/cortexm/_initialize_hardware.o
 .ARM.attributes
                0x00000264       0x33 ./system/src/cortexm/exception_handlers.o
 .ARM.attributes
                0x00000297       0x21 ./system/src/cmsis/startup_stm32l162xd.o
 .ARM.attributes
                0x000002b8       0x33 ./system/src/cmsis/system_stm32l1xx.o
 .ARM.attributes
                0x000002eb       0x33 ./src/main.o
 .ARM.attributes
                0x0000031e       0x33 ./src/stm32l1xx_hal_msp.o
 .ARM.attributes
                0x00000351       0x33 ./src/stm32l1xx_it.o
 .ARM.attributes
                0x00000384       0x2d /home/clnx/STM32Toolchain/gcc-arm/bin/../lib/gcc/arm-none-eabi/5.4.1/../../../../arm-none-eabi/lib/armv7-m/libg_nano.a(lib_a-errno.o)
 .ARM.attributes
                0x000003b1       0x2d /home/clnx/STM32Toolchain/gcc-arm/bin/../lib/gcc/arm-none-eabi/5.4.1/../../../../arm-none-eabi/lib/armv7-m/libg_nano.a(lib_a-impure.o)
 .ARM.attributes
                0x000003de       0x2d /home/clnx/STM32Toolchain/gcc-arm/bin/../lib/gcc/arm-none-eabi/5.4.1/../../../../arm-none-eabi/lib/armv7-m/libg_nano.a(lib_a-memcpy-stub.o)
 .ARM.attributes
                0x0000040b       0x2d /home/clnx/STM32Toolchain/gcc-arm/bin/../lib/gcc/arm-none-eabi/5.4.1/../../../../arm-none-eabi/lib/armv7-m/libg_nano.a(lib_a-vsnprintf.o)
 .ARM.attributes
                0x00000438       0x2d /home/clnx/STM32Toolchain/gcc-arm/bin/../lib/gcc/arm-none-eabi/5.4.1/../../../../arm-none-eabi/lib/armv7-m/libg_nano.a(lib_a-nano-svfprintf.o)
 .ARM.attributes
                0x00000465       0x2d /home/clnx/STM32Toolchain/gcc-arm/bin/../lib/gcc/arm-none-eabi/5.4.1/../../../../arm-none-eabi/lib/armv7-m/libg_nano.a(lib_a-nano-vfprintf_i.o)
 .ARM.attributes
                0x00000492       0x2d /home/clnx/STM32Toolchain/gcc-arm/bin/../lib/gcc/arm-none-eabi/5.4.1/../../../../arm-none-eabi/lib/armv7-m/libg_nano.a(lib_a-memchr-stub.o)
 .ARM.attributes
                0x000004bf       0x2d /home/clnx/STM32Toolchain/gcc-arm/bin/../lib/gcc/arm-none-eabi/5.4.1/../../../../arm-none-eabi/lib/armv7-m/libg_nano.a(lib_a-memmove.o)
 .ARM.attributes
                0x000004ec       0x2d /home/clnx/STM32Toolchain/gcc-arm/bin/../lib/gcc/arm-none-eabi/5.4.1/../../../../arm-none-eabi/lib/armv7-m/libg_nano.a(lib_a-nano-freer.o)
 .ARM.attributes
                0x00000519       0x2d /home/clnx/STM32Toolchain/gcc-arm/bin/../lib/gcc/arm-none-eabi/5.4.1/../../../../arm-none-eabi/lib/armv7-m/libg_nano.a(lib_a-nano-mallocr.o)
 .ARM.attributes
                0x00000546       0x2d /home/clnx/STM32Toolchain/gcc-arm/bin/../lib/gcc/arm-none-eabi/5.4.1/../../../../arm-none-eabi/lib/armv7-m/libg_nano.a(lib_a-nano-reallocr.o)
 .ARM.attributes
                0x00000573       0x2d /home/clnx/STM32Toolchain/gcc-arm/bin/../lib/gcc/arm-none-eabi/5.4.1/../../../../arm-none-eabi/lib/armv7-m/libg_nano.a(lib_a-sbrkr.o)
 .ARM.attributes
                0x000005a0       0x2d /home/clnx/STM32Toolchain/gcc-arm/bin/../lib/gcc/arm-none-eabi/5.4.1/../../../../arm-none-eabi/lib/armv7-m/libg_nano.a(lib_a-mlock.o)
 .ARM.attributes
                0x000005cd       0x2d /home/clnx/STM32Toolchain/gcc-arm/bin/../lib/gcc/arm-none-eabi/5.4.1/../../../../arm-none-eabi/lib/armv7-m/libg_nano.a(lib_a-nano-msizer.o)

.debug
 *(.debug)

.line
 *(.line)

.debug_srcinfo
 *(.debug_srcinfo)

.debug_sfnames
 *(.debug_sfnames)

.debug_aranges  0x00000000      0x550
 *(.debug_aranges)
 .debug_aranges
                0x00000000       0xb0 ./system/src/stm32l1xx/stm32l1xx_hal.o
 .debug_aranges
                0x000000b0       0x98 ./system/src/stm32l1xx/stm32l1xx_hal_cortex.o
 .debug_aranges
                0x00000148       0x58 ./system/src/stm32l1xx/stm32l1xx_hal_gpio.o
 .debug_aranges
                0x000001a0       0x50 ./system/src/stm32l1xx/stm32l1xx_hal_pwr_ex.o
 .debug_aranges
                0x000001f0       0x90 ./system/src/stm32l1xx/stm32l1xx_hal_rcc.o
 .debug_aranges
                0x00000280       0x28 ./system/src/newlib/_exit.o
 .debug_aranges
                0x000002a8       0x20 ./system/src/newlib/_sbrk.o
 .debug_aranges
                0x000002c8       0x40 ./system/src/newlib/_startup.o
 .debug_aranges
                0x00000308       0x30 ./system/src/newlib/_syscalls.o
 .debug_aranges
                0x00000338       0x38 ./system/src/diag/Trace.o
 .debug_aranges
                0x00000370       0x28 ./system/src/diag/trace_impl.o
 .debug_aranges
                0x00000398       0x28 ./system/src/cortexm/_initialize_hardware.o
 .debug_aranges
                0x000003c0       0x88 ./system/src/cortexm/exception_handlers.o
 .debug_aranges
                0x00000448       0x28 ./system/src/cmsis/startup_stm32l162xd.o
 .debug_aranges
                0x00000470       0x28 ./system/src/cmsis/system_stm32l1xx.o
 .debug_aranges
                0x00000498       0x38 ./src/main.o
 .debug_aranges
                0x000004d0       0x20 ./src/stm32l1xx_hal_msp.o
 .debug_aranges
                0x000004f0       0x60 ./src/stm32l1xx_it.o

.debug_pubnames
 *(.debug_pubnames)

.debug_info     0x00000000     0x5eba
 *(.debug_info .gnu.linkonce.wi.*)
 .debug_info    0x00000000      0x63b ./system/src/stm32l1xx/stm32l1xx_hal.o
 .debug_info    0x0000063b      0xde7 ./system/src/stm32l1xx/stm32l1xx_hal_cortex.o
 .debug_info    0x00001422      0x5e7 ./system/src/stm32l1xx/stm32l1xx_hal_gpio.o
 .debug_info    0x00001a09      0x338 ./system/src/stm32l1xx/stm32l1xx_hal_pwr_ex.o
 .debug_info    0x00001d41     0x16af ./system/src/stm32l1xx/stm32l1xx_hal_rcc.o
 .debug_info    0x000033f0       0xef ./system/src/newlib/_exit.o
 .debug_info    0x000034df      0x11f ./system/src/newlib/_sbrk.o
 .debug_info    0x000035fe      0x454 ./system/src/newlib/_startup.o
 .debug_info    0x00003a52      0x1c7 ./system/src/newlib/_syscalls.o
 .debug_info    0x00003c19      0x2e7 ./system/src/diag/Trace.o
 .debug_info    0x00003f00      0x114 ./system/src/diag/trace_impl.o
 .debug_info    0x00004014      0x2b1 ./system/src/cortexm/_initialize_hardware.o
 .debug_info    0x000042c5      0x79d ./system/src/cortexm/exception_handlers.o
 .debug_info    0x00004a62       0x85 ./system/src/cmsis/startup_stm32l162xd.o
 .debug_info    0x00004ae7      0x417 ./system/src/cmsis/system_stm32l1xx.o
 .debug_info    0x00004efe      0x9db ./src/main.o
 .debug_info    0x000058d9      0x478 ./src/stm32l1xx_hal_msp.o
 .debug_info    0x00005d51      0x169 ./src/stm32l1xx_it.o

.debug_abbrev   0x00000000     0x17a3
 *(.debug_abbrev)
 .debug_abbrev  0x00000000      0x1c1 ./system/src/stm32l1xx/stm32l1xx_hal.o
 .debug_abbrev  0x000001c1      0x2e2 ./system/src/stm32l1xx/stm32l1xx_hal_cortex.o
 .debug_abbrev  0x000004a3      0x1cd ./system/src/stm32l1xx/stm32l1xx_hal_gpio.o
 .debug_abbrev  0x00000670      0x149 ./system/src/stm32l1xx/stm32l1xx_hal_pwr_ex.o
 .debug_abbrev  0x000007b9      0x2a1 ./system/src/stm32l1xx/stm32l1xx_hal_rcc.o
 .debug_abbrev  0x00000a5a       0x8e ./system/src/newlib/_exit.o
 .debug_abbrev  0x00000ae8       0xb9 ./system/src/newlib/_sbrk.o
 .debug_abbrev  0x00000ba1      0x1ac ./system/src/newlib/_startup.o
 .debug_abbrev  0x00000d4d       0xec ./system/src/newlib/_syscalls.o
 .debug_abbrev  0x00000e39      0x156 ./system/src/diag/Trace.o
 .debug_abbrev  0x00000f8f       0xb4 ./system/src/diag/trace_impl.o
 .debug_abbrev  0x00001043       0xea ./system/src/cortexm/_initialize_hardware.o
 .debug_abbrev  0x0000112d      0x1d4 ./system/src/cortexm/exception_handlers.o
 .debug_abbrev  0x00001301       0x12 ./system/src/cmsis/startup_stm32l162xd.o
 .debug_abbrev  0x00001313      0x104 ./system/src/cmsis/system_stm32l1xx.o
 .debug_abbrev  0x00001417      0x1bd ./src/main.o
 .debug_abbrev  0x000015d4      0x114 ./src/stm32l1xx_hal_msp.o
 .debug_abbrev  0x000016e8       0xbb ./src/stm32l1xx_it.o

.debug_line     0x00000000     0x4fa4
 *(.debug_line)
 .debug_line    0x00000000      0x657 ./system/src/stm32l1xx/stm32l1xx_hal.o
 .debug_line    0x00000657      0x6cd ./system/src/stm32l1xx/stm32l1xx_hal_cortex.o
 .debug_line    0x00000d24      0x65f ./system/src/stm32l1xx/stm32l1xx_hal_gpio.o
 .debug_line    0x00001383      0x5da ./system/src/stm32l1xx/stm32l1xx_hal_pwr_ex.o
 .debug_line    0x0000195d      0xb09 ./system/src/stm32l1xx/stm32l1xx_hal_rcc.o
 .debug_line    0x00002466      0x2e0 ./system/src/newlib/_exit.o
 .debug_line    0x00002746      0x292 ./system/src/newlib/_sbrk.o
 .debug_line    0x000029d8      0x348 ./system/src/newlib/_startup.o
 .debug_line    0x00002d20      0x396 ./system/src/newlib/_syscalls.o
 .debug_line    0x000030b6      0x34c ./system/src/diag/Trace.o
 .debug_line    0x00003402      0x371 ./system/src/diag/trace_impl.o
 .debug_line    0x00003773      0x171 ./system/src/cortexm/_initialize_hardware.o
 .debug_line    0x000038e4      0x45d ./system/src/cortexm/exception_handlers.o
 .debug_line    0x00003d41       0x86 ./system/src/cmsis/startup_stm32l162xd.o
 .debug_line    0x00003dc7      0x175 ./system/src/cmsis/system_stm32l1xx.o
 .debug_line    0x00003f3c      0x5c8 ./src/main.o
 .debug_line    0x00004504      0x50e ./src/stm32l1xx_hal_msp.o
 .debug_line    0x00004a12      0x592 ./src/stm32l1xx_it.o

.debug_frame    0x00000000      0xd24
 *(.debug_frame)
 .debug_frame   0x00000000      0x168 ./system/src/stm32l1xx/stm32l1xx_hal.o
 .debug_frame   0x00000168      0x134 ./system/src/stm32l1xx/stm32l1xx_hal_cortex.o
 .debug_frame   0x0000029c       0xc4 ./system/src/stm32l1xx/stm32l1xx_hal_gpio.o
 .debug_frame   0x00000360       0x80 ./system/src/stm32l1xx/stm32l1xx_hal_pwr_ex.o
 .debug_frame   0x000003e0      0x168 ./system/src/stm32l1xx/stm32l1xx_hal_rcc.o
 .debug_frame   0x00000548       0x38 ./system/src/newlib/_exit.o
 .debug_frame   0x00000580       0x28 ./system/src/newlib/_sbrk.o
 .debug_frame   0x000005a8       0x7c ./system/src/newlib/_startup.o
 .debug_frame   0x00000624       0x50 ./system/src/newlib/_syscalls.o
 .debug_frame   0x00000674       0x94 ./system/src/diag/Trace.o
 .debug_frame   0x00000708       0x30 ./system/src/diag/trace_impl.o
 .debug_frame   0x00000738       0x40 ./system/src/cortexm/_initialize_hardware.o
 .debug_frame   0x00000778      0x144 ./system/src/cortexm/exception_handlers.o
 .debug_frame   0x000008bc       0x30 ./system/src/cmsis/system_stm32l1xx.o
 .debug_frame   0x000008ec       0x78 ./src/main.o
 .debug_frame   0x00000964       0x2c ./src/stm32l1xx_hal_msp.o
 .debug_frame   0x00000990       0xa8 ./src/stm32l1xx_it.o
 .debug_frame   0x00000a38       0x20 /home/clnx/STM32Toolchain/gcc-arm/bin/../lib/gcc/arm-none-eabi/5.4.1/../../../../arm-none-eabi/lib/armv7-m/libg_nano.a(lib_a-errno.o)
 .debug_frame   0x00000a58       0x28 /home/clnx/STM32Toolchain/gcc-arm/bin/../lib/gcc/arm-none-eabi/5.4.1/../../../../arm-none-eabi/lib/armv7-m/libg_nano.a(lib_a-memcpy-stub.o)
 .debug_frame   0x00000a80       0x48 /home/clnx/STM32Toolchain/gcc-arm/bin/../lib/gcc/arm-none-eabi/5.4.1/../../../../arm-none-eabi/lib/armv7-m/libg_nano.a(lib_a-vsnprintf.o)
 .debug_frame   0x00000ac8       0x90 /home/clnx/STM32Toolchain/gcc-arm/bin/../lib/gcc/arm-none-eabi/5.4.1/../../../../arm-none-eabi/lib/armv7-m/libg_nano.a(lib_a-nano-svfprintf.o)
 .debug_frame   0x00000b58       0x60 /home/clnx/STM32Toolchain/gcc-arm/bin/../lib/gcc/arm-none-eabi/5.4.1/../../../../arm-none-eabi/lib/armv7-m/libg_nano.a(lib_a-nano-vfprintf_i.o)
 .debug_frame   0x00000bb8       0x28 /home/clnx/STM32Toolchain/gcc-arm/bin/../lib/gcc/arm-none-eabi/5.4.1/../../../../arm-none-eabi/lib/armv7-m/libg_nano.a(lib_a-memchr-stub.o)
 .debug_frame   0x00000be0       0x28 /home/clnx/STM32Toolchain/gcc-arm/bin/../lib/gcc/arm-none-eabi/5.4.1/../../../../arm-none-eabi/lib/armv7-m/libg_nano.a(lib_a-memmove.o)
 .debug_frame   0x00000c08       0x38 /home/clnx/STM32Toolchain/gcc-arm/bin/../lib/gcc/arm-none-eabi/5.4.1/../../../../arm-none-eabi/lib/armv7-m/libg_nano.a(lib_a-nano-freer.o)
 .debug_frame   0x00000c40       0x2c /home/clnx/STM32Toolchain/gcc-arm/bin/../lib/gcc/arm-none-eabi/5.4.1/../../../../arm-none-eabi/lib/armv7-m/libg_nano.a(lib_a-nano-mallocr.o)
 .debug_frame   0x00000c6c       0x3c /home/clnx/STM32Toolchain/gcc-arm/bin/../lib/gcc/arm-none-eabi/5.4.1/../../../../arm-none-eabi/lib/armv7-m/libg_nano.a(lib_a-nano-reallocr.o)
 .debug_frame   0x00000ca8       0x2c /home/clnx/STM32Toolchain/gcc-arm/bin/../lib/gcc/arm-none-eabi/5.4.1/../../../../arm-none-eabi/lib/armv7-m/libg_nano.a(lib_a-sbrkr.o)
 .debug_frame   0x00000cd4       0x30 /home/clnx/STM32Toolchain/gcc-arm/bin/../lib/gcc/arm-none-eabi/5.4.1/../../../../arm-none-eabi/lib/armv7-m/libg_nano.a(lib_a-mlock.o)
 .debug_frame   0x00000d04       0x20 /home/clnx/STM32Toolchain/gcc-arm/bin/../lib/gcc/arm-none-eabi/5.4.1/../../../../arm-none-eabi/lib/armv7-m/libg_nano.a(lib_a-nano-msizer.o)

.debug_str      0x00000000    0x8ac76
 *(.debug_str)
 .debug_str     0x00000000    0x8743a ./system/src/stm32l1xx/stm32l1xx_hal.o
                              0x877dc (size before relaxing)
 .debug_str     0x0008743a      0x3bd ./system/src/stm32l1xx/stm32l1xx_hal_cortex.o
                              0x878df (size before relaxing)
 .debug_str     0x000877f7      0x2d4 ./system/src/stm32l1xx/stm32l1xx_hal_gpio.o
                              0x873bb (size before relaxing)
 .debug_str     0x00087acb      0x118 ./system/src/stm32l1xx/stm32l1xx_hal_pwr_ex.o
                              0x87191 (size before relaxing)
 .debug_str     0x00087be3      0x556 ./system/src/stm32l1xx/stm32l1xx_hal_rcc.o
                              0x8774a (size before relaxing)
 .debug_str     0x00088139     0x10b6 ./system/src/newlib/_exit.o
                               0x6e49 (size before relaxing)
 .debug_str     0x000891ef      0x4de ./system/src/newlib/_sbrk.o
                               0x6234 (size before relaxing)
 .debug_str     0x000896cd      0x266 ./system/src/newlib/_startup.o
                               0x5de9 (size before relaxing)
 .debug_str     0x00089933      0xe18 ./system/src/newlib/_syscalls.o
                               0x7094 (size before relaxing)
 .debug_str     0x0008a74b      0x176 ./system/src/diag/Trace.o
                               0x7639 (size before relaxing)
 .debug_str     0x0008a8c1       0x4b ./system/src/diag/trace_impl.o
                              0x554a8 (size before relaxing)
 .debug_str     0x0008a90c       0x5e ./system/src/cortexm/_initialize_hardware.o
                              0x5198a (size before relaxing)
 .debug_str     0x0008a96a      0x1e5 ./system/src/cortexm/exception_handlers.o
                              0x56309 (size before relaxing)
 .debug_str     0x0008ab4f       0x98 ./system/src/cmsis/system_stm32l1xx.o
                              0x51a45 (size before relaxing)
 .debug_str     0x0008abe7       0x4c ./src/main.o
                              0x87704 (size before relaxing)
 .debug_str     0x0008ac33       0x1b ./src/stm32l1xx_hal_msp.o
                              0x87461 (size before relaxing)
 .debug_str     0x0008ac4e       0x28 ./src/stm32l1xx_it.o
                              0x870fe (size before relaxing)

.debug_loc      0x00000000     0x1cfc
 *(.debug_loc)
 .debug_loc     0x00000000       0x6a ./system/src/stm32l1xx/stm32l1xx_hal.o
 .debug_loc     0x0000006a      0x527 ./system/src/stm32l1xx/stm32l1xx_hal_cortex.o
 .debug_loc     0x00000591      0x315 ./system/src/stm32l1xx/stm32l1xx_hal_gpio.o
 .debug_loc     0x000008a6       0xac ./system/src/stm32l1xx/stm32l1xx_hal_pwr_ex.o
 .debug_loc     0x00000952      0xc24 ./system/src/stm32l1xx/stm32l1xx_hal_rcc.o
 .debug_loc     0x00001576       0x82 ./system/src/newlib/_sbrk.o
 .debug_loc     0x000015f8      0x265 ./system/src/newlib/_startup.o
 .debug_loc     0x0000185d       0x63 ./system/src/newlib/_syscalls.o
 .debug_loc     0x000018c0      0x102 ./system/src/diag/Trace.o
 .debug_loc     0x000019c2       0x21 ./system/src/diag/trace_impl.o
 .debug_loc     0x000019e3      0x184 ./system/src/cortexm/exception_handlers.o
 .debug_loc     0x00001b67      0x16b ./system/src/cmsis/system_stm32l1xx.o
 .debug_loc     0x00001cd2       0x2a ./src/main.o

.debug_macinfo
 *(.debug_macinfo)

.debug_weaknames
 *(.debug_weaknames)

.debug_funcnames
 *(.debug_funcnames)

.debug_typenames
 *(.debug_typenames)

.debug_varnames
 *(.debug_varnames)
OUTPUT(L162_led_test.elf elf32-littlearm)

.debug_ranges   0x00000000      0x468
 .debug_ranges  0x00000000       0xa0 ./system/src/stm32l1xx/stm32l1xx_hal.o
 .debug_ranges  0x000000a0       0x88 ./system/src/stm32l1xx/stm32l1xx_hal_cortex.o
 .debug_ranges  0x00000128       0x48 ./system/src/stm32l1xx/stm32l1xx_hal_gpio.o
 .debug_ranges  0x00000170       0x40 ./system/src/stm32l1xx/stm32l1xx_hal_pwr_ex.o
 .debug_ranges  0x000001b0       0x98 ./system/src/stm32l1xx/stm32l1xx_hal_rcc.o
 .debug_ranges  0x00000248       0x18 ./system/src/newlib/_exit.o
 .debug_ranges  0x00000260       0x10 ./system/src/newlib/_sbrk.o
 .debug_ranges  0x00000270       0x48 ./system/src/newlib/_startup.o
 .debug_ranges  0x000002b8       0x20 ./system/src/newlib/_syscalls.o
 .debug_ranges  0x000002d8       0x28 ./system/src/diag/Trace.o
 .debug_ranges  0x00000300       0x18 ./system/src/diag/trace_impl.o
 .debug_ranges  0x00000318       0x18 ./system/src/cortexm/_initialize_hardware.o
 .debug_ranges  0x00000330       0x78 ./system/src/cortexm/exception_handlers.o
 .debug_ranges  0x000003a8       0x20 ./system/src/cmsis/startup_stm32l162xd.o
 .debug_ranges  0x000003c8       0x18 ./system/src/cmsis/system_stm32l1xx.o
 .debug_ranges  0x000003e0       0x28 ./src/main.o
 .debug_ranges  0x00000408       0x10 ./src/stm32l1xx_hal_msp.o
 .debug_ranges  0x00000418       0x50 ./src/stm32l1xx_it.o

.debug_macro    0x00000000    0x17f48
 .debug_macro   0x00000000      0x2cd ./system/src/stm32l1xx/stm32l1xx_hal.o
 .debug_macro   0x000002cd      0x874 ./system/src/stm32l1xx/stm32l1xx_hal.o
 .debug_macro   0x00000b41       0x7c ./system/src/stm32l1xx/stm32l1xx_hal.o
 .debug_macro   0x00000bbd       0x2e ./system/src/stm32l1xx/stm32l1xx_hal.o
 .debug_macro   0x00000beb       0x22 ./system/src/stm32l1xx/stm32l1xx_hal.o
 .debug_macro   0x00000c0d      0x34e ./system/src/stm32l1xx/stm32l1xx_hal.o
 .debug_macro   0x00000f5b       0x34 ./system/src/stm32l1xx/stm32l1xx_hal.o
 .debug_macro   0x00000f8f       0x34 ./system/src/stm32l1xx/stm32l1xx_hal.o
 .debug_macro   0x00000fc3      0xcb4 ./system/src/stm32l1xx/stm32l1xx_hal.o
 .debug_macro   0x00001c77     0xcf09 ./system/src/stm32l1xx/stm32l1xx_hal.o
 .debug_macro   0x0000eb80       0x43 ./system/src/stm32l1xx/stm32l1xx_hal.o
 .debug_macro   0x0000ebc3     0x339f ./system/src/stm32l1xx/stm32l1xx_hal.o
 .debug_macro   0x00011f62       0x22 ./system/src/stm32l1xx/stm32l1xx_hal.o
 .debug_macro   0x00011f84       0x4c ./system/src/stm32l1xx/stm32l1xx_hal.o
 .debug_macro   0x00011fd0       0x8d ./system/src/stm32l1xx/stm32l1xx_hal.o
 .debug_macro   0x0001205d       0x35 ./system/src/stm32l1xx/stm32l1xx_hal.o
 .debug_macro   0x00012092       0x9c ./system/src/stm32l1xx/stm32l1xx_hal.o
 .debug_macro   0x0001212e       0x16 ./system/src/stm32l1xx/stm32l1xx_hal.o
 .debug_macro   0x00012144       0x4a ./system/src/stm32l1xx/stm32l1xx_hal.o
 .debug_macro   0x0001218e       0x97 ./system/src/stm32l1xx/stm32l1xx_hal.o
 .debug_macro   0x00012225      0x30d ./system/src/stm32l1xx/stm32l1xx_hal.o
 .debug_macro   0x00012532       0xfd ./system/src/stm32l1xx/stm32l1xx_hal.o
 .debug_macro   0x0001262f       0x10 ./system/src/stm32l1xx/stm32l1xx_hal.o
 .debug_macro   0x0001263f       0x52 ./system/src/stm32l1xx/stm32l1xx_hal.o
 .debug_macro   0x00012691       0x1f ./system/src/stm32l1xx/stm32l1xx_hal.o
 .debug_macro   0x000126b0       0x43 ./system/src/stm32l1xx/stm32l1xx_hal.o
 .debug_macro   0x000126f3       0x20 ./system/src/stm32l1xx/stm32l1xx_hal.o
 .debug_macro   0x00012713      0x187 ./system/src/stm32l1xx/stm32l1xx_hal.o
 .debug_macro   0x0001289a       0x10 ./system/src/stm32l1xx/stm32l1xx_hal.o
 .debug_macro   0x000128aa       0x5e ./system/src/stm32l1xx/stm32l1xx_hal.o
 .debug_macro   0x00012908       0x1c ./system/src/stm32l1xx/stm32l1xx_hal.o
 .debug_macro   0x00012924       0x52 ./system/src/stm32l1xx/stm32l1xx_hal.o
 .debug_macro   0x00012976       0x40 ./system/src/stm32l1xx/stm32l1xx_hal.o
 .debug_macro   0x000129b6       0x10 ./system/src/stm32l1xx/stm32l1xx_hal.o
 .debug_macro   0x000129c6       0x40 ./system/src/stm32l1xx/stm32l1xx_hal.o
 .debug_macro   0x00012a06       0xd7 ./system/src/stm32l1xx/stm32l1xx_hal.o
 .debug_macro   0x00012add       0x16 ./system/src/stm32l1xx/stm32l1xx_hal.o
 .debug_macro   0x00012af3      0x18b ./system/src/stm32l1xx/stm32l1xx_hal.o
 .debug_macro   0x00012c7e       0x57 ./system/src/stm32l1xx/stm32l1xx_hal.o
 .debug_macro   0x00012cd5      0xe3f ./system/src/stm32l1xx/stm32l1xx_hal.o
 .debug_macro   0x00013b14      0x435 ./system/src/stm32l1xx/stm32l1xx_hal.o
 .debug_macro   0x00013f49      0x141 ./system/src/stm32l1xx/stm32l1xx_hal.o
 .debug_macro   0x0001408a       0xd4 ./system/src/stm32l1xx/stm32l1xx_hal.o
 .debug_macro   0x0001415e      0x25d ./system/src/stm32l1xx/stm32l1xx_hal.o
 .debug_macro   0x000143bb      0x23c ./system/src/stm32l1xx/stm32l1xx_hal.o
 .debug_macro   0x000145f7      0x115 ./system/src/stm32l1xx/stm32l1xx_hal.o
 .debug_macro   0x0001470c      0x486 ./system/src/stm32l1xx/stm32l1xx_hal.o
 .debug_macro   0x00014b92      0x1ef ./system/src/stm32l1xx/stm32l1xx_hal.o
 .debug_macro   0x00014d81       0x22 ./system/src/stm32l1xx/stm32l1xx_hal.o
 .debug_macro   0x00014da3      0x47f ./system/src/stm32l1xx/stm32l1xx_hal.o
 .debug_macro   0x00015222      0x2a9 ./system/src/stm32l1xx/stm32l1xx_hal_cortex.o
 .debug_macro   0x000154cb      0x2e2 ./system/src/stm32l1xx/stm32l1xx_hal_gpio.o
 .debug_macro   0x000157ad      0x2a9 ./system/src/stm32l1xx/stm32l1xx_hal_pwr_ex.o
 .debug_macro   0x00015a56      0x2e5 ./system/src/stm32l1xx/stm32l1xx_hal_rcc.o
 .debug_macro   0x00015d3b      0x19c ./system/src/newlib/_exit.o
 .debug_macro   0x00015ed7      0x10e ./system/src/newlib/_exit.o
 .debug_macro   0x00015fe5       0x8d ./system/src/newlib/_exit.o
 .debug_macro   0x00016072       0x35 ./system/src/newlib/_exit.o
 .debug_macro   0x000160a7      0x151 ./system/src/newlib/_sbrk.o
 .debug_macro   0x000161f8      0x174 ./system/src/newlib/_sbrk.o
 .debug_macro   0x0001636c       0x10 ./system/src/newlib/_sbrk.o
 .debug_macro   0x0001637c      0x23b ./system/src/newlib/_sbrk.o
 .debug_macro   0x000165b7      0x15b ./system/src/newlib/_startup.o
 .debug_macro   0x00016712      0x1ff ./system/src/newlib/_syscalls.o
 .debug_macro   0x00016911       0x1c ./system/src/newlib/_syscalls.o
 .debug_macro   0x0001692d       0x10 ./system/src/newlib/_syscalls.o
 .debug_macro   0x0001693d       0x10 ./system/src/newlib/_syscalls.o
 .debug_macro   0x0001694d       0x10 ./system/src/newlib/_syscalls.o
 .debug_macro   0x0001695d       0x35 ./system/src/newlib/_syscalls.o
 .debug_macro   0x00016992      0x122 ./system/src/newlib/_syscalls.o
 .debug_macro   0x00016ab4       0x88 ./system/src/newlib/_syscalls.o
 .debug_macro   0x00016b3c       0x2b ./system/src/newlib/_syscalls.o
 .debug_macro   0x00016b67      0x118 ./system/src/newlib/_syscalls.o
 .debug_macro   0x00016c7f      0x159 ./system/src/newlib/_syscalls.o
 .debug_macro   0x00016dd8       0x16 ./system/src/newlib/_syscalls.o
 .debug_macro   0x00016dee      0x1d9 ./system/src/diag/Trace.o
 .debug_macro   0x00016fc7       0x4c ./system/src/diag/Trace.o
 .debug_macro   0x00017013       0x16 ./system/src/diag/Trace.o
 .debug_macro   0x00017029      0x1d0 ./system/src/diag/trace_impl.o
 .debug_macro   0x000171f9       0x10 ./system/src/diag/trace_impl.o
 .debug_macro   0x00017209       0xcf ./system/src/diag/trace_impl.o
 .debug_macro   0x000172d8       0xbe ./system/src/diag/trace_impl.o
 .debug_macro   0x00017396       0x8a ./system/src/cortexm/_initialize_hardware.o
 .debug_macro   0x00017420      0x221 ./system/src/cortexm/exception_handlers.o
 .debug_macro   0x00017641       0x3a ./system/src/cortexm/exception_handlers.o
 .debug_macro   0x0001767b       0x22 ./system/src/cortexm/exception_handlers.o
 .debug_macro   0x0001769d       0x10 ./system/src/cortexm/exception_handlers.o
 .debug_macro   0x000176ad       0x92 ./system/src/cmsis/system_stm32l1xx.o
 .debug_macro   0x0001773f      0x2ad ./src/main.o
 .debug_macro   0x000179ec      0x2a9 ./src/stm32l1xx_hal_msp.o
 .debug_macro   0x00017c95      0x2b3 ./src/stm32l1xx_it.o
