Archive member included because of file (symbol)

/home/clnx/SimplicityStudio/SimplicityStudio_v3/developer/toolchains/gnu_arm/4.8_2013q4/bin/../lib/gcc/arm-none-eabi/4.8.3/armv7-m/libgcc.a(_aeabi_uldivmod.o)
                              ./Drivers/rtcdriver.o (__aeabi_uldivmod)
/home/clnx/SimplicityStudio/SimplicityStudio_v3/developer/toolchains/gnu_arm/4.8_2013q4/bin/../lib/gcc/arm-none-eabi/4.8.3/armv7-m/libgcc.a(bpabi.o)
                              /home/clnx/SimplicityStudio/SimplicityStudio_v3/developer/toolchains/gnu_arm/4.8_2013q4/bin/../lib/gcc/arm-none-eabi/4.8.3/armv7-m/libgcc.a(_aeabi_uldivmod.o) (__gnu_uldivmod_helper)
/home/clnx/SimplicityStudio/SimplicityStudio_v3/developer/toolchains/gnu_arm/4.8_2013q4/bin/../lib/gcc/arm-none-eabi/4.8.3/armv7-m/libgcc.a(_dvmd_tls.o)
                              /home/clnx/SimplicityStudio/SimplicityStudio_v3/developer/toolchains/gnu_arm/4.8_2013q4/bin/../lib/gcc/arm-none-eabi/4.8.3/armv7-m/libgcc.a(_aeabi_uldivmod.o) (__aeabi_ldiv0)
/home/clnx/SimplicityStudio/SimplicityStudio_v3/developer/toolchains/gnu_arm/4.8_2013q4/bin/../lib/gcc/arm-none-eabi/4.8.3/armv7-m/libgcc.a(_divdi3.o)
                              /home/clnx/SimplicityStudio/SimplicityStudio_v3/developer/toolchains/gnu_arm/4.8_2013q4/bin/../lib/gcc/arm-none-eabi/4.8.3/armv7-m/libgcc.a(bpabi.o) (__divdi3)
/home/clnx/SimplicityStudio/SimplicityStudio_v3/developer/toolchains/gnu_arm/4.8_2013q4/bin/../lib/gcc/arm-none-eabi/4.8.3/armv7-m/libgcc.a(_udivdi3.o)
                              /home/clnx/SimplicityStudio/SimplicityStudio_v3/developer/toolchains/gnu_arm/4.8_2013q4/bin/../lib/gcc/arm-none-eabi/4.8.3/armv7-m/libgcc.a(bpabi.o) (__udivdi3)
/home/clnx/SimplicityStudio/SimplicityStudio_v3/developer/toolchains/gnu_arm/4.8_2013q4/bin/../lib/gcc/arm-none-eabi/4.8.3/../../../../arm-none-eabi/lib/armv7-m/libc_s.a(lib_a-abs.o)
                              ./Drivers/segmentlcd.o (abs)
/home/clnx/SimplicityStudio/SimplicityStudio_v3/developer/toolchains/gnu_arm/4.8_2013q4/bin/../lib/gcc/arm-none-eabi/4.8.3/../../../../arm-none-eabi/lib/armv7-m/libc_s.a(lib_a-exit.o)
                              /home/clnx/SimplicityStudio/SimplicityStudio_v3/developer/toolchains/gnu_arm/4.8_2013q4/bin/../lib/gcc/arm-none-eabi/4.8.3/../../../../arm-none-eabi/lib/armv7-m/crt0.o (exit)
/home/clnx/SimplicityStudio/SimplicityStudio_v3/developer/toolchains/gnu_arm/4.8_2013q4/bin/../lib/gcc/arm-none-eabi/4.8.3/../../../../arm-none-eabi/lib/armv7-m/libc_s.a(lib_a-impure.o)
                              /home/clnx/SimplicityStudio/SimplicityStudio_v3/developer/toolchains/gnu_arm/4.8_2013q4/bin/../lib/gcc/arm-none-eabi/4.8.3/../../../../arm-none-eabi/lib/armv7-m/libc_s.a(lib_a-exit.o) (_global_impure_ptr)
/home/clnx/SimplicityStudio/SimplicityStudio_v3/developer/toolchains/gnu_arm/4.8_2013q4/bin/../lib/gcc/arm-none-eabi/4.8.3/../../../../arm-none-eabi/lib/armv7-m/libc_s.a(lib_a-init.o)
                              /home/clnx/SimplicityStudio/SimplicityStudio_v3/developer/toolchains/gnu_arm/4.8_2013q4/bin/../lib/gcc/arm-none-eabi/4.8.3/../../../../arm-none-eabi/lib/armv7-m/crt0.o (__libc_init_array)
/home/clnx/SimplicityStudio/SimplicityStudio_v3/developer/toolchains/gnu_arm/4.8_2013q4/bin/../lib/gcc/arm-none-eabi/4.8.3/../../../../arm-none-eabi/lib/armv7-m/libc_s.a(lib_a-memset.o)
                              /home/clnx/SimplicityStudio/SimplicityStudio_v3/developer/toolchains/gnu_arm/4.8_2013q4/bin/../lib/gcc/arm-none-eabi/4.8.3/../../../../arm-none-eabi/lib/armv7-m/crt0.o (memset)
/home/clnx/SimplicityStudio/SimplicityStudio_v3/developer/toolchains/gnu_arm/4.8_2013q4/bin/../lib/gcc/arm-none-eabi/4.8.3/../../../../arm-none-eabi/lib/armv7-m/libc_s.a(lib_a-strlen.o)
                              ./Drivers/segmentlcd.o (strlen)
/home/clnx/SimplicityStudio/SimplicityStudio_v3/developer/toolchains/gnu_arm/4.8_2013q4/bin/../lib/gcc/arm-none-eabi/4.8.3/../../../../arm-none-eabi/lib/armv7-m/libnosys.a(_exit.o)
                              /home/clnx/SimplicityStudio/SimplicityStudio_v3/developer/toolchains/gnu_arm/4.8_2013q4/bin/../lib/gcc/arm-none-eabi/4.8.3/../../../../arm-none-eabi/lib/armv7-m/libc_s.a(lib_a-exit.o) (_exit)

Allocating common symbols
Common symbol       size              file

SystemCoreClock     0x4               ./CMSIS/efm32gg/system_efm32gg.o

Discarded input sections

 .text          0x00000000        0x0 /home/clnx/SimplicityStudio/SimplicityStudio_v3/developer/toolchains/gnu_arm/4.8_2013q4/bin/../lib/gcc/arm-none-eabi/4.8.3/armv7-m/crti.o
 .data          0x00000000        0x0 /home/clnx/SimplicityStudio/SimplicityStudio_v3/developer/toolchains/gnu_arm/4.8_2013q4/bin/../lib/gcc/arm-none-eabi/4.8.3/armv7-m/crti.o
 .bss           0x00000000        0x0 /home/clnx/SimplicityStudio/SimplicityStudio_v3/developer/toolchains/gnu_arm/4.8_2013q4/bin/../lib/gcc/arm-none-eabi/4.8.3/armv7-m/crti.o
 .data          0x00000000        0x4 /home/clnx/SimplicityStudio/SimplicityStudio_v3/developer/toolchains/gnu_arm/4.8_2013q4/bin/../lib/gcc/arm-none-eabi/4.8.3/armv7-m/crtbegin.o
 .data          0x00000000        0x0 /home/clnx/SimplicityStudio/SimplicityStudio_v3/developer/toolchains/gnu_arm/4.8_2013q4/bin/../lib/gcc/arm-none-eabi/4.8.3/../../../../arm-none-eabi/lib/armv7-m/crt0.o
 .bss           0x00000000        0x0 /home/clnx/SimplicityStudio/SimplicityStudio_v3/developer/toolchains/gnu_arm/4.8_2013q4/bin/../lib/gcc/arm-none-eabi/4.8.3/../../../../arm-none-eabi/lib/armv7-m/crt0.o
 .ARM.extab     0x00000000        0x0 /home/clnx/SimplicityStudio/SimplicityStudio_v3/developer/toolchains/gnu_arm/4.8_2013q4/bin/../lib/gcc/arm-none-eabi/4.8.3/../../../../arm-none-eabi/lib/armv7-m/crt0.o
 .text          0x00000000        0x0 ./src/emodes.o
 .data          0x00000000        0x0 ./src/emodes.o
 .bss           0x00000000        0x0 ./src/emodes.o
 .text.EMU_EnterEM1
                0x00000000       0x20 ./src/emodes.o
 .text.em_EM0_Hfxo
                0x00000000       0x5c ./src/emodes.o
 .text.em_EM0_Hfrco
                0x00000000       0x70 ./src/emodes.o
 .text.em_EM1_Hfxo
                0x00000000       0x5c ./src/emodes.o
 .text.em_EM1_Hfrco
                0x00000000       0x70 ./src/emodes.o
 .rodata        0x00000000        0x4 ./src/emodes.o
 .text.em_EM2_LfrcoRTC
                0x00000000       0x90 ./src/emodes.o
 .text.em_EM3   0x00000000        0xc ./src/emodes.o
 .text.em_EM4   0x00000000        0xc ./src/emodes.o
 .text.primeCalc
                0x00000000       0xa0 ./src/emodes.o
 .debug_info    0x00000000      0x821 ./src/emodes.o
 .debug_abbrev  0x00000000      0x1b9 ./src/emodes.o
 .debug_loc     0x00000000      0x1be ./src/emodes.o
 .debug_aranges
                0x00000000       0x60 ./src/emodes.o
 .debug_ranges  0x00000000       0x50 ./src/emodes.o
 .debug_line    0x00000000      0x324 ./src/emodes.o
 .debug_str     0x00000000      0x80f ./src/emodes.o
 .comment       0x00000000       0x71 ./src/emodes.o
 .ARM.attributes
                0x00000000       0x33 ./src/emodes.o
 .debug_frame   0x00000000      0x114 ./src/emodes.o
 .text          0x00000000        0x0 ./src/main.o
 .data          0x00000000        0x0 ./src/main.o
 .bss           0x00000000        0x0 ./src/main.o
 .text          0x00000000        0x0 ./emlib/em_assert.o
 .data          0x00000000        0x0 ./emlib/em_assert.o
 .bss           0x00000000        0x0 ./emlib/em_assert.o
 .text          0x00000000        0x0 ./emlib/em_cmu.o
 .data          0x00000000        0x0 ./emlib/em_cmu.o
 .bss           0x00000000        0x0 ./emlib/em_cmu.o
 .text.BUS_RegBitWrite
                0x00000000       0x2c ./emlib/em_cmu.o
 .text.BUS_RegBitRead
                0x00000000       0x2c ./emlib/em_cmu.o
 .text.BUS_RegMaskedWrite
                0x00000000       0x28 ./emlib/em_cmu.o
 .rodata        0x00000000       0xb8 ./emlib/em_cmu.o
 .text.CMU_DivToLog2
                0x00000000       0x3c ./emlib/em_cmu.o
 .text.CMU_Log2ToDiv
                0x00000000       0x1c ./emlib/em_cmu.o
 .text.SYSTEM_GetProdRev
                0x00000000       0x1c ./emlib/em_cmu.o
 .text.SYSTEM_GetFamily
                0x00000000       0x20 ./emlib/em_cmu.o
 .text.maxFreqHfle
                0x00000000       0x84 ./emlib/em_cmu.o
 .text.setHfLeConfig
                0x00000000       0x3c ./emlib/em_cmu.o
 .text.getHfLeConfig
                0x00000000       0x40 ./emlib/em_cmu.o
 .text.auxClkGet
                0x00000000       0xc0 ./emlib/em_cmu.o
 .text.dbgClkGet
                0x00000000       0x4c ./emlib/em_cmu.o
 .text.flashWaitStateControl
                0x00000000       0xb8 ./emlib/em_cmu.o
 .text.flashWaitStateMax
                0x00000000       0x14 ./emlib/em_cmu.o
 .text.lfClkGet
                0x00000000      0x10c ./emlib/em_cmu.o
 .text.syncReg  0x00000000       0x34 ./emlib/em_cmu.o
 .text.usbCClkGet
                0x00000000       0x4c ./emlib/em_cmu.o
 .text.CMU_AUXHFRCOBandGet
                0x00000000       0x20 ./emlib/em_cmu.o
 .text.CMU_AUXHFRCOBandSet
                0x00000000       0xb8 ./emlib/em_cmu.o
 .text.CMU_Calibrate
                0x00000000       0xac ./emlib/em_cmu.o
 .text.CMU_CalibrateConfig
                0x00000000       0xfc ./emlib/em_cmu.o
 .text.CMU_CalibrateCountGet
                0x00000000       0x38 ./emlib/em_cmu.o
 .text.CMU_ClockDivGet
                0x00000000      0x194 ./emlib/em_cmu.o
 .text.CMU_ClockDivSet
                0x00000000      0x2c8 ./emlib/em_cmu.o
 .text.CMU_ClockEnable
                0x00000000       0xe4 ./emlib/em_cmu.o
 .text.CMU_ClockFreqGet
                0x00000000      0x1e4 ./emlib/em_cmu.o
 .text.CMU_ClockSelectGet
                0x00000000      0x168 ./emlib/em_cmu.o
 .text.CMU_ClockSelectSet
                0x00000000      0x2f8 ./emlib/em_cmu.o
 .text.CMU_FreezeEnable
                0x00000000       0x38 ./emlib/em_cmu.o
 .text.CMU_HFRCOBandGet
                0x00000000       0x20 ./emlib/em_cmu.o
 .text.CMU_HFRCOBandSet
                0x00000000       0xf0 ./emlib/em_cmu.o
 .text.CMU_HFRCOStartupDelayGet
                0x00000000       0x1c ./emlib/em_cmu.o
 .text.CMU_HFRCOStartupDelaySet
                0x00000000       0x40 ./emlib/em_cmu.o
 .text.CMU_HFXOInit
                0x00000000       0x68 ./emlib/em_cmu.o
 .text.CMU_LCDClkFDIVGet
                0x00000000       0x1c ./emlib/em_cmu.o
 .text.CMU_LCDClkFDIVSet
                0x00000000       0x4c ./emlib/em_cmu.o
 .text.CMU_LFXOInit
                0x00000000       0x8c ./emlib/em_cmu.o
 .text.CMU_OscillatorEnable
                0x00000000       0xcc ./emlib/em_cmu.o
 .text.CMU_OscillatorTuningGet
                0x00000000       0x5c ./emlib/em_cmu.o
 .text.CMU_OscillatorTuningSet
                0x00000000       0xb0 ./emlib/em_cmu.o
 .text.CMU_PCNTClockExternalGet
                0x00000000       0x60 ./emlib/em_cmu.o
 .text.CMU_PCNTClockExternalSet
                0x00000000       0x48 ./emlib/em_cmu.o
 .debug_info    0x00000000     0x14d4 ./emlib/em_cmu.o
 .debug_abbrev  0x00000000      0x2f6 ./emlib/em_cmu.o
 .debug_loc     0x00000000      0x8d0 ./emlib/em_cmu.o
 .debug_aranges
                0x00000000      0x168 ./emlib/em_cmu.o
 .debug_ranges  0x00000000      0x158 ./emlib/em_cmu.o
 .debug_line    0x00000000      0xa3a ./emlib/em_cmu.o
 .debug_str     0x00000000     0x102f ./emlib/em_cmu.o
 .comment       0x00000000       0x71 ./emlib/em_cmu.o
 .ARM.attributes
                0x00000000       0x33 ./emlib/em_cmu.o
 .debug_frame   0x00000000      0x4fc ./emlib/em_cmu.o
 .text          0x00000000        0x0 ./emlib/em_emu.o
 .data          0x00000000        0x0 ./emlib/em_emu.o
 .bss           0x00000000        0x0 ./emlib/em_emu.o
 .text.SystemCoreClockUpdate
                0x00000000        0xc ./emlib/em_emu.o
 .text.BUS_RegBitWrite
                0x00000000       0x2c ./emlib/em_emu.o
 .text.EMU_BUPinEnable
                0x00000000       0x20 ./emlib/em_emu.o
 .text.CMU_Lock
                0x00000000       0x18 ./emlib/em_emu.o
 .text.CMU_Unlock
                0x00000000       0x1c ./emlib/em_emu.o
 .bss.cmuStatus
                0x00000000        0x4 ./emlib/em_emu.o
 .text.emuRestore
                0x00000000       0xf0 ./emlib/em_emu.o
 .text.getErrataFixEmuE107En
                0x00000000       0x68 ./emlib/em_emu.o
 .text.EMU_EnterEM2
                0x00000000       0x9c ./emlib/em_emu.o
 .text.EMU_EnterEM3
                0x00000000       0xbc ./emlib/em_emu.o
 .rodata        0x00000000       0x5c ./emlib/em_emu.o
 .text.EMU_MemPwrDown
                0x00000000       0x2c ./emlib/em_emu.o
 .text.EMU_UpdateOscConfig
                0x00000000       0x1c ./emlib/em_emu.o
 .text.EMU_EM23Init
                0x00000000       0x34 ./emlib/em_emu.o
 .text.EMU_EM4Init
                0x00000000       0x50 ./emlib/em_emu.o
 .text.EMU_BUPDInit
                0x00000000       0xcc ./emlib/em_emu.o
 .text.EMU_BUThresholdSet
                0x00000000       0x6c ./emlib/em_emu.o
 .text.EMU_BUThresRangeSet
                0x00000000       0x70 ./emlib/em_emu.o
 .text          0x00000000        0x0 ./emlib/em_gpio.o
 .data          0x00000000        0x0 ./emlib/em_gpio.o
 .bss           0x00000000        0x0 ./emlib/em_gpio.o
 .text.BUS_RegBitWrite
                0x00000000       0x2c ./emlib/em_gpio.o
 .text.BUS_RegMaskedWrite
                0x00000000       0x28 ./emlib/em_gpio.o
 .text.GPIO_EM4SetPinRetention
                0x00000000       0x40 ./emlib/em_gpio.o
 .rodata        0x00000000       0xb8 ./emlib/em_gpio.o
 .text.GPIO_PinOutClear
                0x00000000       0x98 ./emlib/em_gpio.o
 .text.GPIO_PinOutSet
                0x00000000       0x98 ./emlib/em_gpio.o
 .text.GPIO_DbgLocationSet
                0x00000000       0x3c ./emlib/em_gpio.o
 .text.GPIO_DriveModeSet
                0x00000000       0x78 ./emlib/em_gpio.o
 .text.GPIO_ExtIntConfig
                0x00000000      0x10c ./emlib/em_gpio.o
 .text.GPIO_PinModeSet
                0x00000000      0x150 ./emlib/em_gpio.o
 .text.GPIO_PinModeGet
                0x00000000       0xcc ./emlib/em_gpio.o
 .text.GPIO_EM4EnablePinWakeup
                0x00000000       0x84 ./emlib/em_gpio.o
 .debug_info    0x00000000      0x644 ./emlib/em_gpio.o
 .debug_abbrev  0x00000000      0x1cb ./emlib/em_gpio.o
 .debug_loc     0x00000000      0x268 ./emlib/em_gpio.o
 .debug_aranges
                0x00000000       0x70 ./emlib/em_gpio.o
 .debug_ranges  0x00000000       0x60 ./emlib/em_gpio.o
 .debug_line    0x00000000      0x40f ./emlib/em_gpio.o
 .debug_str     0x00000000      0x5e3 ./emlib/em_gpio.o
 .comment       0x00000000       0x71 ./emlib/em_gpio.o
 .ARM.attributes
                0x00000000       0x33 ./emlib/em_gpio.o
 .debug_frame   0x00000000      0x164 ./emlib/em_gpio.o
 .text          0x00000000        0x0 ./emlib/em_int.o
 .data          0x00000000        0x0 ./emlib/em_int.o
 .bss           0x00000000        0x0 ./emlib/em_int.o
 .text          0x00000000        0x0 ./emlib/em_lcd.o
 .data          0x00000000        0x0 ./emlib/em_lcd.o
 .bss           0x00000000        0x0 ./emlib/em_lcd.o
 .text.LCD_Enable
                0x00000000       0x38 ./emlib/em_lcd.o
 .text.LCD_AnimEnable
                0x00000000       0x38 ./emlib/em_lcd.o
 .text.LCD_FrameCountEnable
                0x00000000       0x38 ./emlib/em_lcd.o
 .text.BUS_RegBitWrite
                0x00000000       0x2c ./emlib/em_lcd.o
 .rodata        0x00000000       0x5c ./emlib/em_lcd.o
 .text.LCD_Init
                0x00000000       0x84 ./emlib/em_lcd.o
 .text.LCD_VLCDSelect
                0x00000000       0x44 ./emlib/em_lcd.o
 .text.LCD_UpdateCtrl
                0x00000000       0x28 ./emlib/em_lcd.o
 .text.LCD_FrameCountInit
                0x00000000       0x68 ./emlib/em_lcd.o
 .text.LCD_AnimInit
                0x00000000       0x94 ./emlib/em_lcd.o
 .text.LCD_SegmentRangeEnable
                0x00000000       0x40 ./emlib/em_lcd.o
 .text.LCD_SegmentSet
                0x00000000      0x214 ./emlib/em_lcd.o
 .text.LCD_SegmentSetLow
                0x00000000      0x198 ./emlib/em_lcd.o
 .text.LCD_SegmentSetHigh
                0x00000000      0x18c ./emlib/em_lcd.o
 .text.LCD_ContrastSet
                0x00000000       0x38 ./emlib/em_lcd.o
 .text.LCD_VBoostSet
                0x00000000       0x28 ./emlib/em_lcd.o
 .text.LCD_BiasSegmentSet
                0x00000000      0x11c ./emlib/em_lcd.o
 .text.LCD_BiasComSet
                0x00000000       0x50 ./emlib/em_lcd.o
 .debug_info    0x00000000      0xa28 ./emlib/em_lcd.o
 .debug_abbrev  0x00000000      0x1c0 ./emlib/em_lcd.o
 .debug_loc     0x00000000      0x3b8 ./emlib/em_lcd.o
 .debug_aranges
                0x00000000       0xa0 ./emlib/em_lcd.o
 .debug_ranges  0x00000000       0x90 ./emlib/em_lcd.o
 .debug_line    0x00000000      0x4d3 ./emlib/em_lcd.o
 .debug_str     0x00000000      0x8dc ./emlib/em_lcd.o
 .comment       0x00000000       0x71 ./emlib/em_lcd.o
 .ARM.attributes
                0x00000000       0x33 ./emlib/em_lcd.o
 .debug_frame   0x00000000      0x210 ./emlib/em_lcd.o
 .text          0x00000000        0x0 ./emlib/em_rtc.o
 .data          0x00000000        0x0 ./emlib/em_rtc.o
 .bss           0x00000000        0x0 ./emlib/em_rtc.o
 .text.BUS_RegBitWrite
                0x00000000       0x2c ./emlib/em_rtc.o
 .text.RTC_Enable
                0x00000000       0x20 ./emlib/em_rtc.o
 .text.RTC_FreezeEnable
                0x00000000       0x2c ./emlib/em_rtc.o
 .text.RTC_Init
                0x00000000       0x50 ./emlib/em_rtc.o
 .text.RTC_Reset
                0x00000000       0x34 ./emlib/em_rtc.o
 .text.RTC_CounterReset
                0x00000000       0x14 ./emlib/em_rtc.o
 .text          0x00000000        0x0 ./emlib/em_system.o
 .data          0x00000000        0x0 ./emlib/em_system.o
 .bss           0x00000000        0x0 ./emlib/em_system.o
 .text.SYSTEM_GetCalibrationValue
                0x00000000       0x5c ./emlib/em_system.o
 .text          0x00000000        0x0 ./Drivers/rtcdriver.o
 .data          0x00000000        0x0 ./Drivers/rtcdriver.o
 .bss           0x00000000        0x0 ./Drivers/rtcdriver.o
 .text.NVIC_EnableIRQ
                0x00000000       0x30 ./Drivers/rtcdriver.o
 .text.NVIC_DisableIRQ
                0x00000000       0x34 ./Drivers/rtcdriver.o
 .text.NVIC_ClearPendingIRQ
                0x00000000       0x34 ./Drivers/rtcdriver.o
 .bss.startTimerNestingLevel
                0x00000000        0x4 ./Drivers/rtcdriver.o
 .bss.rtcdrvIsInitialized
                0x00000000        0x1 ./Drivers/rtcdriver.o
 .rodata.initRTC
                0x00000000        0x4 ./Drivers/rtcdriver.o
 .text.RTCDRV_AllocateTimer
                0x00000000       0x88 ./Drivers/rtcdriver.o
 .text.RTCDRV_Delay
                0x00000000       0x80 ./Drivers/rtcdriver.o
 .text.RTCDRV_FreeTimer
                0x00000000       0x54 ./Drivers/rtcdriver.o
 .text.RTCDRV_Init
                0x00000000       0xa0 ./Drivers/rtcdriver.o
 .text.RTCDRV_DeInit
                0x00000000       0x40 ./Drivers/rtcdriver.o
 .text.RTCDRV_IsRunning
                0x00000000       0x7c ./Drivers/rtcdriver.o
 .text.RTCDRV_StartTimer
                0x00000000      0x344 ./Drivers/rtcdriver.o
 .text.RTCDRV_StopTimer
                0x00000000       0x68 ./Drivers/rtcdriver.o
 .text.RTCDRV_TimeRemaining
                0x00000000      0x168 ./Drivers/rtcdriver.o
 .text.delayTicks
                0x00000000       0x34 ./Drivers/rtcdriver.o
 .text          0x00000000        0x0 ./Drivers/segmentlcd.o
 .data          0x00000000        0x0 ./Drivers/segmentlcd.o
 .bss           0x00000000        0x0 ./Drivers/segmentlcd.o
 .text.LCD_Enable
                0x00000000       0x38 ./Drivers/segmentlcd.o
 .text.LCD_FreezeEnable
                0x00000000       0x2c ./Drivers/segmentlcd.o
 .text.LCD_SyncBusyDelay
                0x00000000       0x24 ./Drivers/segmentlcd.o
 .text.LCD_IntDisable
                0x00000000       0x24 ./Drivers/segmentlcd.o
 .rodata.EFM_Display
                0x00000000      0x200 ./Drivers/segmentlcd.o
 .rodata.EFM_Alphabet
                0x00000000       0xb8 ./Drivers/segmentlcd.o
 .rodata.EFM_Numbers
                0x00000000       0x24 ./Drivers/segmentlcd.o
 .rodata.Blocks
                0x00000000        0x8 ./Drivers/segmentlcd.o
 .rodata.signIndex
                0x00000000        0x2 ./Drivers/segmentlcd.o
 .rodata.lcdInit
                0x00000000       0x14 ./Drivers/segmentlcd.o
 .text.SegmentLCD_AllOff
                0x00000000       0xac ./Drivers/segmentlcd.o
 .text.SegmentLCD_AllOn
                0x00000000       0xcc ./Drivers/segmentlcd.o
 .text.SegmentLCD_AlphaNumberOff
                0x00000000       0xa8 ./Drivers/segmentlcd.o
 .text.SegmentLCD_ARing
                0x00000000       0x54 ./Drivers/segmentlcd.o
 .text.SegmentLCD_Battery
                0x00000000       0x78 ./Drivers/segmentlcd.o
 .text.SegmentLCD_Block
                0x00000000       0x30 ./Drivers/segmentlcd.o
 .text.SegmentLCD_Disable
                0x00000000       0x28 ./Drivers/segmentlcd.o
 .text.SegmentLCD_EnergyMode
                0x00000000       0x50 ./Drivers/segmentlcd.o
 .text.SegmentLCD_Init
                0x00000000       0xb8 ./Drivers/segmentlcd.o
 .text.SegmentLCD_LowerHex
                0x00000000       0x94 ./Drivers/segmentlcd.o
 .rodata        0x00000000        0x8 ./Drivers/segmentlcd.o
 .text.SegmentLCD_LowerNumber
                0x00000000       0xc0 ./Drivers/segmentlcd.o
 .text.SegmentLCD_Number
                0x00000000      0x124 ./Drivers/segmentlcd.o
 .text.SegmentLCD_NumberOff
                0x00000000       0x50 ./Drivers/segmentlcd.o
 .text.SegmentLCD_Symbol
                0x00000000      0x130 ./Drivers/segmentlcd.o
 .text.SegmentLCD_UnsignedHex
                0x00000000       0xc8 ./Drivers/segmentlcd.o
 .text.SegmentLCD_Write
                0x00000000       0xd8 ./Drivers/segmentlcd.o
 .text.displayBlock
                0x00000000      0x114 ./Drivers/segmentlcd.o
 .debug_info    0x00000000     0x11aa ./Drivers/segmentlcd.o
 .debug_abbrev  0x00000000      0x197 ./Drivers/segmentlcd.o
 .debug_loc     0x00000000      0x45c ./Drivers/segmentlcd.o
 .debug_aranges
                0x00000000       0xc0 ./Drivers/segmentlcd.o
 .debug_ranges  0x00000000       0xb0 ./Drivers/segmentlcd.o
 .debug_line    0x00000000      0x5fe ./Drivers/segmentlcd.o
 .debug_str     0x00000000      0xe47 ./Drivers/segmentlcd.o
 .comment       0x00000000       0x71 ./Drivers/segmentlcd.o
 .ARM.attributes
                0x00000000       0x33 ./Drivers/segmentlcd.o
 .debug_frame   0x00000000      0x28c ./Drivers/segmentlcd.o
 .data          0x00000000        0x0 ./CMSIS/efm32gg/startup_efm32gg.o
 .bss           0x00000000        0x0 ./CMSIS/efm32gg/startup_efm32gg.o
 .text          0x00000000        0x0 ./CMSIS/efm32gg/system_efm32gg.o
 .data          0x00000000        0x0 ./CMSIS/efm32gg/system_efm32gg.o
 .bss           0x00000000        0x0 ./CMSIS/efm32gg/system_efm32gg.o
 .data.SystemHFXOClock
                0x00000000        0x4 ./CMSIS/efm32gg/system_efm32gg.o
 .data.SystemLFXOClock
                0x00000000        0x4 ./CMSIS/efm32gg/system_efm32gg.o
 .text.GetProdRev
                0x00000000       0x1c ./CMSIS/efm32gg/system_efm32gg.o
 .text.SystemCoreClockGet
                0x00000000       0x34 ./CMSIS/efm32gg/system_efm32gg.o
 .text.SystemMaxCoreClockGet
                0x00000000       0x14 ./CMSIS/efm32gg/system_efm32gg.o
 .text.SystemHFClockGet
                0x00000000      0x100 ./CMSIS/efm32gg/system_efm32gg.o
 .text.SystemHFXOClockGet
                0x00000000       0x18 ./CMSIS/efm32gg/system_efm32gg.o
 .text.SystemHFXOClockSet
                0x00000000       0x2c ./CMSIS/efm32gg/system_efm32gg.o
 .text.SystemLFRCOClockGet
                0x00000000       0x14 ./CMSIS/efm32gg/system_efm32gg.o
 .text.SystemULFRCOClockGet
                0x00000000       0x14 ./CMSIS/efm32gg/system_efm32gg.o
 .text.SystemLFXOClockGet
                0x00000000       0x18 ./CMSIS/efm32gg/system_efm32gg.o
 .text.SystemLFXOClockSet
                0x00000000       0x2c ./CMSIS/efm32gg/system_efm32gg.o
 COMMON         0x00000000        0x4 ./CMSIS/efm32gg/system_efm32gg.o
 .text          0x00000000        0x0 ./BSP/bsp_trace.o
 .data          0x00000000        0x0 ./BSP/bsp_trace.o
 .bss           0x00000000        0x0 ./BSP/bsp_trace.o
 .text.BSP_TraceSwoSetup
                0x00000000      0x114 ./BSP/bsp_trace.o
 .text.BSP_TraceProfilerSetup
                0x00000000       0x28 ./BSP/bsp_trace.o
 .debug_info    0x00000000      0xc64 ./BSP/bsp_trace.o
 .debug_abbrev  0x00000000      0x17b ./BSP/bsp_trace.o
 .debug_loc     0x00000000       0x70 ./BSP/bsp_trace.o
 .debug_aranges
                0x00000000       0x28 ./BSP/bsp_trace.o
 .debug_ranges  0x00000000       0x18 ./BSP/bsp_trace.o
 .debug_line    0x00000000      0x2a0 ./BSP/bsp_trace.o
 .debug_str     0x00000000      0x7c8 ./BSP/bsp_trace.o
 .comment       0x00000000       0x71 ./BSP/bsp_trace.o
 .ARM.attributes
                0x00000000       0x33 ./BSP/bsp_trace.o
 .debug_frame   0x00000000       0x50 ./BSP/bsp_trace.o
 .text          0x00000000       0x2c /home/clnx/SimplicityStudio/SimplicityStudio_v3/developer/toolchains/gnu_arm/4.8_2013q4/bin/../lib/gcc/arm-none-eabi/4.8.3/armv7-m/libgcc.a(_aeabi_uldivmod.o)
 .data          0x00000000        0x0 /home/clnx/SimplicityStudio/SimplicityStudio_v3/developer/toolchains/gnu_arm/4.8_2013q4/bin/../lib/gcc/arm-none-eabi/4.8.3/armv7-m/libgcc.a(_aeabi_uldivmod.o)
 .bss           0x00000000        0x0 /home/clnx/SimplicityStudio/SimplicityStudio_v3/developer/toolchains/gnu_arm/4.8_2013q4/bin/../lib/gcc/arm-none-eabi/4.8.3/armv7-m/libgcc.a(_aeabi_uldivmod.o)
 .ARM.attributes
                0x00000000       0x1d /home/clnx/SimplicityStudio/SimplicityStudio_v3/developer/toolchains/gnu_arm/4.8_2013q4/bin/../lib/gcc/arm-none-eabi/4.8.3/armv7-m/libgcc.a(_aeabi_uldivmod.o)
 .text          0x00000000       0x60 /home/clnx/SimplicityStudio/SimplicityStudio_v3/developer/toolchains/gnu_arm/4.8_2013q4/bin/../lib/gcc/arm-none-eabi/4.8.3/armv7-m/libgcc.a(bpabi.o)
 .data          0x00000000        0x0 /home/clnx/SimplicityStudio/SimplicityStudio_v3/developer/toolchains/gnu_arm/4.8_2013q4/bin/../lib/gcc/arm-none-eabi/4.8.3/armv7-m/libgcc.a(bpabi.o)
 .bss           0x00000000        0x0 /home/clnx/SimplicityStudio/SimplicityStudio_v3/developer/toolchains/gnu_arm/4.8_2013q4/bin/../lib/gcc/arm-none-eabi/4.8.3/armv7-m/libgcc.a(bpabi.o)
 .ARM.attributes
                0x00000000       0x2d /home/clnx/SimplicityStudio/SimplicityStudio_v3/developer/toolchains/gnu_arm/4.8_2013q4/bin/../lib/gcc/arm-none-eabi/4.8.3/armv7-m/libgcc.a(bpabi.o)
 .debug_frame   0x00000000       0x58 /home/clnx/SimplicityStudio/SimplicityStudio_v3/developer/toolchains/gnu_arm/4.8_2013q4/bin/../lib/gcc/arm-none-eabi/4.8.3/armv7-m/libgcc.a(bpabi.o)
 .text          0x00000000        0x4 /home/clnx/SimplicityStudio/SimplicityStudio_v3/developer/toolchains/gnu_arm/4.8_2013q4/bin/../lib/gcc/arm-none-eabi/4.8.3/armv7-m/libgcc.a(_dvmd_tls.o)
 .data          0x00000000        0x0 /home/clnx/SimplicityStudio/SimplicityStudio_v3/developer/toolchains/gnu_arm/4.8_2013q4/bin/../lib/gcc/arm-none-eabi/4.8.3/armv7-m/libgcc.a(_dvmd_tls.o)
 .bss           0x00000000        0x0 /home/clnx/SimplicityStudio/SimplicityStudio_v3/developer/toolchains/gnu_arm/4.8_2013q4/bin/../lib/gcc/arm-none-eabi/4.8.3/armv7-m/libgcc.a(_dvmd_tls.o)
 .ARM.attributes
                0x00000000       0x1d /home/clnx/SimplicityStudio/SimplicityStudio_v3/developer/toolchains/gnu_arm/4.8_2013q4/bin/../lib/gcc/arm-none-eabi/4.8.3/armv7-m/libgcc.a(_dvmd_tls.o)
 .text          0x00000000      0x2a0 /home/clnx/SimplicityStudio/SimplicityStudio_v3/developer/toolchains/gnu_arm/4.8_2013q4/bin/../lib/gcc/arm-none-eabi/4.8.3/armv7-m/libgcc.a(_divdi3.o)
 .data          0x00000000        0x0 /home/clnx/SimplicityStudio/SimplicityStudio_v3/developer/toolchains/gnu_arm/4.8_2013q4/bin/../lib/gcc/arm-none-eabi/4.8.3/armv7-m/libgcc.a(_divdi3.o)
 .bss           0x00000000        0x0 /home/clnx/SimplicityStudio/SimplicityStudio_v3/developer/toolchains/gnu_arm/4.8_2013q4/bin/../lib/gcc/arm-none-eabi/4.8.3/armv7-m/libgcc.a(_divdi3.o)
 .ARM.extab     0x00000000        0x0 /home/clnx/SimplicityStudio/SimplicityStudio_v3/developer/toolchains/gnu_arm/4.8_2013q4/bin/../lib/gcc/arm-none-eabi/4.8.3/armv7-m/libgcc.a(_divdi3.o)
 .ARM.exidx     0x00000000        0x8 /home/clnx/SimplicityStudio/SimplicityStudio_v3/developer/toolchains/gnu_arm/4.8_2013q4/bin/../lib/gcc/arm-none-eabi/4.8.3/armv7-m/libgcc.a(_divdi3.o)
 .ARM.attributes
                0x00000000       0x2d /home/clnx/SimplicityStudio/SimplicityStudio_v3/developer/toolchains/gnu_arm/4.8_2013q4/bin/../lib/gcc/arm-none-eabi/4.8.3/armv7-m/libgcc.a(_divdi3.o)
 .debug_frame   0x00000000       0x34 /home/clnx/SimplicityStudio/SimplicityStudio_v3/developer/toolchains/gnu_arm/4.8_2013q4/bin/../lib/gcc/arm-none-eabi/4.8.3/armv7-m/libgcc.a(_divdi3.o)
 .text          0x00000000      0x290 /home/clnx/SimplicityStudio/SimplicityStudio_v3/developer/toolchains/gnu_arm/4.8_2013q4/bin/../lib/gcc/arm-none-eabi/4.8.3/armv7-m/libgcc.a(_udivdi3.o)
 .data          0x00000000        0x0 /home/clnx/SimplicityStudio/SimplicityStudio_v3/developer/toolchains/gnu_arm/4.8_2013q4/bin/../lib/gcc/arm-none-eabi/4.8.3/armv7-m/libgcc.a(_udivdi3.o)
 .bss           0x00000000        0x0 /home/clnx/SimplicityStudio/SimplicityStudio_v3/developer/toolchains/gnu_arm/4.8_2013q4/bin/../lib/gcc/arm-none-eabi/4.8.3/armv7-m/libgcc.a(_udivdi3.o)
 .ARM.extab     0x00000000        0x0 /home/clnx/SimplicityStudio/SimplicityStudio_v3/developer/toolchains/gnu_arm/4.8_2013q4/bin/../lib/gcc/arm-none-eabi/4.8.3/armv7-m/libgcc.a(_udivdi3.o)
 .ARM.exidx     0x00000000        0x8 /home/clnx/SimplicityStudio/SimplicityStudio_v3/developer/toolchains/gnu_arm/4.8_2013q4/bin/../lib/gcc/arm-none-eabi/4.8.3/armv7-m/libgcc.a(_udivdi3.o)
 .ARM.attributes
                0x00000000       0x2d /home/clnx/SimplicityStudio/SimplicityStudio_v3/developer/toolchains/gnu_arm/4.8_2013q4/bin/../lib/gcc/arm-none-eabi/4.8.3/armv7-m/libgcc.a(_udivdi3.o)
 .debug_frame   0x00000000       0x34 /home/clnx/SimplicityStudio/SimplicityStudio_v3/developer/toolchains/gnu_arm/4.8_2013q4/bin/../lib/gcc/arm-none-eabi/4.8.3/armv7-m/libgcc.a(_udivdi3.o)
 .text          0x00000000        0x0 /home/clnx/SimplicityStudio/SimplicityStudio_v3/developer/toolchains/gnu_arm/4.8_2013q4/bin/../lib/gcc/arm-none-eabi/4.8.3/../../../../arm-none-eabi/lib/armv7-m/libc_s.a(lib_a-abs.o)
 .data          0x00000000        0x0 /home/clnx/SimplicityStudio/SimplicityStudio_v3/developer/toolchains/gnu_arm/4.8_2013q4/bin/../lib/gcc/arm-none-eabi/4.8.3/../../../../arm-none-eabi/lib/armv7-m/libc_s.a(lib_a-abs.o)
 .bss           0x00000000        0x0 /home/clnx/SimplicityStudio/SimplicityStudio_v3/developer/toolchains/gnu_arm/4.8_2013q4/bin/../lib/gcc/arm-none-eabi/4.8.3/../../../../arm-none-eabi/lib/armv7-m/libc_s.a(lib_a-abs.o)
 .text.abs      0x00000000        0x8 /home/clnx/SimplicityStudio/SimplicityStudio_v3/developer/toolchains/gnu_arm/4.8_2013q4/bin/../lib/gcc/arm-none-eabi/4.8.3/../../../../arm-none-eabi/lib/armv7-m/libc_s.a(lib_a-abs.o)
 .ARM.attributes
                0x00000000       0x2d /home/clnx/SimplicityStudio/SimplicityStudio_v3/developer/toolchains/gnu_arm/4.8_2013q4/bin/../lib/gcc/arm-none-eabi/4.8.3/../../../../arm-none-eabi/lib/armv7-m/libc_s.a(lib_a-abs.o)
 .debug_frame   0x00000000       0x20 /home/clnx/SimplicityStudio/SimplicityStudio_v3/developer/toolchains/gnu_arm/4.8_2013q4/bin/../lib/gcc/arm-none-eabi/4.8.3/../../../../arm-none-eabi/lib/armv7-m/libc_s.a(lib_a-abs.o)
 .text          0x00000000        0x0 /home/clnx/SimplicityStudio/SimplicityStudio_v3/developer/toolchains/gnu_arm/4.8_2013q4/bin/../lib/gcc/arm-none-eabi/4.8.3/../../../../arm-none-eabi/lib/armv7-m/libc_s.a(lib_a-exit.o)
 .data          0x00000000        0x0 /home/clnx/SimplicityStudio/SimplicityStudio_v3/developer/toolchains/gnu_arm/4.8_2013q4/bin/../lib/gcc/arm-none-eabi/4.8.3/../../../../arm-none-eabi/lib/armv7-m/libc_s.a(lib_a-exit.o)
 .bss           0x00000000        0x0 /home/clnx/SimplicityStudio/SimplicityStudio_v3/developer/toolchains/gnu_arm/4.8_2013q4/bin/../lib/gcc/arm-none-eabi/4.8.3/../../../../arm-none-eabi/lib/armv7-m/libc_s.a(lib_a-exit.o)
 .text          0x00000000        0x0 /home/clnx/SimplicityStudio/SimplicityStudio_v3/developer/toolchains/gnu_arm/4.8_2013q4/bin/../lib/gcc/arm-none-eabi/4.8.3/../../../../arm-none-eabi/lib/armv7-m/libc_s.a(lib_a-impure.o)
 .data          0x00000000        0x0 /home/clnx/SimplicityStudio/SimplicityStudio_v3/developer/toolchains/gnu_arm/4.8_2013q4/bin/../lib/gcc/arm-none-eabi/4.8.3/../../../../arm-none-eabi/lib/armv7-m/libc_s.a(lib_a-impure.o)
 .bss           0x00000000        0x0 /home/clnx/SimplicityStudio/SimplicityStudio_v3/developer/toolchains/gnu_arm/4.8_2013q4/bin/../lib/gcc/arm-none-eabi/4.8.3/../../../../arm-none-eabi/lib/armv7-m/libc_s.a(lib_a-impure.o)
 .data._impure_ptr
                0x00000000        0x4 /home/clnx/SimplicityStudio/SimplicityStudio_v3/developer/toolchains/gnu_arm/4.8_2013q4/bin/../lib/gcc/arm-none-eabi/4.8.3/../../../../arm-none-eabi/lib/armv7-m/libc_s.a(lib_a-impure.o)
 .text          0x00000000        0x0 /home/clnx/SimplicityStudio/SimplicityStudio_v3/developer/toolchains/gnu_arm/4.8_2013q4/bin/../lib/gcc/arm-none-eabi/4.8.3/../../../../arm-none-eabi/lib/armv7-m/libc_s.a(lib_a-init.o)
 .data          0x00000000        0x0 /home/clnx/SimplicityStudio/SimplicityStudio_v3/developer/toolchains/gnu_arm/4.8_2013q4/bin/../lib/gcc/arm-none-eabi/4.8.3/../../../../arm-none-eabi/lib/armv7-m/libc_s.a(lib_a-init.o)
 .bss           0x00000000        0x0 /home/clnx/SimplicityStudio/SimplicityStudio_v3/developer/toolchains/gnu_arm/4.8_2013q4/bin/../lib/gcc/arm-none-eabi/4.8.3/../../../../arm-none-eabi/lib/armv7-m/libc_s.a(lib_a-init.o)
 .text          0x00000000        0x0 /home/clnx/SimplicityStudio/SimplicityStudio_v3/developer/toolchains/gnu_arm/4.8_2013q4/bin/../lib/gcc/arm-none-eabi/4.8.3/../../../../arm-none-eabi/lib/armv7-m/libc_s.a(lib_a-memset.o)
 .data          0x00000000        0x0 /home/clnx/SimplicityStudio/SimplicityStudio_v3/developer/toolchains/gnu_arm/4.8_2013q4/bin/../lib/gcc/arm-none-eabi/4.8.3/../../../../arm-none-eabi/lib/armv7-m/libc_s.a(lib_a-memset.o)
 .bss           0x00000000        0x0 /home/clnx/SimplicityStudio/SimplicityStudio_v3/developer/toolchains/gnu_arm/4.8_2013q4/bin/../lib/gcc/arm-none-eabi/4.8.3/../../../../arm-none-eabi/lib/armv7-m/libc_s.a(lib_a-memset.o)
 .text          0x00000000        0x0 /home/clnx/SimplicityStudio/SimplicityStudio_v3/developer/toolchains/gnu_arm/4.8_2013q4/bin/../lib/gcc/arm-none-eabi/4.8.3/../../../../arm-none-eabi/lib/armv7-m/libc_s.a(lib_a-strlen.o)
 .data          0x00000000        0x0 /home/clnx/SimplicityStudio/SimplicityStudio_v3/developer/toolchains/gnu_arm/4.8_2013q4/bin/../lib/gcc/arm-none-eabi/4.8.3/../../../../arm-none-eabi/lib/armv7-m/libc_s.a(lib_a-strlen.o)
 .bss           0x00000000        0x0 /home/clnx/SimplicityStudio/SimplicityStudio_v3/developer/toolchains/gnu_arm/4.8_2013q4/bin/../lib/gcc/arm-none-eabi/4.8.3/../../../../arm-none-eabi/lib/armv7-m/libc_s.a(lib_a-strlen.o)
 .text.strlen   0x00000000       0x10 /home/clnx/SimplicityStudio/SimplicityStudio_v3/developer/toolchains/gnu_arm/4.8_2013q4/bin/../lib/gcc/arm-none-eabi/4.8.3/../../../../arm-none-eabi/lib/armv7-m/libc_s.a(lib_a-strlen.o)
 .ARM.attributes
                0x00000000       0x2d /home/clnx/SimplicityStudio/SimplicityStudio_v3/developer/toolchains/gnu_arm/4.8_2013q4/bin/../lib/gcc/arm-none-eabi/4.8.3/../../../../arm-none-eabi/lib/armv7-m/libc_s.a(lib_a-strlen.o)
 .debug_frame   0x00000000       0x20 /home/clnx/SimplicityStudio/SimplicityStudio_v3/developer/toolchains/gnu_arm/4.8_2013q4/bin/../lib/gcc/arm-none-eabi/4.8.3/../../../../arm-none-eabi/lib/armv7-m/libc_s.a(lib_a-strlen.o)
 .text          0x00000000        0x0 /home/clnx/SimplicityStudio/SimplicityStudio_v3/developer/toolchains/gnu_arm/4.8_2013q4/bin/../lib/gcc/arm-none-eabi/4.8.3/../../../../arm-none-eabi/lib/armv7-m/libnosys.a(_exit.o)
 .data          0x00000000        0x0 /home/clnx/SimplicityStudio/SimplicityStudio_v3/developer/toolchains/gnu_arm/4.8_2013q4/bin/../lib/gcc/arm-none-eabi/4.8.3/../../../../arm-none-eabi/lib/armv7-m/libnosys.a(_exit.o)
 .bss           0x00000000        0x0 /home/clnx/SimplicityStudio/SimplicityStudio_v3/developer/toolchains/gnu_arm/4.8_2013q4/bin/../lib/gcc/arm-none-eabi/4.8.3/../../../../arm-none-eabi/lib/armv7-m/libnosys.a(_exit.o)
 .text          0x00000000        0x0 /home/clnx/SimplicityStudio/SimplicityStudio_v3/developer/toolchains/gnu_arm/4.8_2013q4/bin/../lib/gcc/arm-none-eabi/4.8.3/armv7-m/crtend.o
 .data          0x00000000        0x0 /home/clnx/SimplicityStudio/SimplicityStudio_v3/developer/toolchains/gnu_arm/4.8_2013q4/bin/../lib/gcc/arm-none-eabi/4.8.3/armv7-m/crtend.o
 .bss           0x00000000        0x0 /home/clnx/SimplicityStudio/SimplicityStudio_v3/developer/toolchains/gnu_arm/4.8_2013q4/bin/../lib/gcc/arm-none-eabi/4.8.3/armv7-m/crtend.o
 .text          0x00000000        0x0 /home/clnx/SimplicityStudio/SimplicityStudio_v3/developer/toolchains/gnu_arm/4.8_2013q4/bin/../lib/gcc/arm-none-eabi/4.8.3/armv7-m/crtn.o
 .data          0x00000000        0x0 /home/clnx/SimplicityStudio/SimplicityStudio_v3/developer/toolchains/gnu_arm/4.8_2013q4/bin/../lib/gcc/arm-none-eabi/4.8.3/armv7-m/crtn.o
 .bss           0x00000000        0x0 /home/clnx/SimplicityStudio/SimplicityStudio_v3/developer/toolchains/gnu_arm/4.8_2013q4/bin/../lib/gcc/arm-none-eabi/4.8.3/armv7-m/crtn.o

Memory Configuration

Name             Origin             Length             Attributes
FLASH            0x00000000         0x00100000         xr
RAM              0x20000000         0x00020000         xrw
*default*        0x00000000         0xffffffff

Linker script and memory map

LOAD /home/clnx/SimplicityStudio/SimplicityStudio_v3/developer/toolchains/gnu_arm/4.8_2013q4/bin/../lib/gcc/arm-none-eabi/4.8.3/armv7-m/crti.o
LOAD /home/clnx/SimplicityStudio/SimplicityStudio_v3/developer/toolchains/gnu_arm/4.8_2013q4/bin/../lib/gcc/arm-none-eabi/4.8.3/armv7-m/crtbegin.o
LOAD /home/clnx/SimplicityStudio/SimplicityStudio_v3/developer/toolchains/gnu_arm/4.8_2013q4/bin/../lib/gcc/arm-none-eabi/4.8.3/../../../../arm-none-eabi/lib/armv7-m/crt0.o
LOAD ./src/emodes.o
LOAD ./src/main.o
LOAD ./emlib/em_assert.o
LOAD ./emlib/em_cmu.o
LOAD ./emlib/em_emu.o
LOAD ./emlib/em_gpio.o
LOAD ./emlib/em_int.o
LOAD ./emlib/em_lcd.o
LOAD ./emlib/em_rtc.o
LOAD ./emlib/em_system.o
LOAD ./Drivers/rtcdriver.o
LOAD ./Drivers/segmentlcd.o
LOAD ./CMSIS/efm32gg/startup_efm32gg.o
LOAD ./CMSIS/efm32gg/system_efm32gg.o
LOAD ./BSP/bsp_trace.o
START GROUP
LOAD /home/clnx/SimplicityStudio/SimplicityStudio_v3/developer/toolchains/gnu_arm/4.8_2013q4/bin/../lib/gcc/arm-none-eabi/4.8.3/armv7-m/libgcc.a
LOAD /home/clnx/SimplicityStudio/SimplicityStudio_v3/developer/toolchains/gnu_arm/4.8_2013q4/bin/../lib/gcc/arm-none-eabi/4.8.3/../../../../arm-none-eabi/lib/armv7-m/libc_s.a
LOAD /home/clnx/SimplicityStudio/SimplicityStudio_v3/developer/toolchains/gnu_arm/4.8_2013q4/bin/../lib/gcc/arm-none-eabi/4.8.3/../../../../arm-none-eabi/lib/armv7-m/libnosys.a
END GROUP
START GROUP
LOAD /home/clnx/SimplicityStudio/SimplicityStudio_v3/developer/toolchains/gnu_arm/4.8_2013q4/bin/../lib/gcc/arm-none-eabi/4.8.3/armv7-m/libgcc.a
LOAD /home/clnx/SimplicityStudio/SimplicityStudio_v3/developer/toolchains/gnu_arm/4.8_2013q4/bin/../lib/gcc/arm-none-eabi/4.8.3/../../../../arm-none-eabi/lib/armv7-m/libg_s.a
LOAD /home/clnx/SimplicityStudio/SimplicityStudio_v3/developer/toolchains/gnu_arm/4.8_2013q4/bin/../lib/gcc/arm-none-eabi/4.8.3/../../../../arm-none-eabi/lib/armv7-m/libc_s.a
END GROUP
START GROUP
LOAD /home/clnx/SimplicityStudio/SimplicityStudio_v3/developer/toolchains/gnu_arm/4.8_2013q4/bin/../lib/gcc/arm-none-eabi/4.8.3/armv7-m/libgcc.a
LOAD /home/clnx/SimplicityStudio/SimplicityStudio_v3/developer/toolchains/gnu_arm/4.8_2013q4/bin/../lib/gcc/arm-none-eabi/4.8.3/../../../../arm-none-eabi/lib/armv7-m/libc_s.a
END GROUP
LOAD /home/clnx/SimplicityStudio/SimplicityStudio_v3/developer/toolchains/gnu_arm/4.8_2013q4/bin/../lib/gcc/arm-none-eabi/4.8.3/armv7-m/crtend.o
LOAD /home/clnx/SimplicityStudio/SimplicityStudio_v3/developer/toolchains/gnu_arm/4.8_2013q4/bin/../lib/gcc/arm-none-eabi/4.8.3/armv7-m/crtn.o

.text           0x00000000      0xb04
 *(.vectors)
 .vectors       0x00000000       0xdc ./CMSIS/efm32gg/startup_efm32gg.o
                0x00000000                __Vectors
                0x000000dc                __Vectors_End = .
                0x000000dc                __Vectors_Size = (__Vectors_End - __Vectors)
                0x000000dc                __end__ = .
 *(.text*)
 .text          0x000000dc       0x54 /home/clnx/SimplicityStudio/SimplicityStudio_v3/developer/toolchains/gnu_arm/4.8_2013q4/bin/../lib/gcc/arm-none-eabi/4.8.3/armv7-m/crtbegin.o
 .text          0x00000130       0x74 /home/clnx/SimplicityStudio/SimplicityStudio_v3/developer/toolchains/gnu_arm/4.8_2013q4/bin/../lib/gcc/arm-none-eabi/4.8.3/../../../../arm-none-eabi/lib/armv7-m/crt0.o
                0x00000130                _mainCRTStartup
                0x00000130                _start
 .text.CHIP_Init
                0x000001a4       0x40 ./src/main.o
 .text.main     0x000001e4       0x20 ./src/main.o
                0x000001e4                main
 .text.assertEFM
                0x00000204        0xc ./emlib/em_assert.o
                0x00000204                assertEFM
 .text.EMU_Unlock
                0x00000210       0x18 ./emlib/em_emu.o
 .text.EMU_EnterEM4
                0x00000228       0x50 ./emlib/em_emu.o
                0x00000228                EMU_EnterEM4
 .text.RTC_CompareGet
                0x00000278       0x4c ./emlib/em_rtc.o
                0x00000278                RTC_CompareGet
 .text.RTC_CompareSet
                0x000002c4       0x54 ./emlib/em_rtc.o
                0x000002c4                RTC_CompareSet
 .text.SYSTEM_ChipRevisionGet
                0x00000318       0x80 ./emlib/em_system.o
                0x00000318                SYSTEM_ChipRevisionGet
 .text.INT_Disable
                0x00000398       0x2c ./Drivers/rtcdriver.o
 .text.INT_Enable
                0x000003c4       0x3c ./Drivers/rtcdriver.o
 .text.RTC_CounterGet
                0x00000400       0x18 ./Drivers/rtcdriver.o
 .text.RTC_IntClear
                0x00000418       0x1c ./Drivers/rtcdriver.o
 .text.RTC_IntDisable
                0x00000434       0x24 ./Drivers/rtcdriver.o
 .text.RTC_IntEnable
                0x00000458       0x24 ./Drivers/rtcdriver.o
 .text.RTC_IntGet
                0x0000047c       0x18 ./Drivers/rtcdriver.o
 .text.RTC_IRQHandler
                0x00000494       0xa4 ./Drivers/rtcdriver.o
                0x00000494                RTC_IRQHandler
 .text.checkAllTimers
                0x00000538      0x2a8 ./Drivers/rtcdriver.o
 .text.executeTimerCallbacks
                0x000007e0       0x64 ./Drivers/rtcdriver.o
 .text.rescheduleRtc
                0x00000844      0x10c ./Drivers/rtcdriver.o
 .text          0x00000950       0x30 ./CMSIS/efm32gg/startup_efm32gg.o
                0x00000950                Reset_Handler
                0x0000097c                TIMER2_IRQHandler
                0x0000097c                DebugMon_Handler
                0x0000097c                USART0_TX_IRQHandler
                0x0000097c                I2C0_IRQHandler
                0x0000097c                HardFault_Handler
                0x0000097c                LEUART1_IRQHandler
                0x0000097c                SysTick_Handler
                0x0000097c                USART1_RX_IRQHandler
                0x0000097c                PendSV_Handler
                0x0000097c                NMI_Handler
                0x0000097c                I2C1_IRQHandler
                0x0000097c                TIMER3_IRQHandler
                0x0000097c                USART1_TX_IRQHandler
                0x0000097c                MSC_IRQHandler
                0x0000097c                ADC0_IRQHandler
                0x0000097c                UsageFault_Handler
                0x0000097c                LEUART0_IRQHandler
                0x0000097c                GPIO_EVEN_IRQHandler
                0x0000097c                UART0_TX_IRQHandler
                0x0000097c                UART1_TX_IRQHandler
                0x0000097c                TIMER0_IRQHandler
                0x0000097c                LCD_IRQHandler
                0x0000097c                PCNT2_IRQHandler
                0x0000097c                UART0_RX_IRQHandler
                0x0000097c                LETIMER0_IRQHandler
                0x0000097c                TIMER1_IRQHandler
                0x0000097c                USART2_RX_IRQHandler
                0x0000097c                Default_Handler
                0x0000097c                EMU_IRQHandler
                0x0000097c                PCNT0_IRQHandler
                0x0000097c                USB_IRQHandler
                0x0000097c                BURTC_IRQHandler
                0x0000097c                PCNT1_IRQHandler
                0x0000097c                ACMP0_IRQHandler
                0x0000097c                USART0_RX_IRQHandler
                0x0000097c                MemManage_Handler
                0x0000097c                SVC_Handler
                0x0000097c                DAC0_IRQHandler
                0x0000097c                UART1_RX_IRQHandler
                0x0000097c                CMU_IRQHandler
                0x0000097c                EBI_IRQHandler
                0x0000097c                LESENSE_IRQHandler
                0x0000097c                GPIO_ODD_IRQHandler
                0x0000097c                AES_IRQHandler
                0x0000097c                VCMP_IRQHandler
                0x0000097c                DMA_IRQHandler
                0x0000097c                BusFault_Handler
                0x0000097c                USART2_TX_IRQHandler
 .text.SystemInit
                0x00000980        0xc ./CMSIS/efm32gg/system_efm32gg.o
                0x00000980                SystemInit
 .text.exit     0x0000098c       0x28 /home/clnx/SimplicityStudio/SimplicityStudio_v3/developer/toolchains/gnu_arm/4.8_2013q4/bin/../lib/gcc/arm-none-eabi/4.8.3/../../../../arm-none-eabi/lib/armv7-m/libc_s.a(lib_a-exit.o)
                0x0000098c                exit
 .text.__libc_init_array
                0x000009b4       0x4c /home/clnx/SimplicityStudio/SimplicityStudio_v3/developer/toolchains/gnu_arm/4.8_2013q4/bin/../lib/gcc/arm-none-eabi/4.8.3/../../../../arm-none-eabi/lib/armv7-m/libc_s.a(lib_a-init.o)
                0x000009b4                __libc_init_array
 .text.memset   0x00000a00       0x10 /home/clnx/SimplicityStudio/SimplicityStudio_v3/developer/toolchains/gnu_arm/4.8_2013q4/bin/../lib/gcc/arm-none-eabi/4.8.3/../../../../arm-none-eabi/lib/armv7-m/libc_s.a(lib_a-memset.o)
                0x00000a00                memset
 .text._exit    0x00000a10        0x4 /home/clnx/SimplicityStudio/SimplicityStudio_v3/developer/toolchains/gnu_arm/4.8_2013q4/bin/../lib/gcc/arm-none-eabi/4.8.3/../../../../arm-none-eabi/lib/armv7-m/libnosys.a(_exit.o)
                0x00000a10                _exit
 *(.init)
 .init          0x00000a14        0x4 /home/clnx/SimplicityStudio/SimplicityStudio_v3/developer/toolchains/gnu_arm/4.8_2013q4/bin/../lib/gcc/arm-none-eabi/4.8.3/armv7-m/crti.o
                0x00000a14                _init
 .init          0x00000a18        0x8 /home/clnx/SimplicityStudio/SimplicityStudio_v3/developer/toolchains/gnu_arm/4.8_2013q4/bin/../lib/gcc/arm-none-eabi/4.8.3/armv7-m/crtn.o
 *(.fini)
 .fini          0x00000a20        0x4 /home/clnx/SimplicityStudio/SimplicityStudio_v3/developer/toolchains/gnu_arm/4.8_2013q4/bin/../lib/gcc/arm-none-eabi/4.8.3/armv7-m/crti.o
                0x00000a20                _fini
 .fini          0x00000a24        0x8 /home/clnx/SimplicityStudio/SimplicityStudio_v3/developer/toolchains/gnu_arm/4.8_2013q4/bin/../lib/gcc/arm-none-eabi/4.8.3/armv7-m/crtn.o
 *crtbegin.o(.ctors)
 *crtbegin?.o(.ctors)
 *(EXCLUDE_FILE(*crtend.o *crtend?.o) .ctors)
 *(SORT(.ctors.*))
 *(.ctors)
 *crtbegin.o(.dtors)
 *crtbegin?.o(.dtors)
 *(EXCLUDE_FILE(*crtend.o *crtend?.o) .dtors)
 *(SORT(.dtors.*))
 *(.dtors)
 *(.rodata*)
 .rodata        0x00000a2c       0x10 ./src/main.o
 .rodata        0x00000a3c       0x5c ./emlib/em_rtc.o
 .rodata        0x00000a98       0x60 ./emlib/em_system.o
 .rodata.str1.1
                0x00000af8        0x2 /home/clnx/SimplicityStudio/SimplicityStudio_v3/developer/toolchains/gnu_arm/4.8_2013q4/bin/../lib/gcc/arm-none-eabi/4.8.3/../../../../arm-none-eabi/lib/armv7-m/libc_s.a(lib_a-impure.o)
 *fill*         0x00000afa        0x2 
 .rodata._global_impure_ptr
                0x00000afc        0x4 /home/clnx/SimplicityStudio/SimplicityStudio_v3/developer/toolchains/gnu_arm/4.8_2013q4/bin/../lib/gcc/arm-none-eabi/4.8.3/../../../../arm-none-eabi/lib/armv7-m/libc_s.a(lib_a-impure.o)
                0x00000afc                _global_impure_ptr
 *(.eh_frame*)
 .eh_frame      0x00000b00        0x0 /home/clnx/SimplicityStudio/SimplicityStudio_v3/developer/toolchains/gnu_arm/4.8_2013q4/bin/../lib/gcc/arm-none-eabi/4.8.3/armv7-m/crtbegin.o
 .eh_frame      0x00000b00        0x4 /home/clnx/SimplicityStudio/SimplicityStudio_v3/developer/toolchains/gnu_arm/4.8_2013q4/bin/../lib/gcc/arm-none-eabi/4.8.3/armv7-m/crtend.o

.glue_7         0x00000b04        0x0
 .glue_7        0x00000000        0x0 linker stubs

.glue_7t        0x00000b04        0x0
 .glue_7t       0x00000000        0x0 linker stubs

.vfp11_veneer   0x00000b04        0x0
 .vfp11_veneer  0x00000000        0x0 linker stubs

.v4_bx          0x00000b04        0x0
 .v4_bx         0x00000000        0x0 linker stubs

.iplt           0x00000b04        0x0
 .iplt          0x00000000        0x0 /home/clnx/SimplicityStudio/SimplicityStudio_v3/developer/toolchains/gnu_arm/4.8_2013q4/bin/../lib/gcc/arm-none-eabi/4.8.3/armv7-m/crtbegin.o

.ARM.extab
 *(.ARM.extab* .gnu.linkonce.armextab.*)
                0x00000b04                __exidx_start = .

.ARM.exidx      0x00000b04        0x8
 *(.ARM.exidx* .gnu.linkonce.armexidx.*)
 .ARM.exidx     0x00000b04        0x8 /home/clnx/SimplicityStudio/SimplicityStudio_v3/developer/toolchains/gnu_arm/4.8_2013q4/bin/../lib/gcc/arm-none-eabi/4.8.3/../../../../arm-none-eabi/lib/armv7-m/crt0.o
                0x00000b0c                __exidx_end = .
                0x00000b0c                __etext = .

.rel.dyn        0x00000b0c        0x0
 .rel.iplt      0x00000000        0x0 /home/clnx/SimplicityStudio/SimplicityStudio_v3/developer/toolchains/gnu_arm/4.8_2013q4/bin/../lib/gcc/arm-none-eabi/4.8.3/armv7-m/crtbegin.o

.data           0x20000000       0x6c load address 0x00000b0c
                0x20000000                __data_start__ = .
 *(vtable)
 *(.data*)
 .data.impure_data
                0x20000000       0x60 /home/clnx/SimplicityStudio/SimplicityStudio_v3/developer/toolchains/gnu_arm/4.8_2013q4/bin/../lib/gcc/arm-none-eabi/4.8.3/../../../../arm-none-eabi/lib/armv7-m/libc_s.a(lib_a-impure.o)
                0x20000060                . = ALIGN (0x4)
 *(.ram)
                0x20000060                . = ALIGN (0x4)
                0x20000060                PROVIDE (__preinit_array_start, .)
 *(.preinit_array)
                0x20000060                PROVIDE (__preinit_array_end, .)
                0x20000060                . = ALIGN (0x4)
                0x20000060                PROVIDE (__init_array_start, .)
 *(SORT(.init_array.*))
 *(.init_array)
 .init_array    0x20000060        0x4 /home/clnx/SimplicityStudio/SimplicityStudio_v3/developer/toolchains/gnu_arm/4.8_2013q4/bin/../lib/gcc/arm-none-eabi/4.8.3/armv7-m/crtbegin.o
                0x20000064                PROVIDE (__init_array_end, .)
                0x20000064                . = ALIGN (0x4)
                0x20000064                PROVIDE (__fini_array_start, .)
 *(SORT(.fini_array.*))
 *(.fini_array)
 .fini_array    0x20000064        0x4 /home/clnx/SimplicityStudio/SimplicityStudio_v3/developer/toolchains/gnu_arm/4.8_2013q4/bin/../lib/gcc/arm-none-eabi/4.8.3/armv7-m/crtbegin.o
                0x20000068                PROVIDE (__fini_array_end, .)
 *(.jcr*)
 .jcr           0x20000068        0x0 /home/clnx/SimplicityStudio/SimplicityStudio_v3/developer/toolchains/gnu_arm/4.8_2013q4/bin/../lib/gcc/arm-none-eabi/4.8.3/armv7-m/crtbegin.o
 .jcr           0x20000068        0x4 /home/clnx/SimplicityStudio/SimplicityStudio_v3/developer/toolchains/gnu_arm/4.8_2013q4/bin/../lib/gcc/arm-none-eabi/4.8.3/armv7-m/crtend.o
                0x2000006c                . = ALIGN (0x4)
                0x2000006c                __data_end__ = .

.igot.plt       0x2000006c        0x0 load address 0x00000b78
 .igot.plt      0x00000000        0x0 /home/clnx/SimplicityStudio/SimplicityStudio_v3/developer/toolchains/gnu_arm/4.8_2013q4/bin/../lib/gcc/arm-none-eabi/4.8.3/armv7-m/crtbegin.o

.bss            0x20000070       0x50 load address 0x00000b80
                0x20000070                . = ALIGN (0x4)
                0x20000070                __bss_start__ = .
 *(.bss*)
 .bss           0x20000070       0x1c /home/clnx/SimplicityStudio/SimplicityStudio_v3/developer/toolchains/gnu_arm/4.8_2013q4/bin/../lib/gcc/arm-none-eabi/4.8.3/armv7-m/crtbegin.o
 .bss.INT_LockCnt
                0x2000008c        0x4 ./emlib/em_int.o
                0x2000008c                INT_LockCnt
 .bss.timer     0x20000090       0x28 ./Drivers/rtcdriver.o
 .bss.lastStart
                0x200000b8        0x4 ./Drivers/rtcdriver.o
 .bss.inTimerIRQ
                0x200000bc        0x1 ./Drivers/rtcdriver.o
 .bss.rtcRunning
                0x200000bd        0x1 ./Drivers/rtcdriver.o
 *(COMMON)
                0x200000c0                . = ALIGN (0x4)
 *fill*         0x200000be        0x2 
                0x200000c0                __bss_end__ = .

.heap           0x200000c0      0xc00
                0x200000c0                __HeapBase = .
                0x200000c0                __end__ = .
                0x200000c0                end = __end__
                0x200000c0                _end = __end__
 *(.heap*)
 .heap          0x200000c0      0xc00 ./CMSIS/efm32gg/startup_efm32gg.o
                0x20000cc0                __HeapLimit = .

.stack_dummy    0x200000c0      0x400
 *(.stack*)
 .stack         0x200000c0      0x400 ./CMSIS/efm32gg/startup_efm32gg.o
                0x20020000                __StackTop = (ORIGIN (RAM) + 0x20000)
                0x2001fc00                __StackLimit = (__StackTop - SIZEOF (.stack_dummy))
                0x20020000                PROVIDE (__stack, __StackTop)
                0x00000001                ASSERT ((__StackLimit >= __HeapLimit), region RAM overflowed with stack)
                0x00000001                ASSERT ((0x100000 >= (__etext + SIZEOF (.data))), FLASH memory overflowed !)
OUTPUT(Giant-Gecko-Mode4-Energy-Profiling.axf elf32-littlearm)

.ARM.attributes
                0x00000000       0x29
 .ARM.attributes
                0x00000000       0x1d /home/clnx/SimplicityStudio/SimplicityStudio_v3/developer/toolchains/gnu_arm/4.8_2013q4/bin/../lib/gcc/arm-none-eabi/4.8.3/armv7-m/crti.o
 .ARM.attributes
                0x0000001d       0x2d /home/clnx/SimplicityStudio/SimplicityStudio_v3/developer/toolchains/gnu_arm/4.8_2013q4/bin/../lib/gcc/arm-none-eabi/4.8.3/armv7-m/crtbegin.o
 .ARM.attributes
                0x0000004a       0x1b /home/clnx/SimplicityStudio/SimplicityStudio_v3/developer/toolchains/gnu_arm/4.8_2013q4/bin/../lib/gcc/arm-none-eabi/4.8.3/../../../../arm-none-eabi/lib/armv7-m/crt0.o
 .ARM.attributes
                0x00000065       0x33 ./src/main.o
 .ARM.attributes
                0x00000098       0x33 ./emlib/em_assert.o
 .ARM.attributes
                0x000000cb       0x33 ./emlib/em_emu.o
 .ARM.attributes
                0x000000fe       0x33 ./emlib/em_int.o
 .ARM.attributes
                0x00000131       0x33 ./emlib/em_rtc.o
 .ARM.attributes
                0x00000164       0x33 ./emlib/em_system.o
 .ARM.attributes
                0x00000197       0x33 ./Drivers/rtcdriver.o
 .ARM.attributes
                0x000001ca       0x1b ./CMSIS/efm32gg/startup_efm32gg.o
 .ARM.attributes
                0x000001e5       0x33 ./CMSIS/efm32gg/system_efm32gg.o
 .ARM.attributes
                0x00000218       0x2d /home/clnx/SimplicityStudio/SimplicityStudio_v3/developer/toolchains/gnu_arm/4.8_2013q4/bin/../lib/gcc/arm-none-eabi/4.8.3/../../../../arm-none-eabi/lib/armv7-m/libc_s.a(lib_a-exit.o)
 .ARM.attributes
                0x00000245       0x2d /home/clnx/SimplicityStudio/SimplicityStudio_v3/developer/toolchains/gnu_arm/4.8_2013q4/bin/../lib/gcc/arm-none-eabi/4.8.3/../../../../arm-none-eabi/lib/armv7-m/libc_s.a(lib_a-impure.o)
 .ARM.attributes
                0x00000272       0x2d /home/clnx/SimplicityStudio/SimplicityStudio_v3/developer/toolchains/gnu_arm/4.8_2013q4/bin/../lib/gcc/arm-none-eabi/4.8.3/../../../../arm-none-eabi/lib/armv7-m/libc_s.a(lib_a-init.o)
 .ARM.attributes
                0x0000029f       0x2d /home/clnx/SimplicityStudio/SimplicityStudio_v3/developer/toolchains/gnu_arm/4.8_2013q4/bin/../lib/gcc/arm-none-eabi/4.8.3/../../../../arm-none-eabi/lib/armv7-m/libc_s.a(lib_a-memset.o)
 .ARM.attributes
                0x000002cc       0x2d /home/clnx/SimplicityStudio/SimplicityStudio_v3/developer/toolchains/gnu_arm/4.8_2013q4/bin/../lib/gcc/arm-none-eabi/4.8.3/../../../../arm-none-eabi/lib/armv7-m/libnosys.a(_exit.o)
 .ARM.attributes
                0x000002f9       0x2d /home/clnx/SimplicityStudio/SimplicityStudio_v3/developer/toolchains/gnu_arm/4.8_2013q4/bin/../lib/gcc/arm-none-eabi/4.8.3/armv7-m/crtend.o
 .ARM.attributes
                0x00000326       0x1d /home/clnx/SimplicityStudio/SimplicityStudio_v3/developer/toolchains/gnu_arm/4.8_2013q4/bin/../lib/gcc/arm-none-eabi/4.8.3/armv7-m/crtn.o

.comment        0x00000000       0x70
 .comment       0x00000000       0x70 ./src/main.o
                                 0x71 (size before relaxing)
 .comment       0x00000000       0x71 ./emlib/em_assert.o
 .comment       0x00000000       0x71 ./emlib/em_emu.o
 .comment       0x00000000       0x71 ./emlib/em_int.o
 .comment       0x00000000       0x71 ./emlib/em_rtc.o
 .comment       0x00000000       0x71 ./emlib/em_system.o
 .comment       0x00000000       0x71 ./Drivers/rtcdriver.o
 .comment       0x00000000       0x71 ./CMSIS/efm32gg/system_efm32gg.o

.debug_info     0x00000000     0x2905
 .debug_info    0x00000000      0x154 ./src/main.o
 .debug_info    0x00000154       0x76 ./emlib/em_assert.o
 .debug_info    0x000001ca      0xd7c ./emlib/em_emu.o
 .debug_info    0x00000f46       0xa2 ./emlib/em_int.o
 .debug_info    0x00000fe8      0x329 ./emlib/em_rtc.o
 .debug_info    0x00001311      0x241 ./emlib/em_system.o
 .debug_info    0x00001552      0xd23 ./Drivers/rtcdriver.o
 .debug_info    0x00002275      0x133 ./CMSIS/efm32gg/startup_efm32gg.o
 .debug_info    0x000023a8      0x55d ./CMSIS/efm32gg/system_efm32gg.o

.debug_abbrev   0x00000000      0xa97
 .debug_abbrev  0x00000000       0xd5 ./src/main.o
 .debug_abbrev  0x000000d5       0x63 ./emlib/em_assert.o
 .debug_abbrev  0x00000138      0x252 ./emlib/em_emu.o
 .debug_abbrev  0x0000038a       0x5a ./emlib/em_int.o
 .debug_abbrev  0x000003e4      0x17c ./emlib/em_rtc.o
 .debug_abbrev  0x00000560       0xed ./emlib/em_system.o
 .debug_abbrev  0x0000064d      0x2cb ./Drivers/rtcdriver.o
 .debug_abbrev  0x00000918       0x14 ./CMSIS/efm32gg/startup_efm32gg.o
 .debug_abbrev  0x0000092c      0x16b ./CMSIS/efm32gg/system_efm32gg.o

.debug_loc      0x00000000      0xd84
 .debug_loc     0x00000000       0x64 ./src/main.o
 .debug_loc     0x00000064       0x38 ./emlib/em_assert.o
 .debug_loc     0x0000009c      0x3b4 ./emlib/em_emu.o
 .debug_loc     0x00000450      0x1a8 ./emlib/em_rtc.o
 .debug_loc     0x000005f8       0x70 ./emlib/em_system.o
 .debug_loc     0x00000668      0x508 ./Drivers/rtcdriver.o
 .debug_loc     0x00000b70      0x214 ./CMSIS/efm32gg/system_efm32gg.o

.debug_aranges  0x00000000      0x2f0
 .debug_aranges
                0x00000000       0x28 ./src/main.o
 .debug_aranges
                0x00000028       0x20 ./emlib/em_assert.o
 .debug_aranges
                0x00000048       0xa8 ./emlib/em_emu.o
 .debug_aranges
                0x000000f0       0x18 ./emlib/em_int.o
 .debug_aranges
                0x00000108       0x58 ./emlib/em_rtc.o
 .debug_aranges
                0x00000160       0x28 ./emlib/em_system.o
 .debug_aranges
                0x00000188       0xd8 ./Drivers/rtcdriver.o
 .debug_aranges
                0x00000260       0x20 ./CMSIS/efm32gg/startup_efm32gg.o
 .debug_aranges
                0x00000280       0x70 ./CMSIS/efm32gg/system_efm32gg.o

.debug_ranges   0x00000000      0x248
 .debug_ranges  0x00000000       0x18 ./src/main.o
 .debug_ranges  0x00000018       0x10 ./emlib/em_assert.o
 .debug_ranges  0x00000028       0x98 ./emlib/em_emu.o
 .debug_ranges  0x000000c0       0x48 ./emlib/em_rtc.o
 .debug_ranges  0x00000108       0x18 ./emlib/em_system.o
 .debug_ranges  0x00000120       0xc8 ./Drivers/rtcdriver.o
 .debug_ranges  0x000001e8       0x60 ./CMSIS/efm32gg/system_efm32gg.o

.debug_line     0x00000000     0x18af
 .debug_line    0x00000000      0x1b3 ./src/main.o
 .debug_line    0x000001b3       0x92 ./emlib/em_assert.o
 .debug_line    0x00000245      0x523 ./emlib/em_emu.o
 .debug_line    0x00000768      0x159 ./emlib/em_int.o
 .debug_line    0x000008c1      0x318 ./emlib/em_rtc.o
 .debug_line    0x00000bd9      0x299 ./emlib/em_system.o
 .debug_line    0x00000e72      0x67a ./Drivers/rtcdriver.o
 .debug_line    0x000014ec       0xcb ./CMSIS/efm32gg/startup_efm32gg.o
 .debug_line    0x000015b7      0x2f8 ./CMSIS/efm32gg/system_efm32gg.o

.debug_str      0x00000000     0x167e
 .debug_str     0x00000000      0x23a ./src/main.o
                                0x276 (size before relaxing)
 .debug_str     0x0000023a       0x72 ./emlib/em_assert.o
                                0x148 (size before relaxing)
 .debug_str     0x000002ac      0x681 ./emlib/em_emu.o
                                0x833 (size before relaxing)
 .debug_str     0x0000092d       0x67 ./emlib/em_int.o
                                0x1e3 (size before relaxing)
 .debug_str     0x00000994      0x106 ./emlib/em_rtc.o
                                0x2c9 (size before relaxing)
 .debug_str     0x00000a9a       0xc4 ./emlib/em_system.o
                                0x2b5 (size before relaxing)
 .debug_str     0x00000b5e      0x928 ./Drivers/rtcdriver.o
                                0xba2 (size before relaxing)
 .debug_str     0x00001486      0x1f8 ./CMSIS/efm32gg/system_efm32gg.o
                                0x4a2 (size before relaxing)

.debug_frame    0x00000000      0x88c
 .debug_frame   0x00000000       0x4c ./src/main.o
 .debug_frame   0x0000004c       0x2c ./emlib/em_assert.o
 .debug_frame   0x00000078      0x21c ./emlib/em_emu.o
 .debug_frame   0x00000294       0xf8 ./emlib/em_rtc.o
 .debug_frame   0x0000038c       0x50 ./emlib/em_system.o
 .debug_frame   0x000003dc      0x2e4 ./Drivers/rtcdriver.o
 .debug_frame   0x000006c0      0x138 ./CMSIS/efm32gg/system_efm32gg.o
 .debug_frame   0x000007f8       0x28 /home/clnx/SimplicityStudio/SimplicityStudio_v3/developer/toolchains/gnu_arm/4.8_2013q4/bin/../lib/gcc/arm-none-eabi/4.8.3/../../../../arm-none-eabi/lib/armv7-m/libc_s.a(lib_a-exit.o)
 .debug_frame   0x00000820       0x2c /home/clnx/SimplicityStudio/SimplicityStudio_v3/developer/toolchains/gnu_arm/4.8_2013q4/bin/../lib/gcc/arm-none-eabi/4.8.3/../../../../arm-none-eabi/lib/armv7-m/libc_s.a(lib_a-init.o)
 .debug_frame   0x0000084c       0x20 /home/clnx/SimplicityStudio/SimplicityStudio_v3/developer/toolchains/gnu_arm/4.8_2013q4/bin/../lib/gcc/arm-none-eabi/4.8.3/../../../../arm-none-eabi/lib/armv7-m/libc_s.a(lib_a-memset.o)
 .debug_frame   0x0000086c       0x20 /home/clnx/SimplicityStudio/SimplicityStudio_v3/developer/toolchains/gnu_arm/4.8_2013q4/bin/../lib/gcc/arm-none-eabi/4.8.3/../../../../arm-none-eabi/lib/armv7-m/libnosys.a(_exit.o)
